Component: ARM Compiler 5.06 update 6 (build 750) Tool: armlink [4d35ed]

==============================================================================

Section Cross References

    startup_stm32l476xx.o(RESET) refers to startup_stm32l476xx.o(STACK) for __initial_sp
    startup_stm32l476xx.o(RESET) refers to startup_stm32l476xx.o(.text) for Reset_Handler
    startup_stm32l476xx.o(RESET) refers to port.o(.emb_text) for SVC_Handler
    startup_stm32l476xx.o(RESET) refers to stm32l4xx_it.o(i.SysTick_Handler) for SysTick_Handler
    startup_stm32l476xx.o(RESET) refers to stm32l4xx_it.o(i.TIM5_IRQHandler) for TIM5_IRQHandler
    startup_stm32l476xx.o(RESET) refers to stm32l4xx_it.o(i.OTG_FS_IRQHandler) for OTG_FS_IRQHandler
    startup_stm32l476xx.o(.text) refers to system_stm32l4xx.o(i.SystemInit) for SystemInit
    startup_stm32l476xx.o(.text) refers to entry.o(.ARM.Collect$$$$00000000) for __main
    usbh_core.o(i.USBH_DeInit) refers to usbh_core.o(i.DeInitStateMachine) for DeInitStateMachine
    usbh_core.o(i.USBH_DeInit) refers to usbh_conf.o(i.USBH_LL_Stop) for USBH_LL_Stop
    usbh_core.o(i.USBH_HandleEnum) refers to usbh_ctlreq.o(i.USBH_Get_DevDesc) for USBH_Get_DevDesc
    usbh_core.o(i.USBH_HandleEnum) refers to usbh_ctlreq.o(i.USBH_SetAddress) for USBH_SetAddress
    usbh_core.o(i.USBH_HandleEnum) refers to usbh_conf.o(i.USBH_Delay) for USBH_Delay
    usbh_core.o(i.USBH_HandleEnum) refers to usbh_pipes.o(i.USBH_OpenPipe) for USBH_OpenPipe
    usbh_core.o(i.USBH_HandleEnum) refers to usbh_ctlreq.o(i.USBH_Get_CfgDesc) for USBH_Get_CfgDesc
    usbh_core.o(i.USBH_HandleEnum) refers to usbh_ctlreq.o(i.USBH_Get_StringDesc) for USBH_Get_StringDesc
    usbh_core.o(i.USBH_HandleEnum) refers to cmsis_os.o(i.osMessagePut) for osMessagePut
    usbh_core.o(i.USBH_Init) refers to usbh_core.o(i.DeInitStateMachine) for DeInitStateMachine
    usbh_core.o(i.USBH_Init) refers to cmsis_os.o(i.osMessageCreate) for osMessageCreate
    usbh_core.o(i.USBH_Init) refers to memcpya.o(.text) for __aeabi_memcpy4
    usbh_core.o(i.USBH_Init) refers to cmsis_os.o(i.osThreadCreate) for osThreadCreate
    usbh_core.o(i.USBH_Init) refers to usbh_conf.o(i.USBH_LL_Init) for USBH_LL_Init
    usbh_core.o(i.USBH_Init) refers to usbh_core.o(.constdata) for .constdata
    usbh_core.o(i.USBH_LL_Connect) refers to cmsis_os.o(i.osMessagePut) for osMessagePut
    usbh_core.o(i.USBH_LL_Disconnect) refers to usbh_conf.o(i.USBH_LL_Stop) for USBH_LL_Stop
    usbh_core.o(i.USBH_LL_Disconnect) refers to usbh_pipes.o(i.USBH_FreePipe) for USBH_FreePipe
    usbh_core.o(i.USBH_LL_Disconnect) refers to usbh_conf.o(i.USBH_LL_Start) for USBH_LL_Start
    usbh_core.o(i.USBH_LL_Disconnect) refers to cmsis_os.o(i.osMessagePut) for osMessagePut
    usbh_core.o(i.USBH_LL_NotifyURBChange) refers to cmsis_os.o(i.osMessagePut) for osMessagePut
    usbh_core.o(i.USBH_Process) refers to usbh_conf.o(i.USBH_Delay) for USBH_Delay
    usbh_core.o(i.USBH_Process) refers to usbh_conf.o(i.USBH_LL_ResetPort) for USBH_LL_ResetPort
    usbh_core.o(i.USBH_Process) refers to usbh_conf.o(i.USBH_LL_GetSpeed) for USBH_LL_GetSpeed
    usbh_core.o(i.USBH_Process) refers to usbh_pipes.o(i.USBH_AllocPipe) for USBH_AllocPipe
    usbh_core.o(i.USBH_Process) refers to usbh_pipes.o(i.USBH_OpenPipe) for USBH_OpenPipe
    usbh_core.o(i.USBH_Process) refers to usbh_core.o(i.USBH_HandleEnum) for USBH_HandleEnum
    usbh_core.o(i.USBH_Process) refers to usbh_ctlreq.o(i.USBH_SetCfg) for USBH_SetCfg
    usbh_core.o(i.USBH_Process) refers to cmsis_os.o(i.osMessagePut) for osMessagePut
    usbh_core.o(i.USBH_Process) refers to usbh_core.o(i.DeInitStateMachine) for DeInitStateMachine
    usbh_core.o(i.USBH_Process_OS) refers to cmsis_os.o(i.osMessageGet) for osMessageGet
    usbh_core.o(i.USBH_Process_OS) refers to usbh_core.o(i.USBH_Process) for USBH_Process
    usbh_core.o(i.USBH_ReEnumerate) refers to usbh_core.o(i.USBH_Stop) for USBH_Stop
    usbh_core.o(i.USBH_ReEnumerate) refers to usbh_conf.o(i.USBH_Delay) for USBH_Delay
    usbh_core.o(i.USBH_ReEnumerate) refers to usbh_core.o(i.DeInitStateMachine) for DeInitStateMachine
    usbh_core.o(i.USBH_ReEnumerate) refers to usbh_core.o(i.USBH_Start) for USBH_Start
    usbh_core.o(i.USBH_ReEnumerate) refers to cmsis_os.o(i.osMessagePut) for osMessagePut
    usbh_core.o(i.USBH_Start) refers to usbh_conf.o(i.USBH_LL_Start) for USBH_LL_Start
    usbh_core.o(i.USBH_Start) refers to usbh_conf.o(i.USBH_LL_DriverVBUS) for USBH_LL_DriverVBUS
    usbh_core.o(i.USBH_Stop) refers to usbh_conf.o(i.USBH_LL_Stop) for USBH_LL_Stop
    usbh_core.o(i.USBH_Stop) refers to usbh_conf.o(i.USBH_LL_DriverVBUS) for USBH_LL_DriverVBUS
    usbh_core.o(i.USBH_Stop) refers to usbh_pipes.o(i.USBH_FreePipe) for USBH_FreePipe
    usbh_core.o(.constdata) refers to usbh_core.o(.conststring) for .conststring
    usbh_core.o(.constdata) refers to usbh_core.o(i.USBH_Process_OS) for USBH_Process_OS
[...]
    _printf_core                             0x08004461   Thumb Code   748  printf6.o(i._printf_core)
    i._printf_post_padding                   0x08004756   Section        0  printf6.o(i._printf_post_padding)
    _printf_post_padding                     0x08004757   Thumb Code    36  printf6.o(i._printf_post_padding)
    i._printf_pre_padding                    0x0800477a   Section        0  printf6.o(i._printf_pre_padding)
    _printf_pre_padding                      0x0800477b   Thumb Code    46  printf6.o(i._printf_pre_padding)
    i._sputc                                 0x080047a8   Section        0  printf6.o(i._sputc)
    _sputc                                   0x080047a9   Thumb Code    10  printf6.o(i._sputc)
    i.free                                   0x080047b4   Section        0  malloc.o(i.free)
    i.inHandlerMode                          0x08004804   Section        0  cmsis_os.o(i.inHandlerMode)
    inHandlerMode                            0x08004805   Thumb Code    12  cmsis_os.o(i.inHandlerMode)
    i.main                                   0x08004810   Section        0  main.o(i.main)
    i.makeFreeRtosPriority                   0x08004854   Section        0  cmsis_os.o(i.makeFreeRtosPriority)
    makeFreeRtosPriority                     0x08004855   Thumb Code    12  cmsis_os.o(i.makeFreeRtosPriority)
    i.malloc                                 0x08004860   Section        0  malloc.o(i.malloc)
    i.osDelay                                0x080048cc   Section        0  cmsis_os.o(i.osDelay)
    i.osKernelStart                          0x080048da   Section        0  cmsis_os.o(i.osKernelStart)
    i.osMessageCreate                        0x080048e4   Section        0  cmsis_os.o(i.osMessageCreate)
    i.osMessageGet                           0x080048ec   Section        0  cmsis_os.o(i.osMessageGet)
    i.osMessagePut                           0x0800498c   Section        0  cmsis_os.o(i.osMessagePut)
    i.osThreadCreate                         0x080049e8   Section        0  cmsis_os.o(i.osThreadCreate)
    i.prvAddCurrentTaskToDelayedList         0x08004a18   Section        0  tasks.o(i.prvAddCurrentTaskToDelayedList)
    prvAddCurrentTaskToDelayedList           0x08004a19   Thumb Code   102  tasks.o(i.prvAddCurrentTaskToDelayedList)
    i.prvAddNewTaskToReadyList               0x08004a88   Section        0  tasks.o(i.prvAddNewTaskToReadyList)
    prvAddNewTaskToReadyList                 0x08004a89   Thumb Code   194  tasks.o(i.prvAddNewTaskToReadyList)
    i.prvCheckTasksWaitingTermination        0x08004b58   Section        0  tasks.o(i.prvCheckTasksWaitingTermination)
    prvCheckTasksWaitingTermination          0x08004b59   Thumb Code    74  tasks.o(i.prvCheckTasksWaitingTermination)
    i.prvCopyDataFromQueue                   0x08004bac   Section        0  queue.o(i.prvCopyDataFromQueue)
    prvCopyDataFromQueue                     0x08004bad   Thumb Code    38  queue.o(i.prvCopyDataFromQueue)
    i.prvCopyDataToQueue                     0x08004bd2   Section        0  queue.o(i.prvCopyDataToQueue)
    prvCopyDataToQueue                       0x08004bd3   Thumb Code   108  queue.o(i.prvCopyDataToQueue)
    i.prvDeleteTCB                           0x08004c3e   Section        0  tasks.o(i.prvDeleteTCB)
    prvDeleteTCB                             0x08004c3f   Thumb Code    20  tasks.o(i.prvDeleteTCB)
    i.prvHeapInit                            0x08004c54   Section        0  heap_4.o(i.prvHeapInit)
    prvHeapInit                              0x08004c55   Thumb Code    64  heap_4.o(i.prvHeapInit)
    i.prvIdleTask                            0x08004c9c   Section        0  tasks.o(i.prvIdleTask)
    prvIdleTask                              0x08004c9d   Thumb Code    30  tasks.o(i.prvIdleTask)
    i.prvInitialiseNewTask                   0x08004cc4   Section        0  tasks.o(i.prvInitialiseNewTask)
    prvInitialiseNewTask                     0x08004cc5   Thumb Code   142  tasks.o(i.prvInitialiseNewTask)
    i.prvInsertBlockIntoFreeList             0x08004d54   Section        0  heap_4.o(i.prvInsertBlockIntoFreeList)
    prvInsertBlockIntoFreeList               0x08004d55   Thumb Code    72  heap_4.o(i.prvInsertBlockIntoFreeList)
    i.prvIsQueueEmpty                        0x08004da0   Section        0  queue.o(i.prvIsQueueEmpty)
    prvIsQueueEmpty                          0x08004da1   Thumb Code    26  queue.o(i.prvIsQueueEmpty)
    i.prvResetNextTaskUnblockTime            0x08004dbc   Section        0  tasks.o(i.prvResetNextTaskUnblockTime)
    prvResetNextTaskUnblockTime              0x08004dbd   Thumb Code    26  tasks.o(i.prvResetNextTaskUnblockTime)
    i.prvTaskExitError                       0x08004ddc   Section        0  port.o(i.prvTaskExitError)
    prvTaskExitError                         0x08004ddd   Thumb Code    36  port.o(i.prvTaskExitError)
    i.prvUnlockQueue                         0x08004e04   Section        0  queue.o(i.prvUnlockQueue)
    prvUnlockQueue                           0x08004e05   Thumb Code   106  queue.o(i.prvUnlockQueue)
    i.pvPortMalloc                           0x08004e70   Section        0  heap_4.o(i.pvPortMalloc)
    i.pvTaskIncrementMutexHeldCount          0x08004f48   Section        0  tasks.o(i.pvTaskIncrementMutexHeldCount)
    i.pxPortInitialiseStack                  0x08004f60   Section        0  port.o(i.pxPortInitialiseStack)
    i.uxListRemove                           0x08004f8c   Section        0  list.o(i.uxListRemove)
    i.vCustomer_Gen                          0x08004fb0   Section        0  main.o(i.vCustomer_Gen)
    i.vListInitialise                        0x08005068   Section        0  list.o(i.vListInitialise)
    i.vListInitialiseItem                    0x0800507e   Section        0  list.o(i.vListInitialiseItem)
    i.vListInsert                            0x08005084   Section        0  list.o(i.vListInsert)
    i.vListInsertEnd                         0x080050b4   Section        0  list.o(i.vListInsertEnd)
    i.vPortEnterCritical                     0x080050cc   Section        0  port.o(i.vPortEnterCritical)
    i.vPortExitCritical                      0x0800510c   Section        0  port.o(i.vPortExitCritical)
    i.vPortFree                              0x08005134   Section        0  heap_4.o(i.vPortFree)
    i.vPortSetupTimerInterrupt               0x08005190   Section        0  port.o(i.vPortSetupTimerInterrupt)
    i.vPortValidateInterruptPriority         0x080051b0   Section        0  port.o(i.vPortValidateInterruptPriority)
    i.vTaskDelay                             0x08005204   Section        0  tasks.o(i.vTaskDelay)
    i.vTaskMissedYield                       0x08005250   Section        0  tasks.o(i.vTaskMissedYield)
    i.vTaskPlaceOnEventList                  0x0800525c   Section        0  tasks.o(i.vTaskPlaceOnEventList)
    i.vTaskPriorityInherit                   0x0800528c   Section        0  tasks.o(i.vTaskPriorityInherit)
    i.vTaskSetTimeOutState                   0x08005310   Section        0  tasks.o(i.vTaskSetTimeOutState)
    i.vTaskStartScheduler                    0x08005334   Section        0  tasks.o(i.vTaskStartScheduler)
    i.vTaskSuspendAll                        0x0800539c   Section        0  tasks.o(i.vTaskSuspendAll)
    i.vTaskSwitchContext                     0x080053ac   Section        0  tasks.o(i.vTaskSwitchContext)
    i.xPortStartScheduler                    0x08005408   Section        0  port.o(i.xPortStartScheduler)
    i.xPortSysTickHandler                    0x080054ec   Section        0  port.o(i.xPortSysTickHandler)
    i.xQueueGenericCreate                    0x08005518   Section        0  queue.o(i.xQueueGenericCreate)
    i.xQueueGenericReceive                   0x08005560   Section        0  queue.o(i.xQueueGenericReceive)
    i.xQueueGenericReset                     0x080056d8   Section        0  queue.o(i.xQueueGenericReset)
    i.xQueueGenericSend                      0x08005760   Section        0  queue.o(i.xQueueGenericSend)
    i.xQueueGenericSendFromISR               0x080058ca   Section        0  queue.o(i.xQueueGenericSendFromISR)
    i.xQueueReceiveFromISR                   0x08005986   Section        0  queue.o(i.xQueueReceiveFromISR)
    i.xTaskCheckForTimeOut                   0x08005a20   Section        0  tasks.o(i.xTaskCheckForTimeOut)
    i.xTaskCreate                            0x08005a8c   Section        0  tasks.o(i.xTaskCreate)
    i.xTaskGetSchedulerState                 0x08005ae8   Section        0  tasks.o(i.xTaskGetSchedulerState)
    i.xTaskIncrementTick                     0x08005b04   Section        0  tasks.o(i.xTaskIncrementTick)
    i.xTaskPriorityDisinherit                0x08005bcc   Section        0  tasks.o(i.xTaskPriorityDisinherit)
    i.xTaskRemoveFromEventList               0x08005c64   Section        0  tasks.o(i.xTaskRemoveFromEventList)
    i.xTaskResumeAll                         0x08005cd8   Section        0  tasks.o(i.xTaskResumeAll)
    .constdata                               0x08005d9c   Section       28  usbh_core.o(.constdata)
    .constdata                               0x08005db8   Section       20  freertos.o(.constdata)
    .constdata                               0x08005dcc   Section       64  system_stm32l4xx.o(.constdata)
    .constdata                               0x08005e0c   Section        8  system_stm32l4xx.o(.constdata)
    .conststring                             0x08005e14   Section       12  usbh_core.o(.conststring)
    .conststring                             0x08005e20   Section        4  usbh_cdc.o(.conststring)
    .conststring                             0x08005e24   Section       12  freertos.o(.conststring)
    .data                                    0x20000000   Section       32  usbh_cdc.o(.data)
    .data                                    0x20000020   Section        4  stm32l4xx_hal.o(.data)
    .data                                    0x20000024   Section       24  heap_4.o(.data)
    pxEnd                                    0x20000024   Data           4  heap_4.o(.data)
    xFreeBytesRemaining                      0x20000028   Data           4  heap_4.o(.data)
    xMinimumEverFreeBytesRemaining           0x2000002c   Data           4  heap_4.o(.data)
    xBlockAllocatedBit                       0x20000030   Data           4  heap_4.o(.data)
    xStart                                   0x20000034   Data           8  heap_4.o(.data)
    .data                                    0x2000003c   Section       12  port.o(.data)
    ucMaxSysCallPriority                     0x2000003c   Data           1  port.o(.data)
    uxCriticalNesting                        0x20000040   Data           4  port.o(.data)
    ulMaxPRIGROUPValue                       0x20000044   Data           4  port.o(.data)
    .data                                    0x20000048   Section       60  tasks.o(.data)
    uxDeletedTasksWaitingCleanUp             0x2000004c   Data           4  tasks.o(.data)
    uxCurrentNumberOfTasks                   0x20000050   Data           4  tasks.o(.data)
    xTickCount                               0x20000054   Data           4  tasks.o(.data)
    uxTopReadyPriority                       0x20000058   Data           4  tasks.o(.data)
    xSchedulerRunning                        0x2000005c   Data           4  tasks.o(.data)
    uxPendedTicks                            0x20000060   Data           4  tasks.o(.data)
    xYieldPending                            0x20000064   Data           4  tasks.o(.data)
    xNumOfOverflows                          0x20000068   Data           4  tasks.o(.data)
    uxTaskNumber                             0x2000006c   Data           4  tasks.o(.data)
    xNextTaskUnblockTime                     0x20000070   Data           4  tasks.o(.data)
    xIdleTaskHandle                          0x20000074   Data           4  tasks.o(.data)
    uxSchedulerSuspended                     0x20000078   Data           4  tasks.o(.data)
    pxDelayedTaskList                        0x2000007c   Data           4  tasks.o(.data)
    pxOverflowDelayedTaskList                0x20000080   Data           4  tasks.o(.data)
    .data                                    0x20000084   Section        4  freertos.o(.data)
    .data                                    0x20000088   Section        1  usb_host.o(.data)
    .data                                    0x2000008c   Section        4  system_stm32l4xx.o(.data)
    .data                                    0x20000090   Section        4  mvars.o(.data)
    .data                                    0x20000094   Section        4  mvars.o(.data)
    .bss                                     0x20000098   Section     6000  heap_4.o(.bss)
    ucHeap                                   0x20000098   Data        6000  heap_4.o(.bss)
    .bss                                     0x20001808   Section      240  tasks.o(.bss)
    pxReadyTasksLists                        0x20001808   Data         140  tasks.o(.bss)
    xDelayedTaskList1                        0x20001894   Data          20  tasks.o(.bss)
    xDelayedTaskList2                        0x200018a8   Data          20  tasks.o(.bss)
    xPendingReadyList                        0x200018bc   Data          20  tasks.o(.bss)
    xTasksWaitingTermination                 0x200018d0   Data          20  tasks.o(.bss)
    xSuspendedTaskList                       0x200018e4   Data          20  tasks.o(.bss)
    .bss                                     0x200018f8   Section       32  main.o(.bss)
    .bss                                     0x20001918   Section      152  i2c.o(.bss)
    .bss                                     0x200019b0   Section      120  usart.o(.bss)
    .bss                                     0x20001a28   Section      976  usb_host.o(.bss)
    .bss                                     0x20001df8   Section      664  usbh_conf.o(.bss)
    .bss                                     0x20002090   Section       64  stm32l4xx_hal_timebase_tim.o(.bss)
    HEAP                                     0x200020d0   Section      512  startup_stm32l476xx.o(HEAP)
    STACK                                    0x200022d0   Section     1024  startup_stm32l476xx.o(STACK)

    Global Symbols

    Symbol Name                              Value     Ov Type        Size  Object(Section)

    BuildAttributes$$THM_ISAv4$E$P$D$K$B$S$7EM$VFPi3$EXTD16$VFPS$VFMA$PE$A:L22UL41UL21$X:L11$S22US41US21$IEEE1$IW$USESV6$~STKCKD$USESV7$~SHL$OSPACE$ROPI$EBA8$MICROLIB$REQ8$PRES8$EABIv2 0x00000000   Number         0  anon$$obj.o ABSOLUTE
    __ARM_use_no_argv                        0x00000000   Number         0  main.o ABSOLUTE
    _printf_a                                0x00000000   Number         0  stubs.o ABSOLUTE
    _printf_c                                0x00000000   Number         0  stubs.o ABSOLUTE
    _printf_charcount                        0x00000000   Number         0  stubs.o ABSOLUTE
    _printf_d                                0x00000000   Number         0  stubs.o ABSOLUTE
    _printf_e                                0x00000000   Number         0  stubs.o ABSOLUTE
    _printf_f                                0x00000000   Number         0  stubs.o ABSOLUTE
    _printf_flags                            0x00000000   Number         0  stubs.o ABSOLUTE
    _printf_fp_dec                           0x00000000   Number         0  stubs.o ABSOLUTE
    _printf_fp_hex                           0x00000000   Number         0  stubs.o ABSOLUTE
    _printf_g                                0x00000000   Number         0  stubs.o ABSOLUTE
    _printf_i                                0x00000000   Number         0  stubs.o ABSOLUTE
    _printf_int_dec                          0x00000000   Number         0  stubs.o ABSOLUTE
    _printf_l                                0x00000000   Number         0  stubs.o ABSOLUTE
    _printf_lc                               0x00000000   Number         0  stubs.o ABSOLUTE
    _printf_ll                               0x00000000   Number         0  stubs.o ABSOLUTE
    _printf_lld                              0x00000000   Number         0  stubs.o ABSOLUTE
    _printf_lli                              0x00000000   Number         0  stubs.o ABSOLUTE
    _printf_llo                              0x00000000   Number         0  stubs.o ABSOLUTE
    _printf_llu                              0x00000000   Number         0  stubs.o ABSOLUTE
    _printf_llx                              0x00000000   Number         0  stubs.o ABSOLUTE
    _printf_longlong_dec                     0x00000000   Number         0  stubs.o ABSOLUTE
    _printf_longlong_hex                     0x00000000   Number         0  stubs.o ABSOLUTE
    _printf_longlong_oct                     0x00000000   Number         0  stubs.o ABSOLUTE
    _printf_ls                               0x00000000   Number         0  stubs.o ABSOLUTE
    _printf_mbtowc                           0x00000000   Number         0  stubs.o ABSOLUTE
    _printf_n                                0x00000000   Number         0  stubs.o ABSOLUTE
    _printf_o                                0x00000000   Number         0  stubs.o ABSOLUTE
    _printf_p                                0x00000000   Number         0  stubs.o ABSOLUTE
    _printf_percent                          0x00000000   Number         0  stubs.o ABSOLUTE
    _printf_pre_padding                      0x00000000   Number         0  stubs.o ABSOLUTE
    _printf_return_value                     0x00000000   Number         0  stubs.o ABSOLUTE
    _printf_s                                0x00000000   Number         0  stubs.o ABSOLUTE
    _printf_sizespec                         0x00000000   Number         0  stubs.o ABSOLUTE
    _printf_str                              0x00000000   Number         0  stubs.o ABSOLUTE
    _printf_truncate_signed                  0x00000000   Number         0  stubs.o ABSOLUTE
    _printf_truncate_unsigned                0x00000000   Number         0  stubs.o ABSOLUTE
    _printf_u                                0x00000000   Number         0  stubs.o ABSOLUTE
    _printf_wc                               0x00000000   Number         0  stubs.o ABSOLUTE
    _printf_wctomb                           0x00000000   Number         0  stubs.o ABSOLUTE
    _printf_widthprec                        0x00000000   Number         0  stubs.o ABSOLUTE
    _printf_x                                0x00000000   Number         0  stubs.o ABSOLUTE
    __cpp_initialize__aeabi_                  - Undefined Weak Reference
    __cxa_finalize                            - Undefined Weak Reference
    __decompress                              - Undefined Weak Reference
    _clock_init                               - Undefined Weak Reference
    _microlib_exit                            - Undefined Weak Reference
    __Vectors_Size                           0x00000188   Number         0  startup_stm32l476xx.o ABSOLUTE
    __Vectors                                0x08000000   Data           4  startup_stm32l476xx.o(RESET)
    __Vectors_End                            0x08000188   Data           0  startup_stm32l476xx.o(RESET)
    __main                                   0x08000189   Thumb Code     0  entry.o(.ARM.Collect$$$$00000000)
    _main_stk                                0x08000189   Thumb Code     0  entry2.o(.ARM.Collect$$$$00000001)
    _main_scatterload                        0x0800018d   Thumb Code     0  entry5.o(.ARM.Collect$$$$00000004)
    __main_after_scatterload                 0x08000191   Thumb Code     0  entry5.o(.ARM.Collect$$$$00000004)
    _main_clock                              0x08000191   Thumb Code     0  entry7b.o(.ARM.Collect$$$$00000008)
    _main_cpp_init                           0x08000191   Thumb Code     0  entry8b.o(.ARM.Collect$$$$0000000A)
    _main_init                               0x08000191   Thumb Code     0  entry9a.o(.ARM.Collect$$$$0000000B)
    __rt_final_cpp                           0x08000199   Thumb Code     0  entry10a.o(.ARM.Collect$$$$0000000D)
    __rt_final_exit                          0x08000199   Thumb Code     0  entry11a.o(.ARM.Collect$$$$0000000F)
    SVC_Handler                              0x0800019d   Thumb Code    28  port.o(.emb_text)
    __asm___6_port_c_39a90d8d__prvStartFirstTask 0x080001bd   Thumb Code    28  port.o(.emb_text)
    __asm___6_port_c_39a90d8d__prvEnableVFP  0x080001dd   Thumb Code    16  port.o(.emb_text)
    PendSV_Handler                           0x080001f1   Thumb Code    92  port.o(.emb_text)
    vPortGetIPSR                             0x08000251   Thumb Code     6  port.o(.emb_text)
    Reset_Handler                            0x08000279   Thumb Code     8  startup_stm32l476xx.o(.text)
    NMI_Handler                              0x08000281   Thumb Code     2  startup_stm32l476xx.o(.text)
    HardFault_Handler                        0x08000283   Thumb Code     2  startup_stm32l476xx.o(.text)
    MemManage_Handler                        0x08000285   Thumb Code     2  startup_stm32l476xx.o(.text)
    BusFault_Handler                         0x08000287   Thumb Code     2  startup_stm32l476xx.o(.text)
    UsageFault_Handler                       0x08000289   Thumb Code     2  startup_stm32l476xx.o(.text)
    DebugMon_Handler                         0x0800028d   Thumb Code     2  startup_stm32l476xx.o(.text)
    ADC1_2_IRQHandler                        0x08000293   Thumb Code     0  startup_stm32l476xx.o(.text)
    ADC3_IRQHandler                          0x08000293   Thumb Code     0  startup_stm32l476xx.o(.text)
    CAN1_RX0_IRQHandler                      0x08000293   Thumb Code     0  startup_stm32l476xx.o(.text)
    CAN1_RX1_IRQHandler                      0x08000293   Thumb Code     0  startup_stm32l476xx.o(.text)
    CAN1_SCE_IRQHandler                      0x08000293   Thumb Code     0  startup_stm32l476xx.o(.text)
    CAN1_TX_IRQHandler                       0x08000293   Thumb Code     0  startup_stm32l476xx.o(.text)
    COMP_IRQHandler                          0x08000293   Thumb Code     0  startup_stm32l476xx.o(.text)
    DFSDM1_FLT0_IRQHandler                   0x08000293   Thumb Code     0  startup_stm32l476xx.o(.text)
    DFSDM1_FLT1_IRQHandler                   0x08000293   Thumb Code     0  startup_stm32l476xx.o(.text)
    DFSDM1_FLT2_IRQHandler                   0x08000293   Thumb Code     0  startup_stm32l476xx.o(.text)
    DFSDM1_FLT3_IRQHandler                   0x08000293   Thumb Code     0  startup_stm32l476xx.o(.text)
    DMA1_Channel1_IRQHandler                 0x08000293   Thumb Code     0  startup_stm32l476xx.o(.text)
    DMA1_Channel2_IRQHandler                 0x08000293   Thumb Code     0  startup_stm32l476xx.o(.text)
    DMA1_Channel3_IRQHandler                 0x08000293   Thumb Code     0  startup_stm32l476xx.o(.text)
    DMA1_Channel4_IRQHandler                 0x08000293   Thumb Code     0  startup_stm32l476xx.o(.text)
    DMA1_Channel5_IRQHandler                 0x08000293   Thumb Code     0  startup_stm32l476xx.o(.text)
    DMA1_Channel6_IRQHandler                 0x08000293   Thumb Code     0  startup_stm32l476xx.o(.text)
    DMA1_Channel7_IRQHandler                 0x08000293   Thumb Code     0  startup_stm32l476xx.o(.text)
    DMA2_Channel1_IRQHandler                 0x08000293   Thumb Code     0  startup_stm32l476xx.o(.text)
    DMA2_Channel2_IRQHandler                 0x08000293   Thumb Code     0  startup_stm32l476xx.o(.text)
    DMA2_Channel3_IRQHandler                 0x08000293   Thumb Code     0  startup_stm32l476xx.o(.text)
    DMA2_Channel4_IRQHandler                 0x08000293   Thumb Code     0  startup_stm32l476xx.o(.text)
    DMA2_Channel5_IRQHandler                 0x08000293   Thumb Code     0  startup_stm32l476xx.o(.text)
    DMA2_Channel6_IRQHandler                 0x08000293   Thumb Code     0  startup_stm32l476xx.o(.text)
    DMA2_Channel7_IRQHandler                 0x08000293   Thumb Code     0  startup_stm32l476xx.o(.text)
    EXTI0_IRQHandler                         0x08000293   Thumb Code     0  startup_stm32l476xx.o(.text)
    EXTI15_10_IRQHandler                     0x08000293   Thumb Code     0  startup_stm32l476xx.o(.text)
    EXTI1_IRQHandler                         0x08000293   Thumb Code     0  startup_stm32l476xx.o(.text)
    EXTI2_IRQHandler                         0x08000293   Thumb Code     0  startup_stm32l476xx.o(.text)
    EXTI3_IRQHandler                         0x08000293   Thumb Code     0  startup_stm32l476xx.o(.text)
    EXTI4_IRQHandler                         0x08000293   Thumb Code     0  startup_stm32l476xx.o(.text)
    EXTI9_5_IRQHandler                       0x08000293   Thumb Code     0  startup_stm32l476xx.o(.text)
    FLASH_IRQHandler                         0x08000293   Thumb Code     0  startup_stm32l476xx.o(.text)
    FMC_IRQHandler                           0x08000293   Thumb Code     0  startup_stm32l476xx.o(.text)
    FPU_IRQHandler                           0x08000293   Thumb Code     0  startup_stm32l476xx.o(.text)
    I2C1_ER_IRQHandler                       0x08000293   Thumb Code     0  startup_stm32l476xx.o(.text)
    I2C1_EV_IRQHandler                       0x08000293   Thumb Code     0  startup_stm32l476xx.o(.text)
    I2C2_ER_IRQHandler                       0x08000293   Thumb Code     0  startup_stm32l476xx.o(.text)
    I2C2_EV_IRQHandler                       0x08000293   Thumb Code     0  startup_stm32l476xx.o(.text)
    I2C3_ER_IRQHandler                       0x08000293   Thumb Code     0  startup_stm32l476xx.o(.text)
    I2C3_EV_IRQHandler                       0x08000293   Thumb Code     0  startup_stm32l476xx.o(.text)
    LCD_IRQHandler                           0x08000293   Thumb Code     0  startup_stm32l476xx.o(.text)
    LPTIM1_IRQHandler                        0x08000293   Thumb Code     0  startup_stm32l476xx.o(.text)
    LPTIM2_IRQHandler                        0x08000293   Thumb Code     0  startup_stm32l476xx.o(.text)
    LPUART1_IRQHandler                       0x08000293   Thumb Code     0  startup_stm32l476xx.o(.text)
    PVD_PVM_IRQHandler                       0x08000293   Thumb Code     0  startup_stm32l476xx.o(.text)
    QUADSPI_IRQHandler                       0x08000293   Thumb Code     0  startup_stm32l476xx.o(.text)
    RCC_IRQHandler                           0x08000293   Thumb Code     0  startup_stm32l476xx.o(.text)
    RNG_IRQHandler                           0x08000293   Thumb Code     0  startup_stm32l476xx.o(.text)
    RTC_Alarm_IRQHandler                     0x08000293   Thumb Code     0  startup_stm32l476xx.o(.text)
    RTC_WKUP_IRQHandler                      0x08000293   Thumb Code     0  startup_stm32l476xx.o(.text)
    SAI1_IRQHandler                          0x08000293   Thumb Code     0  startup_stm32l476xx.o(.text)
    SAI2_IRQHandler                          0x08000293   Thumb Code     0  startup_stm32l476xx.o(.text)
    SDMMC1_IRQHandler                        0x08000293   Thumb Code     0  startup_stm32l476xx.o(.text)
    SPI1_IRQHandler                          0x08000293   Thumb Code     0  startup_stm32l476xx.o(.text)
    SPI2_IRQHandler                          0x08000293   Thumb Code     0  startup_stm32l476xx.o(.text)
    SPI3_IRQHandler                          0x08000293   Thumb Code     0  startup_stm32l476xx.o(.text)
    SWPMI1_IRQHandler                        0x08000293   Thumb Code     0  startup_stm32l476xx.o(.text)
    TAMP_STAMP_IRQHandler                    0x08000293   Thumb Code     0  startup_stm32l476xx.o(.text)
    TIM1_BRK_TIM15_IRQHandler                0x08000293   Thumb Code     0  startup_stm32l476xx.o(.text)
    TIM1_CC_IRQHandler                       0x08000293   Thumb Code     0  startup_stm32l476xx.o(.text)
    TIM1_TRG_COM_TIM17_IRQHandler            0x08000293   Thumb Code     0  startup_stm32l476xx.o(.text)
    TIM1_UP_TIM16_IRQHandler                 0x08000293   Thumb Code     0  startup_stm32l476xx.o(.text)
    TIM2_IRQHandler                          0x08000293   Thumb Code     0  startup_stm32l476xx.o(.text)
    TIM3_IRQHandler                          0x08000293   Thumb Code     0  startup_stm32l476xx.o(.text)
    TIM4_IRQHandler                          0x08000293   Thumb Code     0  startup_stm32l476xx.o(.text)
    TIM6_DAC_IRQHandler                      0x08000293   Thumb Code     0  startup_stm32l476xx.o(.text)
    TIM7_IRQHandler                          0x08000293   Thumb Code     0  startup_stm32l476xx.o(.text)
    TIM8_BRK_IRQHandler                      0x08000293   Thumb Code     0  startup_stm32l476xx.o(.text)
    TIM8_CC_IRQHandler                       0x08000293   Thumb Code     0  startup_stm32l476xx.o(.text)
    TIM8_TRG_COM_IRQHandler                  0x08000293   Thumb Code     0  startup_stm32l476xx.o(.text)
    TIM8_UP_IRQHandler                       0x08000293   Thumb Code     0  startup_stm32l476xx.o(.text)
    TSC_IRQHandler                           0x08000293   Thumb Code     0  startup_stm32l476xx.o(.text)
    UART4_IRQHandler                         0x08000293   Thumb Code     0  startup_stm32l476xx.o(.text)
    UART5_IRQHandler                         0x08000293   Thumb Code     0  startup_stm32l476xx.o(.text)
    USART1_IRQHandler                        0x08000293   Thumb Code     0  startup_stm32l476xx.o(.text)
    USART2_IRQHandler                        0x08000293   Thumb Code     0  startup_stm32l476xx.o(.text)
    USART3_IRQHandler                        0x08000293   Thumb Code     0  startup_stm32l476xx.o(.text)
    WWDG_IRQHandler                          0x08000293   Thumb Code     0  startup_stm32l476xx.o(.text)
    __aeabi_uldivmod                         0x0800029d   Thumb Code    98  uldiv.o(.text)
    __aeabi_memcpy                           0x08000305   Thumb Code    36  memcpya.o(.text)
    __aeabi_memcpy4                          0x08000305   Thumb Code     0  memcpya.o(.text)
    __aeabi_memcpy8                          0x08000305   Thumb Code     0  memcpya.o(.text)
    strlen                                   0x08000329   Thumb Code    14  strlen.o(.text)
    __aeabi_uidiv                            0x08000337   Thumb Code     0  uidiv.o(.text)
    __aeabi_uidivmod                         0x08000337   Thumb Code    44  uidiv.o(.text)
    __aeabi_llsl                             0x08000363   Thumb Code    30  llshl.o(.text)
    _ll_shift_l                              0x08000363   Thumb Code     0  llshl.o(.text)
    __aeabi_llsr                             0x08000381   Thumb Code    32  llushr.o(.text)
    _ll_ushift_r                             0x08000381   Thumb Code     0  llushr.o(.text)
    __scatterload                            0x080003a1   Thumb Code    28  init.o(.text)
    __scatterload_rt2                        0x080003a1   Thumb Code     0  init.o(.text)
    HAL_Delay                                0x0800051b   Thumb Code    28  stm32l4xx_hal.o(i.HAL_Delay)
    HAL_GPIO_Init                            0x08000539   Thumb Code   424  stm32l4xx_hal_gpio.o(i.HAL_GPIO_Init)
    HAL_GPIO_WritePin                        0x0800070b   Thumb Code    10  stm32l4xx_hal_gpio.o(i.HAL_GPIO_WritePin)
    HAL_GetTick                              0x08000715   Thumb Code     6  stm32l4xx_hal.o(i.HAL_GetTick)
    HAL_HCD_Connect_Callback                 0x08000721   Thumb Code     8  usbh_conf.o(i.HAL_HCD_Connect_Callback)
    HAL_HCD_Disconnect_Callback              0x08000729   Thumb Code     8  usbh_conf.o(i.HAL_HCD_Disconnect_Callback)
    HAL_HCD_GetCurrentFrame                  0x08000731   Thumb Code     6  stm32l4xx_hal_hcd.o(i.HAL_HCD_GetCurrentFrame)
    HAL_HCD_GetCurrentSpeed                  0x08000737   Thumb Code     6  stm32l4xx_hal_hcd.o(i.HAL_HCD_GetCurrentSpeed)
    HAL_HCD_HC_GetURBState                   0x0800073d   Thumb Code    14  stm32l4xx_hal_hcd.o(i.HAL_HCD_HC_GetURBState)
    HAL_HCD_HC_GetXferCount                  0x0800074b   Thumb Code    12  stm32l4xx_hal_hcd.o(i.HAL_HCD_HC_GetXferCount)
    HAL_HCD_HC_Halt                          0x08000757   Thumb Code    36  stm32l4xx_hal_hcd.o(i.HAL_HCD_HC_Halt)
    HAL_HCD_HC_Init                          0x0800077b   Thumb Code    84  stm32l4xx_hal_hcd.o(i.HAL_HCD_HC_Init)
    HAL_HCD_HC_NotifyURBChange_Callback      0x080007cf   Thumb Code     8  usbh_conf.o(i.HAL_HCD_HC_NotifyURBChange_Callback)
    HAL_HCD_HC_SubmitRequest                 0x080007d7   Thumb Code   184  stm32l4xx_hal_hcd.o(i.HAL_HCD_HC_SubmitRequest)
    HAL_HCD_IRQHandler                       0x0800088f   Thumb Code   300  stm32l4xx_hal_hcd.o(i.HAL_HCD_IRQHandler)
    HAL_HCD_Init                             0x080009bb   Thumb Code   104  stm32l4xx_hal_hcd.o(i.HAL_HCD_Init)
    HAL_HCD_MspInit                          0x08000a25   Thumb Code   122  usbh_conf.o(i.HAL_HCD_MspInit)
    HAL_HCD_ResetPort                        0x08000aa5   Thumb Code     6  stm32l4xx_hal_hcd.o(i.HAL_HCD_ResetPort)
    HAL_HCD_SOF_Callback                     0x08000aab   Thumb Code     8  usbh_conf.o(i.HAL_HCD_SOF_Callback)
    HAL_HCD_Start                            0x08000ab3   Thumb Code    44  stm32l4xx_hal_hcd.o(i.HAL_HCD_Start)
    HAL_HCD_Stop                             0x08000adf   Thumb Code    36  stm32l4xx_hal_hcd.o(i.HAL_HCD_Stop)
    HAL_I2CEx_ConfigAnalogFilter             0x08000b03   Thumb Code    86  stm32l4xx_hal_i2c_ex.o(i.HAL_I2CEx_ConfigAnalogFilter)
    HAL_I2CEx_ConfigDigitalFilter            0x08000b59   Thumb Code    82  stm32l4xx_hal_i2c_ex.o(i.HAL_I2CEx_ConfigDigitalFilter)
    HAL_I2C_Init                             0x08000bad   Thumb Code   178  stm32l4xx_hal_i2c.o(i.HAL_I2C_Init)
    HAL_I2C_MspInit                          0x08000c65   Thumb Code   104  i2c.o(i.HAL_I2C_MspInit)
    HAL_IncTick                              0x08000cdd   Thumb Code    10  stm32l4xx_hal.o(i.HAL_IncTick)
    HAL_Init                                 0x08000ced   Thumb Code    32  stm32l4xx_hal.o(i.HAL_Init)
    HAL_InitTick                             0x08000d11   Thumb Code    98  stm32l4xx_hal_timebase_tim.o(i.HAL_InitTick)
    HAL_MspInit                              0x08000d85   Thumb Code   122  stm32l4xx_hal_msp.o(i.HAL_MspInit)
    HAL_NVIC_EnableIRQ                       0x08000e05   Thumb Code    22  stm32l4xx_hal_cortex.o(i.HAL_NVIC_EnableIRQ)
    HAL_NVIC_SetPriority                     0x08000e1d   Thumb Code    60  stm32l4xx_hal_cortex.o(i.HAL_NVIC_SetPriority)
    HAL_NVIC_SetPriorityGrouping             0x08000e5d   Thumb Code    26  stm32l4xx_hal_cortex.o(i.HAL_NVIC_SetPriorityGrouping)
    HAL_PWREx_ControlVoltageScaling          0x08000e81   Thumb Code    86  stm32l4xx_hal_pwr_ex.o(i.HAL_PWREx_ControlVoltageScaling)
    HAL_PWREx_EnableVddUSB                   0x08000ee5   Thumb Code    12  stm32l4xx_hal_pwr_ex.o(i.HAL_PWREx_EnableVddUSB)
    HAL_PWREx_GetVoltageRange                0x08000ef5   Thumb Code    10  stm32l4xx_hal_pwr_ex.o(i.HAL_PWREx_GetVoltageRange)
    HAL_RCCEx_EnableMSIPLLMode               0x08000f05   Thumb Code    12  stm32l4xx_hal_rcc_ex.o(i.HAL_RCCEx_EnableMSIPLLMode)
    HAL_RCCEx_PeriphCLKConfig                0x08000f15   Thumb Code   924  stm32l4xx_hal_rcc_ex.o(i.HAL_RCCEx_PeriphCLKConfig)
    HAL_RCC_ClockConfig                      0x080012c1   Thumb Code   352  stm32l4xx_hal_rcc.o(i.HAL_RCC_ClockConfig)
    HAL_RCC_GetClockConfig                   0x08001431   Thumb Code    54  stm32l4xx_hal_rcc.o(i.HAL_RCC_GetClockConfig)
    HAL_RCC_GetHCLKFreq                      0x08001471   Thumb Code     6  stm32l4xx_hal_rcc.o(i.HAL_RCC_GetHCLKFreq)
    HAL_RCC_GetPCLK1Freq                     0x0800147d   Thumb Code    20  stm32l4xx_hal_rcc.o(i.HAL_RCC_GetPCLK1Freq)
    HAL_RCC_GetPCLK2Freq                     0x0800149d   Thumb Code    20  stm32l4xx_hal_rcc.o(i.HAL_RCC_GetPCLK2Freq)
    HAL_RCC_GetSysClockFreq                  0x080014bd   Thumb Code   182  stm32l4xx_hal_rcc.o(i.HAL_RCC_GetSysClockFreq)
    HAL_RCC_OscConfig                        0x08001581   Thumb Code  1114  stm32l4xx_hal_rcc.o(i.HAL_RCC_OscConfig)
    HAL_SYSTICK_CLKSourceConfig              0x080019db   Thumb Code    24  stm32l4xx_hal_cortex.o(i.HAL_SYSTICK_CLKSourceConfig)
    HAL_SYSTICK_Config                       0x080019f3   Thumb Code    40  stm32l4xx_hal_cortex.o(i.HAL_SYSTICK_Config)
    HAL_TIMEx_BreakCallback                  0x08001a1b   Thumb Code     2  stm32l4xx_hal_tim_ex.o(i.HAL_TIMEx_BreakCallback)
    HAL_TIMEx_CommutationCallback            0x08001a1d   Thumb Code     2  stm32l4xx_hal_tim_ex.o(i.HAL_TIMEx_CommutationCallback)
    HAL_TIM_Base_Init                        0x08001a1f   Thumb Code    54  stm32l4xx_hal_tim.o(i.HAL_TIM_Base_Init)
    HAL_TIM_Base_MspInit                     0x08001a55   Thumb Code     2  stm32l4xx_hal_tim.o(i.HAL_TIM_Base_MspInit)
    HAL_TIM_Base_Start_IT                    0x08001a57   Thumb Code    24  stm32l4xx_hal_tim.o(i.HAL_TIM_Base_Start_IT)
    HAL_TIM_IC_CaptureCallback               0x08001a6f   Thumb Code     2  stm32l4xx_hal_tim.o(i.HAL_TIM_IC_CaptureCallback)
    HAL_TIM_IRQHandler                       0x08001a71   Thumb Code   358  stm32l4xx_hal_tim.o(i.HAL_TIM_IRQHandler)
    HAL_TIM_OC_DelayElapsedCallback          0x08001bd7   Thumb Code     2  stm32l4xx_hal_tim.o(i.HAL_TIM_OC_DelayElapsedCallback)
    HAL_TIM_PWM_PulseFinishedCallback        0x08001bd9   Thumb Code     2  stm32l4xx_hal_tim.o(i.HAL_TIM_PWM_PulseFinishedCallback)
    HAL_TIM_PeriodElapsedCallback            0x08001bdd   Thumb Code    14  main.o(i.HAL_TIM_PeriodElapsedCallback)
    HAL_TIM_TriggerCallback                  0x08001bf1   Thumb Code     2  stm32l4xx_hal_tim.o(i.HAL_TIM_TriggerCallback)
    HAL_UART_Init                            0x08001bf3   Thumb Code   106  stm32l4xx_hal_uart.o(i.HAL_UART_Init)
    HAL_UART_MspInit                         0x08001c5d   Thumb Code    62  usart.o(i.HAL_UART_MspInit)
    MX_DriverVbusFS                          0x08002235   Thumb Code    18  usbh_platform.o(i.MX_DriverVbusFS)
    MX_FREERTOS_Init                         0x0800224d   Thumb Code    30  freertos.o(i.MX_FREERTOS_Init)
    MX_GPIO_Init                             0x08002275   Thumb Code   500  gpio.o(i.MX_GPIO_Init)
    MX_I2C1_Init                             0x0800248d   Thumb Code    88  i2c.o(i.MX_I2C1_Init)
    MX_USART2_UART_Init                      0x08002501   Thumb Code    56  usart.o(i.MX_USART2_UART_Init)
    MX_USB_HOST_Init                         0x08002551   Thumb Code    30  usb_host.o(i.MX_USB_HOST_Init)
    OTG_FS_IRQHandler                        0x0800259d   Thumb Code     6  stm32l4xx_it.o(i.OTG_FS_IRQHandler)
    Print                                    0x080025a9   Thumb Code    22  usart.o(i.Print)
    StartDefaultTask                         0x08002879   Thumb Code    12  freertos.o(i.StartDefaultTask)
    SysTick_Handler                          0x08002885   Thumb Code    20  stm32l4xx_it.o(i.SysTick_Handler)
    SystemClock_Config                       0x08002899   Thumb Code   192  main.o(i.SystemClock_Config)
    SystemInit                               0x08002961   Thumb Code    56  system_stm32l4xx.o(i.SystemInit)
    TIM5_IRQHandler                          0x080029a5   Thumb Code     6  stm32l4xx_it.o(i.TIM5_IRQHandler)
    TIM_Base_SetConfig                       0x080029b1   Thumb Code   160  stm32l4xx_hal_tim.o(i.TIM_Base_SetConfig)
    UART_AdvFeatureConfig                    0x08002a71   Thumb Code   200  stm32l4xx_hal_uart.o(i.UART_AdvFeatureConfig)
    UART_CheckIdleState                      0x08002b39   Thumb Code    92  stm32l4xx_hal_uart.o(i.UART_CheckIdleState)
    UART_SetConfig                           0x08002b95   Thumb Code   652  stm32l4xx_hal_uart.o(i.UART_SetConfig)
    UART_WaitOnFlagUntilTimeout              0x08002e51   Thumb Code    98  stm32l4xx_hal_uart.o(i.UART_WaitOnFlagUntilTimeout)
    USART_Delay                              0x08002eb3   Thumb Code    16  usart.o(i.USART_Delay)
    USART_Write                              0x08002ec3   Thumb Code    52  usart.o(i.USART_Write)
    USBH_AllocPipe                           0x08002ef7   Thumb Code    52  usbh_pipes.o(i.USBH_AllocPipe)
    USBH_BulkReceiveData                     0x08002f2b   Thumb Code    34  usbh_ioreq.o(i.USBH_BulkReceiveData)
    USBH_BulkSendData                        0x08002f4d   Thumb Code    42  usbh_ioreq.o(i.USBH_BulkSendData)
    USBH_CDC_LineCodingChanged               0x0800312d   Thumb Code     2  usbh_cdc.o(i.USBH_CDC_LineCodingChanged)
    USBH_CDC_ReceiveCallback                 0x080031e7   Thumb Code     2  usbh_cdc.o(i.USBH_CDC_ReceiveCallback)
    USBH_CDC_TransmitCallback                0x080031ed   Thumb Code     2  usbh_cdc.o(i.USBH_CDC_TransmitCallback)
    USBH_ClosePipe                           0x080031ef   Thumb Code    10  usbh_pipes.o(i.USBH_ClosePipe)
    USBH_ClrFeature                          0x080031f9   Thumb Code    30  usbh_ctlreq.o(i.USBH_ClrFeature)
    USBH_CtlReceiveData                      0x08003217   Thumb Code    34  usbh_ioreq.o(i.USBH_CtlReceiveData)
    USBH_CtlReq                              0x08003239   Thumb Code    74  usbh_ctlreq.o(i.USBH_CtlReq)
    USBH_CtlSendData                         0x08003283   Thumb Code    42  usbh_ioreq.o(i.USBH_CtlSendData)
    USBH_CtlSendSetup                        0x080032ad   Thumb Code    30  usbh_ioreq.o(i.USBH_CtlSendSetup)
    USBH_Delay                               0x080032cb   Thumb Code     4  usbh_conf.o(i.USBH_Delay)
    USBH_FindInterface                       0x080032cf   Thumb Code    68  usbh_core.o(i.USBH_FindInterface)
    USBH_FreePipe                            0x08003313   Thumb Code    24  usbh_pipes.o(i.USBH_FreePipe)
    USBH_GetDescriptor                       0x0800332b   Thumb Code    54  usbh_ctlreq.o(i.USBH_GetDescriptor)
    USBH_GetNextDesc                         0x08003361   Thumb Code    14  usbh_ctlreq.o(i.USBH_GetNextDesc)
    USBH_Get_CfgDesc                         0x0800336f   Thumb Code    44  usbh_ctlreq.o(i.USBH_Get_CfgDesc)
    USBH_Get_DevDesc                         0x0800339b   Thumb Code   154  usbh_ctlreq.o(i.USBH_Get_DevDesc)
    USBH_Get_StringDesc                      0x08003435   Thumb Code    72  usbh_ctlreq.o(i.USBH_Get_StringDesc)
    USBH_Init                                0x08003725   Thumb Code    98  usbh_core.o(i.USBH_Init)
    USBH_LL_ClosePipe                        0x0800378d   Thumb Code    32  usbh_conf.o(i.USBH_LL_ClosePipe)
    USBH_LL_Connect                          0x080037ad   Thumb Code    56  usbh_core.o(i.USBH_LL_Connect)
    USBH_LL_Disconnect                       0x080037e5   Thumb Code    68  usbh_core.o(i.USBH_LL_Disconnect)
    USBH_LL_DriverVBUS                       0x08003829   Thumb Code    26  usbh_conf.o(i.USBH_LL_DriverVBUS)
    USBH_LL_GetLastXferSize                  0x08003843   Thumb Code     8  usbh_conf.o(i.USBH_LL_GetLastXferSize)
    USBH_LL_GetSpeed                         0x0800384b   Thumb Code    34  usbh_conf.o(i.USBH_LL_GetSpeed)
    USBH_LL_GetURBState                      0x0800386d   Thumb Code     8  usbh_conf.o(i.USBH_LL_GetURBState)
    USBH_LL_IncTimer                         0x08003875   Thumb Code    30  usbh_core.o(i.USBH_LL_IncTimer)
    USBH_LL_Init                             0x08003895   Thumb Code    78  usbh_conf.o(i.USBH_LL_Init)
    USBH_LL_NotifyURBChange                  0x080038fd   Thumb Code    18  usbh_core.o(i.USBH_LL_NotifyURBChange)
    USBH_LL_OpenPipe                         0x0800390f   Thumb Code    42  usbh_conf.o(i.USBH_LL_OpenPipe)
    USBH_LL_ResetPort                        0x08003939   Thumb Code    32  usbh_conf.o(i.USBH_LL_ResetPort)
    USBH_LL_SetTimer                         0x08003959   Thumb Code     6  usbh_core.o(i.USBH_LL_SetTimer)
    USBH_LL_SetToggle                        0x0800395f   Thumb Code    32  usbh_conf.o(i.USBH_LL_SetToggle)
    USBH_LL_Start                            0x0800397f   Thumb Code    32  usbh_conf.o(i.USBH_LL_Start)
    USBH_LL_Stop                             0x0800399f   Thumb Code    32  usbh_conf.o(i.USBH_LL_Stop)
    USBH_LL_SubmitURB                        0x080039bf   Thumb Code    48  usbh_conf.o(i.USBH_LL_SubmitURB)
    USBH_OpenPipe                            0x080039ef   Thumb Code    20  usbh_pipes.o(i.USBH_OpenPipe)
    USBH_Process                             0x08003aeb   Thumb Code   384  usbh_core.o(i.USBH_Process)
    USBH_RegisterClass                       0x08003c8d   Thumb Code    28  usbh_core.o(i.USBH_RegisterClass)
    USBH_SelectInterface                     0x08003ca9   Thumb Code    22  usbh_core.o(i.USBH_SelectInterface)
    USBH_SetAddress                          0x08003cbf   Thumb Code    28  usbh_ctlreq.o(i.USBH_SetAddress)
    USBH_SetCfg                              0x08003cdb   Thumb Code    28  usbh_ctlreq.o(i.USBH_SetCfg)
    USBH_Start                               0x08003cf7   Thumb Code    20  usbh_core.o(i.USBH_Start)
    USB_CoreInit                             0x08003d2d   Thumb Code    28  stm32l4xx_ll_usb.o(i.USB_CoreInit)
    USB_DisableGlobalInt                     0x08003d95   Thumb Code    12  stm32l4xx_ll_usb.o(i.USB_DisableGlobalInt)
    USB_DriveVbus                            0x08003da1   Thumb Code    44  stm32l4xx_ll_usb.o(i.USB_DriveVbus)
    USB_EnableGlobalInt                      0x08003dcd   Thumb Code    12  stm32l4xx_ll_usb.o(i.USB_EnableGlobalInt)
    USB_FlushRxFifo                          0x08003dd9   Thumb Code    28  stm32l4xx_ll_usb.o(i.USB_FlushRxFifo)
    USB_FlushTxFifo                          0x08003df9   Thumb Code    32  stm32l4xx_ll_usb.o(i.USB_FlushTxFifo)
    USB_GetCurrentFrame                      0x08003e1d   Thumb Code     8  stm32l4xx_ll_usb.o(i.USB_GetCurrentFrame)
    USB_GetHostSpeed                         0x08003e25   Thumb Code    14  stm32l4xx_ll_usb.o(i.USB_GetHostSpeed)
    USB_GetMode                              0x08003e33   Thumb Code     8  stm32l4xx_ll_usb.o(i.USB_GetMode)
    USB_HC_Halt                              0x08003e3b   Thumb Code   376  stm32l4xx_ll_usb.o(i.USB_HC_Halt)
    USB_HC_Init                              0x08003fb3   Thumb Code   206  stm32l4xx_ll_usb.o(i.USB_HC_Init)
    USB_HC_ReadInterrupt                     0x08004081   Thumb Code    12  stm32l4xx_ll_usb.o(i.USB_HC_ReadInterrupt)
    USB_HC_StartXfer                         0x0800408d   Thumb Code   324  stm32l4xx_ll_usb.o(i.USB_HC_StartXfer)
    USB_HostInit                             0x080041dd   Thumb Code   150  stm32l4xx_ll_usb.o(i.USB_HostInit)
    USB_InitFSLSPClkSel                      0x08004281   Thumb Code    54  stm32l4xx_ll_usb.o(i.USB_InitFSLSPClkSel)
    USB_ReadInterrupts                       0x080042b7   Thumb Code     8  stm32l4xx_ll_usb.o(i.USB_ReadInterrupts)
    USB_ReadPacket                           0x080042bf   Thumb Code    32  stm32l4xx_ll_usb.o(i.USB_ReadPacket)
    USB_ResetPort                            0x080042df   Thumb Code    44  stm32l4xx_ll_usb.o(i.USB_ResetPort)
    USB_SetCurrentMode                       0x0800430b   Thumb Code    44  stm32l4xx_ll_usb.o(i.USB_SetCurrentMode)
    USB_StopHost                             0x08004337   Thumb Code   190  stm32l4xx_ll_usb.o(i.USB_StopHost)
    USB_WritePacket                          0x080043f5   Thumb Code    34  stm32l4xx_ll_usb.o(i.USB_WritePacket)
    _Error_Handler                           0x08004417   Thumb Code     2  main.o(i._Error_Handler)
    __0sprintf$6                             0x08004419   Thumb Code    34  printf6.o(i.__0sprintf$6)
    __1sprintf$6                             0x08004419   Thumb Code     0  printf6.o(i.__0sprintf$6)
    __2sprintf                               0x08004419   Thumb Code     0  printf6.o(i.__0sprintf$6)
    __scatterload_copy                       0x08004441   Thumb Code    14  handlers.o(i.__scatterload_copy)
    __scatterload_null                       0x0800444f   Thumb Code     2  handlers.o(i.__scatterload_null)
    __scatterload_zeroinit                   0x08004451   Thumb Code    14  handlers.o(i.__scatterload_zeroinit)
    free                                     0x080047b5   Thumb Code    76  malloc.o(i.free)
    main                                     0x08004811   Thumb Code    52  main.o(i.main)
    malloc                                   0x08004861   Thumb Code    92  malloc.o(i.malloc)
    osDelay                                  0x080048cd   Thumb Code    14  cmsis_os.o(i.osDelay)
    osKernelStart                            0x080048db   Thumb Code    10  cmsis_os.o(i.osKernelStart)
    osMessageCreate                          0x080048e5   Thumb Code     8  cmsis_os.o(i.osMessageCreate)
    osMessageGet                             0x080048ed   Thumb Code   146  cmsis_os.o(i.osMessageGet)
    osMessagePut                             0x0800498d   Thumb Code    88  cmsis_os.o(i.osMessagePut)
    osThreadCreate                           0x080049e9   Thumb Code    46  cmsis_os.o(i.osThreadCreate)
    pvPortMalloc                             0x08004e71   Thumb Code   210  heap_4.o(i.pvPortMalloc)
    pvTaskIncrementMutexHeldCount            0x08004f49   Thumb Code    18  tasks.o(i.pvTaskIncrementMutexHeldCount)
    pxPortInitialiseStack                    0x08004f61   Thumb Code    40  port.o(i.pxPortInitialiseStack)
    uxListRemove                             0x08004f8d   Thumb Code    36  list.o(i.uxListRemove)
    vCustomer_Gen                            0x08004fb1   Thumb Code   114  main.o(i.vCustomer_Gen)
    vListInitialise                          0x08005069   Thumb Code    22  list.o(i.vListInitialise)
    vListInitialiseItem                      0x0800507f   Thumb Code     6  list.o(i.vListInitialiseItem)
    vListInsert                              0x08005085   Thumb Code    48  list.o(i.vListInsert)
    vListInsertEnd                           0x080050b5   Thumb Code    24  list.o(i.vListInsertEnd)
    vPortEnterCritical                       0x080050cd   Thumb Code    54  port.o(i.vPortEnterCritical)
    vPortExitCritical                        0x0800510d   Thumb Code    34  port.o(i.vPortExitCritical)
    vPortFree                                0x08005135   Thumb Code    88  heap_4.o(i.vPortFree)
    vPortSetupTimerInterrupt                 0x08005191   Thumb Code    26  port.o(i.vPortSetupTimerInterrupt)
    vPortValidateInterruptPriority           0x080051b1   Thumb Code    74  port.o(i.vPortValidateInterruptPriority)
    vTaskDelay                               0x08005205   Thumb Code    66  tasks.o(i.vTaskDelay)
    vTaskMissedYield                         0x08005251   Thumb Code     8  tasks.o(i.vTaskMissedYield)
    vTaskPlaceOnEventList                    0x0800525d   Thumb Code    44  tasks.o(i.vTaskPlaceOnEventList)
    vTaskPriorityInherit                     0x0800528d   Thumb Code   124  tasks.o(i.vTaskPriorityInherit)
    vTaskSetTimeOutState                     0x08005311   Thumb Code    30  tasks.o(i.vTaskSetTimeOutState)
    vTaskStartScheduler                      0x08005335   Thumb Code    86  tasks.o(i.vTaskStartScheduler)
    vTaskSuspendAll                          0x0800539d   Thumb Code    10  tasks.o(i.vTaskSuspendAll)
    vTaskSwitchContext                       0x080053ad   Thumb Code    82  tasks.o(i.vTaskSwitchContext)
    xPortStartScheduler                      0x08005409   Thumb Code   208  port.o(i.xPortStartScheduler)
    xPortSysTickHandler                      0x080054ed   Thumb Code    38  port.o(i.xPortSysTickHandler)
    xQueueGenericCreate                      0x08005519   Thumb Code    72  queue.o(i.xQueueGenericCreate)
    xQueueGenericReceive                     0x08005561   Thumb Code   362  queue.o(i.xQueueGenericReceive)
    xQueueGenericReset                       0x080056d9   Thumb Code   132  queue.o(i.xQueueGenericReset)
    xQueueGenericSend                        0x08005761   Thumb Code   350  queue.o(i.xQueueGenericSend)
    xQueueGenericSendFromISR                 0x080058cb   Thumb Code   188  queue.o(i.xQueueGenericSendFromISR)
    xQueueReceiveFromISR                     0x08005987   Thumb Code   154  queue.o(i.xQueueReceiveFromISR)
    xTaskCheckForTimeOut                     0x08005a21   Thumb Code   102  tasks.o(i.xTaskCheckForTimeOut)
    xTaskCreate                              0x08005a8d   Thumb Code    86  tasks.o(i.xTaskCreate)
    xTaskGetSchedulerState                   0x08005ae9   Thumb Code    22  tasks.o(i.xTaskGetSchedulerState)
    xTaskIncrementTick                       0x08005b05   Thumb Code   192  tasks.o(i.xTaskIncrementTick)
    xTaskPriorityDisinherit                  0x08005bcd   Thumb Code   144  tasks.o(i.xTaskPriorityDisinherit)
    xTaskRemoveFromEventList                 0x08005c65   Thumb Code   108  tasks.o(i.xTaskRemoveFromEventList)
    xTaskResumeAll                           0x08005cd9   Thumb Code   182  tasks.o(i.xTaskResumeAll)
    AHBPrescTable                            0x08005dcc   Data          16  system_stm32l4xx.o(.constdata)
    MSIRangeTable                            0x08005ddc   Data          48  system_stm32l4xx.o(.constdata)
    APBPrescTable                            0x08005e0c   Data           8  system_stm32l4xx.o(.constdata)
    Region$$Table$$Base                      0x08005e30   Number         0  anon$$obj.o(Region$$Table)
    Region$$Table$$Limit                     0x08005e50   Number         0  anon$$obj.o(Region$$Table)
    CDC_Class                                0x20000000   Data          32  usbh_cdc.o(.data)
    uwTick                                   0x20000020   Data           4  stm32l4xx_hal.o(.data)
    pxCurrentTCB                             0x20000048   Data           4  tasks.o(.data)
    defaultTaskHandle                        0x20000084   Data           4  freertos.o(.data)
    Appli_state                              0x20000088   Data           1  usb_host.o(.data)
    SystemCoreClock                          0x2000008c   Data           4  system_stm32l4xx.o(.data)
    __microlib_freelist                      0x20000090   Data           4  mvars.o(.data)
    __microlib_freelist_initialised          0x20000094   Data           4  mvars.o(.data)
    buffer                                   0x200018f8   Data          32  main.o(.bss)
    hi2c1                                    0x20001918   Data          76  i2c.o(.bss)
    hi2c2                                    0x20001964   Data          76  i2c.o(.bss)
    huart2                                   0x200019b0   Data         120  usart.o(.bss)
    hUsbHostFS                               0x20001a28   Data         976  usb_host.o(.bss)
    hhcd_USB_OTG_FS                          0x20001df8   Data         664  usbh_conf.o(.bss)
    htim5                                    0x20002090   Data          64  stm32l4xx_hal_timebase_tim.o(.bss)
    __heap_base                              0x200020d0   Data           0  startup_stm32l476xx.o(HEAP)
    __heap_limit                             0x200022d0   Data           0  startup_stm32l476xx.o(HEAP)
    __initial_sp                             0x200026d0   Data           0  startup_stm32l476xx.o(STACK)



==============================================================================

Memory Map of the image

  Image Entry point : 0x08000189

  Load Region LR_IROM1 (Base: 0x08000000, Size: 0x00005ee8, Max: 0x00100000, ABSOLUTE)

    Execution Region ER_IROM1 (Exec base: 0x08000000, Load base: 0x08000000, Size: 0x00005e50, Max: 0x00100000, ABSOLUTE)

    Exec Addr    Load Addr    Size         Type   Attr      Idx    E Section Name        Object

    0x08000000   0x08000000   0x00000188   Data   RO            3    RESET               startup_stm32l476xx.o
    0x08000188   0x08000188   0x00000000   Code   RO         6741  * .ARM.Collect$$$$00000000  mc_w.l(entry.o)
    0x08000188   0x08000188   0x00000004   Code   RO         7041    .ARM.Collect$$$$00000001  mc_w.l(entry2.o)
    0x0800018c   0x0800018c   0x00000004   Code   RO         7044    .ARM.Collect$$$$00000004  mc_w.l(entry5.o)
    0x08000190   0x08000190   0x00000000   Code   RO         7046    .ARM.Collect$$$$00000008  mc_w.l(entry7b.o)
    0x08000190   0x08000190   0x00000000   Code   RO         7048    .ARM.Collect$$$$0000000A  mc_w.l(entry8b.o)
    0x08000190   0x08000190   0x00000008   Code   RO         7049    .ARM.Collect$$$$0000000B  mc_w.l(entry9a.o)
    0x08000198   0x08000198   0x00000000   Code   RO         7051    .ARM.Collect$$$$0000000D  mc_w.l(entry10a.o)
    0x08000198   0x08000198   0x00000000   Code   RO         7053    .ARM.Collect$$$$0000000F  mc_w.l(entry11a.o)
    0x08000198   0x08000198   0x00000004   Code   RO         7042    .ARM.Collect$$$$00002712  mc_w.l(entry2.o)
    0x0800019c   0x0800019c   0x000000da   Code   RO         4997    .emb_text           port.o
    0x08000276   0x08000276   0x00000002   PAD
    0x08000278   0x08000278   0x00000024   Code   RO            4    .text               startup_stm32l476xx.o
    0x0800029c   0x0800029c   0x00000068   Code   RO         6744    .text               mc_w.l(uldiv.o)
    0x08000304   0x08000304   0x00000024   Code   RO         6746    .text               mc_w.l(memcpya.o)
    0x08000328   0x08000328   0x0000000e   Code   RO         6748    .text               mc_w.l(strlen.o)
    0x08000336   0x08000336   0x0000002c   Code   RO         7058    .text               mc_w.l(uidiv.o)
    0x08000362   0x08000362   0x0000001e   Code   RO         7060    .text               mc_w.l(llshl.o)
    0x08000380   0x08000380   0x00000020   Code   RO         7062    .text               mc_w.l(llushr.o)
    0x080003a0   0x080003a0   0x00000024   Code   RO         7077    .text               mc_w.l(init.o)
    0x080003c4   0x080003c4   0x0000007a   Code   RO          536    i.CDC_ProcessReception  usbh_cdc.o
    0x0800043e   0x0800043e   0x00000080   Code   RO          537    i.CDC_ProcessTransmission  usbh_cdc.o
    0x080004be   0x080004be   0x00000046   Code   RO           13    i.DeInitStateMachine  usbh_core.o
    0x08000504   0x08000504   0x00000016   Code   RO          538    i.GetLineCoding     usbh_cdc.o
    0x0800051a   0x0800051a   0x0000001c   Code   RO         3590    i.HAL_Delay         stm32l4xx_hal.o
    0x08000536   0x08000536   0x00000002   PAD
    0x08000538   0x08000538   0x000001d2   Code   RO         4255    i.HAL_GPIO_Init     stm32l4xx_hal_gpio.o
    0x0800070a   0x0800070a   0x0000000a   Code   RO         4259    i.HAL_GPIO_WritePin  stm32l4xx_hal_gpio.o
    0x08000714   0x08000714   0x0000000c   Code   RO         3594    i.HAL_GetTick       stm32l4xx_hal.o
    0x08000720   0x08000720   0x00000008   Code   RO         6428    i.HAL_HCD_Connect_Callback  usbh_conf.o
    0x08000728   0x08000728   0x00000008   Code   RO         6429    i.HAL_HCD_Disconnect_Callback  usbh_conf.o
    0x08000730   0x08000730   0x00000006   Code   RO          658    i.HAL_HCD_GetCurrentFrame  stm32l4xx_hal_hcd.o
    0x08000736   0x08000736   0x00000006   Code   RO          659    i.HAL_HCD_GetCurrentSpeed  stm32l4xx_hal_hcd.o
    0x0800073c   0x0800073c   0x0000000e   Code   RO          662    i.HAL_HCD_HC_GetURBState  stm32l4xx_hal_hcd.o
    0x0800074a   0x0800074a   0x0000000c   Code   RO          663    i.HAL_HCD_HC_GetXferCount  stm32l4xx_hal_hcd.o
    0x08000756   0x08000756   0x00000024   Code   RO          664    i.HAL_HCD_HC_Halt   stm32l4xx_hal_hcd.o
    0x0800077a   0x0800077a   0x00000054   Code   RO          665    i.HAL_HCD_HC_Init   stm32l4xx_hal_hcd.o
    0x080007ce   0x080007ce   0x00000008   Code   RO         6430    i.HAL_HCD_HC_NotifyURBChange_Callback  usbh_conf.o
    0x080007d6   0x080007d6   0x000000b8   Code   RO          667    i.HAL_HCD_HC_SubmitRequest  stm32l4xx_hal_hcd.o
    0x0800088e   0x0800088e   0x0000012c   Code   RO          668    i.HAL_HCD_IRQHandler  stm32l4xx_hal_hcd.o
    0x080009ba   0x080009ba   0x00000068   Code   RO          669    i.HAL_HCD_Init      stm32l4xx_hal_hcd.o
    0x08000a22   0x08000a22   0x00000002   PAD
    0x08000a24   0x08000a24   0x00000080   Code   RO         6432    i.HAL_HCD_MspInit   usbh_conf.o
    0x08000aa4   0x08000aa4   0x00000006   Code   RO          672    i.HAL_HCD_ResetPort  stm32l4xx_hal_hcd.o
    0x08000aaa   0x08000aaa   0x00000008   Code   RO         6433    i.HAL_HCD_SOF_Callback  usbh_conf.o
    0x08000ab2   0x08000ab2   0x0000002c   Code   RO          674    i.HAL_HCD_Start     stm32l4xx_hal_hcd.o
    0x08000ade   0x08000ade   0x00000024   Code   RO          675    i.HAL_HCD_Stop      stm32l4xx_hal_hcd.o
    0x08000b02   0x08000b02   0x00000056   Code   RO         1542    i.HAL_I2CEx_ConfigAnalogFilter  stm32l4xx_hal_i2c_ex.o
    0x08000b58   0x08000b58   0x00000052   Code   RO         1543    i.HAL_I2CEx_ConfigDigitalFilter  stm32l4xx_hal_i2c_ex.o
    0x08000baa   0x08000baa   0x00000002   PAD
    0x08000bac   0x08000bac   0x000000b8   Code   RO         1125    i.HAL_I2C_Init      stm32l4xx_hal_i2c.o
    0x08000c64   0x08000c64   0x00000078   Code   RO         6158    i.HAL_I2C_MspInit   i2c.o
    0x08000cdc   0x08000cdc   0x00000010   Code   RO         3598    i.HAL_IncTick       stm32l4xx_hal.o
    0x08000cec   0x08000cec   0x00000024   Code   RO         3599    i.HAL_Init          stm32l4xx_hal.o
    0x08000d10   0x08000d10   0x00000074   Code   RO         6666    i.HAL_InitTick      stm32l4xx_hal_timebase_tim.o
    0x08000d84   0x08000d84   0x00000080   Code   RO         6642    i.HAL_MspInit       stm32l4xx_hal_msp.o
    0x08000e04   0x08000e04   0x00000016   Code   RO         4796    i.HAL_NVIC_EnableIRQ  stm32l4xx_hal_cortex.o
    0x08000e1a   0x08000e1a   0x00000002   PAD
    0x08000e1c   0x08000e1c   0x00000040   Code   RO         4802    i.HAL_NVIC_SetPriority  stm32l4xx_hal_cortex.o
    0x08000e5c   0x08000e5c   0x00000024   Code   RO         4803    i.HAL_NVIC_SetPriorityGrouping  stm32l4xx_hal_cortex.o
    0x08000e80   0x08000e80   0x00000064   Code   RO         4546    i.HAL_PWREx_ControlVoltageScaling  stm32l4xx_hal_pwr_ex.o
    0x08000ee4   0x08000ee4   0x00000010   Code   RO         4572    i.HAL_PWREx_EnableVddUSB  stm32l4xx_hal_pwr_ex.o
    0x08000ef4   0x08000ef4   0x00000010   Code   RO         4577    i.HAL_PWREx_GetVoltageRange  stm32l4xx_hal_pwr_ex.o
    0x08000f04   0x08000f04   0x00000010   Code   RO         3905    i.HAL_RCCEx_EnableMSIPLLMode  stm32l4xx_hal_rcc_ex.o
    0x08000f14   0x08000f14   0x000003aa   Code   RO         3912    i.HAL_RCCEx_PeriphCLKConfig  stm32l4xx_hal_rcc_ex.o
    0x080012be   0x080012be   0x00000002   PAD
    0x080012c0   0x080012c0   0x00000170   Code   RO         3797    i.HAL_RCC_ClockConfig  stm32l4xx_hal_rcc.o
    0x08001430   0x08001430   0x00000040   Code   RO         3800    i.HAL_RCC_GetClockConfig  stm32l4xx_hal_rcc.o
    0x08001470   0x08001470   0x0000000c   Code   RO         3801    i.HAL_RCC_GetHCLKFreq  stm32l4xx_hal_rcc.o
    0x0800147c   0x0800147c   0x00000020   Code   RO         3803    i.HAL_RCC_GetPCLK1Freq  stm32l4xx_hal_rcc.o
    0x0800149c   0x0800149c   0x00000020   Code   RO         3804    i.HAL_RCC_GetPCLK2Freq  stm32l4xx_hal_rcc.o
    0x080014bc   0x080014bc   0x000000c4   Code   RO         3805    i.HAL_RCC_GetSysClockFreq  stm32l4xx_hal_rcc.o
    0x08001580   0x08001580   0x0000045a   Code   RO         3808    i.HAL_RCC_OscConfig  stm32l4xx_hal_rcc.o
    0x080019da   0x080019da   0x00000018   Code   RO         4805    i.HAL_SYSTICK_CLKSourceConfig  stm32l4xx_hal_cortex.o
    0x080019f2   0x080019f2   0x00000028   Code   RO         4807    i.HAL_SYSTICK_Config  stm32l4xx_hal_cortex.o
    0x08001a1a   0x08001a1a   0x00000002   Code   RO         2922    i.HAL_TIMEx_BreakCallback  stm32l4xx_hal_tim_ex.o
    0x08001a1c   0x08001a1c   0x00000002   Code   RO         2923    i.HAL_TIMEx_CommutationCallback  stm32l4xx_hal_tim_ex.o
    0x08001a1e   0x08001a1e   0x00000036   Code   RO         2283    i.HAL_TIM_Base_Init  stm32l4xx_hal_tim.o
    0x08001a54   0x08001a54   0x00000002   Code   RO         2285    i.HAL_TIM_Base_MspInit  stm32l4xx_hal_tim.o
    0x08001a56   0x08001a56   0x00000018   Code   RO         2288    i.HAL_TIM_Base_Start_IT  stm32l4xx_hal_tim.o
    0x08001a6e   0x08001a6e   0x00000002   Code   RO         2312    i.HAL_TIM_IC_CaptureCallback  stm32l4xx_hal_tim.o
    0x08001a70   0x08001a70   0x00000166   Code   RO         2325    i.HAL_TIM_IRQHandler  stm32l4xx_hal_tim.o
    0x08001bd6   0x08001bd6   0x00000002   Code   RO         2328    i.HAL_TIM_OC_DelayElapsedCallback  stm32l4xx_hal_tim.o
    0x08001bd8   0x08001bd8   0x00000002   Code   RO         2355    i.HAL_TIM_PWM_PulseFinishedCallback  stm32l4xx_hal_tim.o
    0x08001bda   0x08001bda   0x00000002   PAD
    0x08001bdc   0x08001bdc   0x00000014   Code   RO         6011    i.HAL_TIM_PeriodElapsedCallback  main.o
    0x08001bf0   0x08001bf0   0x00000002   Code   RO         2366    i.HAL_TIM_TriggerCallback  stm32l4xx_hal_tim.o
    0x08001bf2   0x08001bf2   0x0000006a   Code   RO         3199    i.HAL_UART_Init     stm32l4xx_hal_uart.o
    0x08001c5c   0x08001c5c   0x0000004c   Code   RO         6332    i.HAL_UART_MspInit  usart.o
    0x08001ca8   0x08001ca8   0x00000240   Code   RO          676    i.HCD_HC_IN_IRQHandler  stm32l4xx_hal_hcd.o
    0x08001ee8   0x08001ee8   0x0000022c   Code   RO          677    i.HCD_HC_OUT_IRQHandler  stm32l4xx_hal_hcd.o
    0x08002114   0x08002114   0x000000b0   Code   RO          678    i.HCD_Port_IRQHandler  stm32l4xx_hal_hcd.o
    0x080021c4   0x080021c4   0x00000070   Code   RO          679    i.HCD_RXQLVL_IRQHandler  stm32l4xx_hal_hcd.o
    0x08002234   0x08002234   0x00000018   Code   RO         6578    i.MX_DriverVbusFS   usbh_platform.o
    0x0800224c   0x0800224c   0x00000028   Code   RO         6131    i.MX_FREERTOS_Init  freertos.o
    0x08002274   0x08002274   0x00000216   Code   RO         6110    i.MX_GPIO_Init      gpio.o
    0x0800248a   0x0800248a   0x00000002   PAD
    0x0800248c   0x0800248c   0x00000074   Code   RO         6159    i.MX_I2C1_Init      i2c.o
    0x08002500   0x08002500   0x00000050   Code   RO         6333    i.MX_USART2_UART_Init  usart.o
    0x08002550   0x08002550   0x0000002c   Code   RO         6391    i.MX_USB_HOST_Init  usb_host.o
    0x0800257c   0x0800257c   0x00000020   Code   RO         4809    i.NVIC_SetPriority  stm32l4xx_hal_cortex.o
    0x0800259c   0x0800259c   0x0000000c   Code   RO         6602    i.OTG_FS_IRQHandler  stm32l4xx_it.o
    0x080025a8   0x080025a8   0x0000001c   Code   RO         6334    i.Print             usart.o
    0x080025c4   0x080025c4   0x0000012c   Code   RO         3915    i.RCCEx_PLLSAI1_Config  stm32l4xx_hal_rcc_ex.o
    0x080026f0   0x080026f0   0x0000010c   Code   RO         3916    i.RCCEx_PLLSAI2_Config  stm32l4xx_hal_rcc_ex.o
    0x080027fc   0x080027fc   0x0000007c   Code   RO         3809    i.RCC_SetFlashLatencyFromMSIRange  stm32l4xx_hal_rcc.o
    0x08002878   0x08002878   0x0000000c   Code   RO         6132    i.StartDefaultTask  freertos.o
    0x08002884   0x08002884   0x00000014   Code   RO         6603    i.SysTick_Handler   stm32l4xx_it.o
    0x08002898   0x08002898   0x000000c8   Code   RO         6012    i.SystemClock_Config  main.o
    0x08002960   0x08002960   0x00000044   Code   RO         6707    i.SystemInit        system_stm32l4xx.o
    0x080029a4   0x080029a4   0x0000000c   Code   RO         6604    i.TIM5_IRQHandler   stm32l4xx_it.o
    0x080029b0   0x080029b0   0x000000c0   Code   RO         2367    i.TIM_Base_SetConfig  stm32l4xx_hal_tim.o
    0x08002a70   0x08002a70   0x000000c8   Code   RO         3212    i.UART_AdvFeatureConfig  stm32l4xx_hal_uart.o
    0x08002b38   0x08002b38   0x0000005c   Code   RO         3213    i.UART_CheckIdleState  stm32l4xx_hal_uart.o
    0x08002b94   0x08002b94   0x000002bc   Code   RO         3228    i.UART_SetConfig    stm32l4xx_hal_uart.o
    0x08002e50   0x08002e50   0x00000062   Code   RO         3231    i.UART_WaitOnFlagUntilTimeout  stm32l4xx_hal_uart.o
    0x08002eb2   0x08002eb2   0x00000010   Code   RO         6335    i.USART_Delay       usart.o
    0x08002ec2   0x08002ec2   0x00000034   Code   RO         6336    i.USART_Write       usart.o
    0x08002ef6   0x08002ef6   0x00000034   Code   RO          494    i.USBH_AllocPipe    usbh_pipes.o
    0x08002f2a   0x08002f2a   0x00000022   Code   RO          422    i.USBH_BulkReceiveData  usbh_ioreq.o
    0x08002f4c   0x08002f4c   0x0000002a   Code   RO          423    i.USBH_BulkSendData  usbh_ioreq.o
    0x08002f76   0x08002f76   0x00000024   Code   RO          539    i.USBH_CDC_ClassRequest  usbh_cdc.o
    0x08002f9a   0x08002f9a   0x0000005e   Code   RO          542    i.USBH_CDC_InterfaceDeInit  usbh_cdc.o
    0x08002ff8   0x08002ff8   0x00000134   Code   RO          543    i.USBH_CDC_InterfaceInit  usbh_cdc.o
    0x0800312c   0x0800312c   0x00000002   Code   RO          544    i.USBH_CDC_LineCodingChanged  usbh_cdc.o
    0x0800312e   0x0800312e   0x000000b8   Code   RO          545    i.USBH_CDC_Process  usbh_cdc.o
    0x080031e6   0x080031e6   0x00000002   Code   RO          547    i.USBH_CDC_ReceiveCallback  usbh_cdc.o
    0x080031e8   0x080031e8   0x00000004   Code   RO          548    i.USBH_CDC_SOFProcess  usbh_cdc.o
    0x080031ec   0x080031ec   0x00000002   Code   RO          552    i.USBH_CDC_TransmitCallback  usbh_cdc.o
    0x080031ee   0x080031ee   0x0000000a   Code   RO          495    i.USBH_ClosePipe    usbh_pipes.o
    0x080031f8   0x080031f8   0x0000001e   Code   RO          334    i.USBH_ClrFeature   usbh_ctlreq.o
    0x08003216   0x08003216   0x00000022   Code   RO          424    i.USBH_CtlReceiveData  usbh_ioreq.o
    0x08003238   0x08003238   0x0000004a   Code   RO          335    i.USBH_CtlReq       usbh_ctlreq.o
    0x08003282   0x08003282   0x0000002a   Code   RO          425    i.USBH_CtlSendData  usbh_ioreq.o
    0x080032ac   0x080032ac   0x0000001e   Code   RO          426    i.USBH_CtlSendSetup  usbh_ioreq.o
    0x080032ca   0x080032ca   0x00000004   Code   RO         6434    i.USBH_Delay        usbh_conf.o
    0x080032ce   0x080032ce   0x00000044   Code   RO           15    i.USBH_FindInterface  usbh_core.o
    0x08003312   0x08003312   0x00000018   Code   RO          496    i.USBH_FreePipe     usbh_pipes.o
    0x0800332a   0x0800332a   0x00000036   Code   RO          336    i.USBH_GetDescriptor  usbh_ctlreq.o
    0x08003360   0x08003360   0x0000000e   Code   RO          337    i.USBH_GetNextDesc  usbh_ctlreq.o
    0x0800336e   0x0800336e   0x0000002c   Code   RO          338    i.USBH_Get_CfgDesc  usbh_ctlreq.o
    0x0800339a   0x0800339a   0x0000009a   Code   RO          339    i.USBH_Get_DevDesc  usbh_ctlreq.o
    0x08003434   0x08003434   0x00000048   Code   RO          340    i.USBH_Get_StringDesc  usbh_ctlreq.o
    0x0800347c   0x0800347c   0x00000192   Code   RO          341    i.USBH_HandleControl  usbh_ctlreq.o
    0x0800360e   0x0800360e   0x00000116   Code   RO           18    i.USBH_HandleEnum   usbh_core.o
    0x08003724   0x08003724   0x00000068   Code   RO           19    i.USBH_Init         usbh_core.o
    0x0800378c   0x0800378c   0x00000020   Code   RO         6435    i.USBH_LL_ClosePipe  usbh_conf.o
    0x080037ac   0x080037ac   0x00000038   Code   RO           20    i.USBH_LL_Connect   usbh_core.o
    0x080037e4   0x080037e4   0x00000044   Code   RO           21    i.USBH_LL_Disconnect  usbh_core.o
    0x08003828   0x08003828   0x0000001a   Code   RO         6437    i.USBH_LL_DriverVBUS  usbh_conf.o
    0x08003842   0x08003842   0x00000008   Code   RO         6438    i.USBH_LL_GetLastXferSize  usbh_conf.o
    0x0800384a   0x0800384a   0x00000022   Code   RO         6439    i.USBH_LL_GetSpeed  usbh_conf.o
    0x0800386c   0x0800386c   0x00000008   Code   RO         6441    i.USBH_LL_GetURBState  usbh_conf.o
    0x08003874   0x08003874   0x0000001e   Code   RO           22    i.USBH_LL_IncTimer  usbh_core.o
    0x08003892   0x08003892   0x00000002   PAD
    0x08003894   0x08003894   0x00000068   Code   RO         6442    i.USBH_LL_Init      usbh_conf.o
    0x080038fc   0x080038fc   0x00000012   Code   RO           23    i.USBH_LL_NotifyURBChange  usbh_core.o
    0x0800390e   0x0800390e   0x0000002a   Code   RO         6443    i.USBH_LL_OpenPipe  usbh_conf.o
    0x08003938   0x08003938   0x00000020   Code   RO         6444    i.USBH_LL_ResetPort  usbh_conf.o
    0x08003958   0x08003958   0x00000006   Code   RO           24    i.USBH_LL_SetTimer  usbh_core.o
    0x0800395e   0x0800395e   0x00000020   Code   RO         6445    i.USBH_LL_SetToggle  usbh_conf.o
    0x0800397e   0x0800397e   0x00000020   Code   RO         6446    i.USBH_LL_Start     usbh_conf.o
    0x0800399e   0x0800399e   0x00000020   Code   RO         6447    i.USBH_LL_Stop      usbh_conf.o
    0x080039be   0x080039be   0x00000030   Code   RO         6448    i.USBH_LL_SubmitURB  usbh_conf.o
    0x080039ee   0x080039ee   0x00000014   Code   RO          497    i.USBH_OpenPipe     usbh_pipes.o
    0x08003a02   0x08003a02   0x000000e8   Code   RO          342    i.USBH_ParseCfgDesc  usbh_ctlreq.o
    0x08003aea   0x08003aea   0x00000180   Code   RO           25    i.USBH_Process      usbh_core.o
    0x08003c6a   0x08003c6a   0x00000022   Code   RO           26    i.USBH_Process_OS   usbh_core.o
    0x08003c8c   0x08003c8c   0x0000001c   Code   RO           28    i.USBH_RegisterClass  usbh_core.o
    0x08003ca8   0x08003ca8   0x00000016   Code   RO           29    i.USBH_SelectInterface  usbh_core.o
    0x08003cbe   0x08003cbe   0x0000001c   Code   RO          343    i.USBH_SetAddress   usbh_ctlreq.o
    0x08003cda   0x08003cda   0x0000001c   Code   RO          344    i.USBH_SetCfg       usbh_ctlreq.o
    0x08003cf6   0x08003cf6   0x00000014   Code   RO           30    i.USBH_Start        usbh_core.o
    0x08003d0a   0x08003d0a   0x00000002   PAD
    0x08003d0c   0x08003d0c   0x00000020   Code   RO         6392    i.USBH_UserProcess  usb_host.o
    0x08003d2c   0x08003d2c   0x0000001c   Code   RO          824    i.USB_CoreInit      stm32l4xx_ll_usb.o
    0x08003d48   0x08003d48   0x0000004c   Code   RO          825    i.USB_CoreReset     stm32l4xx_ll_usb.o
    0x08003d94   0x08003d94   0x0000000c   Code   RO          832    i.USB_DisableGlobalInt  stm32l4xx_ll_usb.o
    0x08003da0   0x08003da0   0x0000002c   Code   RO          834    i.USB_DriveVbus     stm32l4xx_ll_usb.o
    0x08003dcc   0x08003dcc   0x0000000c   Code   RO          840    i.USB_EnableGlobalInt  stm32l4xx_ll_usb.o
    0x08003dd8   0x08003dd8   0x00000020   Code   RO          841    i.USB_FlushRxFifo   stm32l4xx_ll_usb.o
    0x08003df8   0x08003df8   0x00000024   Code   RO          842    i.USB_FlushTxFifo   stm32l4xx_ll_usb.o
    0x08003e1c   0x08003e1c   0x00000008   Code   RO          843    i.USB_GetCurrentFrame  stm32l4xx_ll_usb.o
    0x08003e24   0x08003e24   0x0000000e   Code   RO          845    i.USB_GetHostSpeed  stm32l4xx_ll_usb.o
    0x08003e32   0x08003e32   0x00000008   Code   RO          846    i.USB_GetMode       stm32l4xx_ll_usb.o
    0x08003e3a   0x08003e3a   0x00000178   Code   RO          847    i.USB_HC_Halt       stm32l4xx_ll_usb.o
    0x08003fb2   0x08003fb2   0x000000ce   Code   RO          848    i.USB_HC_Init       stm32l4xx_ll_usb.o
    0x08004080   0x08004080   0x0000000c   Code   RO          849    i.USB_HC_ReadInterrupt  stm32l4xx_ll_usb.o
    0x0800408c   0x0800408c   0x0000014e   Code   RO          850    i.USB_HC_StartXfer  stm32l4xx_ll_usb.o
    0x080041da   0x080041da   0x00000002   PAD
    0x080041dc   0x080041dc   0x000000a4   Code   RO          851    i.USB_HostInit      stm32l4xx_ll_usb.o
    0x08004280   0x08004280   0x00000036   Code   RO          852    i.USB_InitFSLSPClkSel  stm32l4xx_ll_usb.o
    0x080042b6   0x080042b6   0x00000008   Code   RO          857    i.USB_ReadInterrupts  stm32l4xx_ll_usb.o
    0x080042be   0x080042be   0x00000020   Code   RO          858    i.USB_ReadPacket    stm32l4xx_ll_usb.o
    0x080042de   0x080042de   0x0000002c   Code   RO          859    i.USB_ResetPort     stm32l4xx_ll_usb.o
    0x0800430a   0x0800430a   0x0000002c   Code   RO          860    i.USB_SetCurrentMode  stm32l4xx_ll_usb.o
    0x08004336   0x08004336   0x000000be   Code   RO          864    i.USB_StopHost      stm32l4xx_ll_usb.o
    0x080043f4   0x080043f4   0x00000022   Code   RO          865    i.USB_WritePacket   stm32l4xx_ll_usb.o
    0x08004416   0x08004416   0x00000002   Code   RO         6015    i._Error_Handler    main.o
    0x08004418   0x08004418   0x00000028   Code   RO         6909    i.__0sprintf$6      mc_w.l(printf6.o)
    0x08004440   0x08004440   0x0000000e   Code   RO         7087    i.__scatterload_copy  mc_w.l(handlers.o)
    0x0800444e   0x0800444e   0x00000002   Code   RO         7088    i.__scatterload_null  mc_w.l(handlers.o)
    0x08004450   0x08004450   0x0000000e   Code   RO         7089    i.__scatterload_zeroinit  mc_w.l(handlers.o)
    0x0800445e   0x0800445e   0x00000002   PAD
    0x08004460   0x08004460   0x000002f6   Code   RO         6914    i._printf_core      mc_w.l(printf6.o)
    0x08004756   0x08004756   0x00000024   Code   RO         6915    i._printf_post_padding  mc_w.l(printf6.o)
    0x0800477a   0x0800477a   0x0000002e   Code   RO         6916    i._printf_pre_padding  mc_w.l(printf6.o)
    0x080047a8   0x080047a8   0x0000000a   Code   RO         6918    i._sputc            mc_w.l(printf6.o)
    0x080047b2   0x080047b2   0x00000002   PAD
    0x080047b4   0x080047b4   0x00000050   Code   RO         7013    i.free              mc_w.l(malloc.o)
    0x08004804   0x08004804   0x0000000c   Code   RO         5633    i.inHandlerMode     cmsis_os.o
    0x08004810   0x08004810   0x00000044   Code   RO         6016    i.main              main.o
    0x08004854   0x08004854   0x0000000c   Code   RO         5635    i.makeFreeRtosPriority  cmsis_os.o
    0x08004860   0x08004860   0x0000006c   Code   RO         7014    i.malloc            mc_w.l(malloc.o)
    0x080048cc   0x080048cc   0x0000000e   Code   RO         5637    i.osDelay           cmsis_os.o
    0x080048da   0x080048da   0x0000000a   Code   RO         5640    i.osKernelStart     cmsis_os.o
    0x080048e4   0x080048e4   0x00000008   Code   RO         5649    i.osMessageCreate   cmsis_os.o
    0x080048ec   0x080048ec   0x0000009e   Code   RO         5651    i.osMessageGet      cmsis_os.o
    0x0800498a   0x0800498a   0x00000002   PAD
    0x0800498c   0x0800498c   0x0000005c   Code   RO         5653    i.osMessagePut      cmsis_os.o
    0x080049e8   0x080049e8   0x0000002e   Code   RO         5674    i.osThreadCreate    cmsis_os.o
    0x08004a16   0x08004a16   0x00000002   PAD
    0x08004a18   0x08004a18   0x00000070   Code   RO         5346    i.prvAddCurrentTaskToDelayedList  tasks.o
    0x08004a88   0x08004a88   0x000000d0   Code   RO         5347    i.prvAddNewTaskToReadyList  tasks.o
    0x08004b58   0x08004b58   0x00000054   Code   RO         5348    i.prvCheckTasksWaitingTermination  tasks.o
    0x08004bac   0x08004bac   0x00000026   Code   RO         5206    i.prvCopyDataFromQueue  queue.o
    0x08004bd2   0x08004bd2   0x0000006c   Code   RO         5207    i.prvCopyDataToQueue  queue.o
    0x08004c3e   0x08004c3e   0x00000014   Code   RO         5349    i.prvDeleteTCB      tasks.o
    0x08004c52   0x08004c52   0x00000002   PAD
    0x08004c54   0x08004c54   0x00000048   Code   RO         4923    i.prvHeapInit       heap_4.o
    0x08004c9c   0x08004c9c   0x00000028   Code   RO         5350    i.prvIdleTask       tasks.o
    0x08004cc4   0x08004cc4   0x0000008e   Code   RO         5351    i.prvInitialiseNewTask  tasks.o
    0x08004d52   0x08004d52   0x00000002   PAD
    0x08004d54   0x08004d54   0x0000004c   Code   RO         4924    i.prvInsertBlockIntoFreeList  heap_4.o
    0x08004da0   0x08004da0   0x0000001a   Code   RO         5208    i.prvIsQueueEmpty   queue.o
    0x08004dba   0x08004dba   0x00000002   PAD
    0x08004dbc   0x08004dbc   0x00000020   Code   RO         5352    i.prvResetNextTaskUnblockTime  tasks.o
    0x08004ddc   0x08004ddc   0x00000028   Code   RO         4998    i.prvTaskExitError  port.o
    0x08004e04   0x08004e04   0x0000006a   Code   RO         5209    i.prvUnlockQueue    queue.o
    0x08004e6e   0x08004e6e   0x00000002   PAD
    0x08004e70   0x08004e70   0x000000d8   Code   RO         4925    i.pvPortMalloc      heap_4.o
    0x08004f48   0x08004f48   0x00000018   Code   RO         5354    i.pvTaskIncrementMutexHeldCount  tasks.o
    0x08004f60   0x08004f60   0x0000002c   Code   RO         4999    i.pxPortInitialiseStack  port.o
    0x08004f8c   0x08004f8c   0x00000024   Code   RO         5169    i.uxListRemove      list.o
    0x08004fb0   0x08004fb0   0x000000b8   Code   RO         6017    i.vCustomer_Gen     main.o
    0x08005068   0x08005068   0x00000016   Code   RO         5170    i.vListInitialise   list.o
    0x0800507e   0x0800507e   0x00000006   Code   RO         5171    i.vListInitialiseItem  list.o
    0x08005084   0x08005084   0x00000030   Code   RO         5172    i.vListInsert       list.o
    0x080050b4   0x080050b4   0x00000018   Code   RO         5173    i.vListInsertEnd    list.o
    0x080050cc   0x080050cc   0x00000040   Code   RO         5001    i.vPortEnterCritical  port.o
    0x0800510c   0x0800510c   0x00000028   Code   RO         5002    i.vPortExitCritical  port.o
    0x08005134   0x08005134   0x0000005c   Code   RO         4926    i.vPortFree         heap_4.o
    0x08005190   0x08005190   0x00000020   Code   RO         5003    i.vPortSetupTimerInterrupt  port.o
    0x080051b0   0x080051b0   0x00000054   Code   RO         5004    i.vPortValidateInterruptPriority  port.o
    0x08005204   0x08005204   0x0000004c   Code   RO         5360    i.vTaskDelay        tasks.o
    0x08005250   0x08005250   0x0000000c   Code   RO         5363    i.vTaskMissedYield  tasks.o
    0x0800525c   0x0800525c   0x00000030   Code   RO         5365    i.vTaskPlaceOnEventList  tasks.o
    0x0800528c   0x0800528c   0x00000084   Code   RO         5367    i.vTaskPriorityInherit  tasks.o
    0x08005310   0x08005310   0x00000024   Code   RO         5370    i.vTaskSetTimeOutState  tasks.o
    0x08005334   0x08005334   0x00000068   Code   RO         5371    i.vTaskStartScheduler  tasks.o
    0x0800539c   0x0800539c   0x00000010   Code   RO         5373    i.vTaskSuspendAll   tasks.o
    0x080053ac   0x080053ac   0x0000005c   Code   RO         5374    i.vTaskSwitchContext  tasks.o
    0x08005408   0x08005408   0x000000e4   Code   RO         5005    i.xPortStartScheduler  port.o
    0x080054ec   0x080054ec   0x0000002c   Code   RO         5006    i.xPortSysTickHandler  port.o
    0x08005518   0x08005518   0x00000048   Code   RO         5217    i.xQueueGenericCreate  queue.o
    0x08005560   0x08005560   0x00000176   Code   RO         5218    i.xQueueGenericReceive  queue.o
    0x080056d6   0x080056d6   0x00000002   PAD
    0x080056d8   0x080056d8   0x00000088   Code   RO         5219    i.xQueueGenericReset  queue.o
    0x08005760   0x08005760   0x0000016a   Code   RO         5220    i.xQueueGenericSend  queue.o
    0x080058ca   0x080058ca   0x000000bc   Code   RO         5221    i.xQueueGenericSendFromISR  queue.o
    0x08005986   0x08005986   0x0000009a   Code   RO         5226    i.xQueueReceiveFromISR  queue.o
    0x08005a20   0x08005a20   0x0000006c   Code   RO         5375    i.xTaskCheckForTimeOut  tasks.o
    0x08005a8c   0x08005a8c   0x0000005c   Code   RO         5376    i.xTaskCreate       tasks.o
    0x08005ae8   0x08005ae8   0x0000001c   Code   RO         5380    i.xTaskGetSchedulerState  tasks.o
    0x08005b04   0x08005b04   0x000000c8   Code   RO         5383    i.xTaskIncrementTick  tasks.o
    0x08005bcc   0x08005bcc   0x00000098   Code   RO         5386    i.xTaskPriorityDisinherit  tasks.o
    0x08005c64   0x08005c64   0x00000074   Code   RO         5387    i.xTaskRemoveFromEventList  tasks.o
    0x08005cd8   0x08005cd8   0x000000c4   Code   RO         5389    i.xTaskResumeAll    tasks.o
    0x08005d9c   0x08005d9c   0x0000001c   Data   RO           32    .constdata          usbh_core.o
    0x08005db8   0x08005db8   0x00000014   Data   RO         6133    .constdata          freertos.o
    0x08005dcc   0x08005dcc   0x00000040   Data   RO         6708    .constdata          system_stm32l4xx.o
    0x08005e0c   0x08005e0c   0x00000008   Data   RO         6709    .constdata          system_stm32l4xx.o
    0x08005e14   0x08005e14   0x0000000c   Data   RO           33    .conststring        usbh_core.o
    0x08005e20   0x08005e20   0x00000004   Data   RO          553    .conststring        usbh_cdc.o
    0x08005e24   0x08005e24   0x0000000c   Data   RO         6134    .conststring        freertos.o
    0x08005e30   0x08005e30   0x00000020   Data   RO         7085    Region$$Table       anon$$obj.o


    Execution Region RW_IRAM1 (Exec base: 0x20000000, Load base: 0x08005e50, Size: 0x000026d0, Max: 0x00018000, ABSOLUTE)

    Exec Addr    Load Addr    Size         Type   Attr      Idx    E Section Name        Object

    0x20000000   0x08005e50   0x00000020   Data   RW          554    .data               usbh_cdc.o
    0x20000020   0x08005e70   0x00000004   Data   RW         3615    .data               stm32l4xx_hal.o
    0x20000024   0x08005e74   0x00000018   Data   RW         4931    .data               heap_4.o
    0x2000003c   0x08005e8c   0x0000000c   Data   RW         5007    .data               port.o
    0x20000048   0x08005e98   0x0000003c   Data   RW         5392    .data               tasks.o
    0x20000084   0x08005ed4   0x00000004   Data   RW         6135    .data               freertos.o
    0x20000088   0x08005ed8   0x00000001   Data   RW         6394    .data               usb_host.o
    0x20000089   0x08005ed9   0x00000003   PAD
    0x2000008c   0x08005edc   0x00000004   Data   RW         6710    .data               system_stm32l4xx.o
    0x20000090   0x08005ee0   0x00000004   Data   RW         7064    .data               mc_w.l(mvars.o)
    0x20000094   0x08005ee4   0x00000004   Data   RW         7065    .data               mc_w.l(mvars.o)
    0x20000098        -       0x00001770   Zero   RW         4930    .bss                heap_4.o
    0x20001808        -       0x000000f0   Zero   RW         5391    .bss                tasks.o
    0x200018f8        -       0x00000020   Zero   RW         6018    .bss                main.o
    0x20001918        -       0x00000098   Zero   RW         6161    .bss                i2c.o
    0x200019b0        -       0x00000078   Zero   RW         6337    .bss                usart.o
    0x20001a28        -       0x000003d0   Zero   RW         6393    .bss                usb_host.o
    0x20001df8        -       0x00000298   Zero   RW         6449    .bss                usbh_conf.o
    0x20002090        -       0x00000040   Zero   RW         6669    .bss                stm32l4xx_hal_timebase_tim.o
    0x200020d0        -       0x00000200   Zero   RW            2    HEAP                startup_stm32l476xx.o
    0x200022d0        -       0x00000400   Zero   RW            1    STACK               startup_stm32l476xx.o


==============================================================================

Image component sizes


      Code (inc. data)   RO Data    RW Data    ZI Data      Debug   Object Name

       352         10          0          0          0      17305   cmsis_os.o
         0          0          0          0          0       8044   event_groups.o
        52         10         32          4          0       1670   freertos.o
       534         28          0          0          0       1191   gpio.o
       456         22          0         24       6000       8871   heap_4.o
       236         44          0          0        152       1723   i2c.o
       136          0          0          0          0       3530   list.o
       474        100          0          0         32       4450   main.o
       794         82          0         12          0      11877   port.o
      1564         16          0          0          0      13788   queue.o
        36          8        392          0       1536        832   startup_stm32l476xx.o
        92         16          0          4          0       3516   stm32l4xx_hal.o
       218         14          0          0          0      30985   stm32l4xx_hal_cortex.o
       476         36          0          0          0       2640   stm32l4xx_hal_gpio.o
      2252          4          0          0          0      13413   stm32l4xx_hal_hcd.o
       184          6          0          0          0       2983   stm32l4xx_hal_i2c.o
       168          0          0          0          0       1911   stm32l4xx_hal_i2c_ex.o
       128          6          0          0          0        902   stm32l4xx_hal_msp.o
       132         24          0          0          0       1903   stm32l4xx_hal_pwr_ex.o
      1942        102          0          0          0       7997   stm32l4xx_hal_rcc.o
      1522         48          0          0          0       4789   stm32l4xx_hal_rcc_ex.o
       638         32          0          0          0       7256   stm32l4xx_hal_tim.o
         4          0          0          0          0       1742   stm32l4xx_hal_tim_ex.o
       116         18          0          0         64       1440   stm32l4xx_hal_timebase_tim.o
      1196         68          0          0          0       5281   stm32l4xx_hal_uart.o
        44         12          0          0          0       1420   stm32l4xx_it.o
      1768         32          0          0          0      16094   stm32l4xx_ll_usb.o
        68         12         72          4          0       1205   system_stm32l4xx.o
      2070        172          0         60        240      22405   tasks.o
       252         44          0          0        120       3370   usart.o
        76         18          0          1        976       1648   usb_host.o
       904          6          4         32          0      12816   usbh_cdc.o
       594         32          0          0        664      11284   usbh_conf.o
      1186         26         40          0          0     875682   usbh_core.o
      1132         12          0          0          0       9900   usbh_ctlreq.o
       182          0          0          0          0       4380   usbh_ioreq.o
       106          0          0          0          0       3258   usbh_pipes.o
        24          6          0          0          0        518   usbh_platform.o

    ----------------------------------------------------------------------
     22144       1066        572        144       9784    1124019   Object Totals
         0          0         32          0          0          0   (incl. Generated)
        36          0          0          3          0          0   (incl. Padding)

    ----------------------------------------------------------------------

      Code (inc. data)   RO Data    RW Data    ZI Data      Debug   Library Member Name

         0          0          0          0          0          0   entry.o
         0          0          0          0          0          0   entry10a.o
         0          0          0          0          0          0   entry11a.o
         8          4          0          0          0          0   entry2.o
         4          0          0          0          0          0   entry5.o
         0          0          0          0          0          0   entry7b.o
         0          0          0          0          0          0   entry8b.o
         8          4          0          0          0          0   entry9a.o
        30          0          0          0          0          0   handlers.o
        36          8          0          0          0         68   init.o
        30          0          0          0          0         68   llshl.o
        32          0          0          0          0         68   llushr.o
       188         20          0          0          0        160   malloc.o
        36          0          0          0          0         68   memcpya.o
         0          0          0          8          0          0   mvars.o
       890         10          0          0          0        420   printf6.o
        14          0          0          0          0         68   strlen.o
        44          0          0          0          0         80   uidiv.o
       104          0          0          0          0         92   uldiv.o

    ----------------------------------------------------------------------
      1428         46          0          8          0       1092   Library Totals
         4          0          0          0          0          0   (incl. Padding)

    ----------------------------------------------------------------------

      Code (inc. data)   RO Data    RW Data    ZI Data      Debug   Library Name

      1424         46          0          8          0       1092   mc_w.l

    ----------------------------------------------------------------------
      1428         46          0          8          0       1092   Library Totals

    ----------------------------------------------------------------------

==============================================================================


      Code (inc. data)   RO Data    RW Data    ZI Data      Debug   

     23572       1112        572        152       9784    1102595   Grand Totals
     23572       1112        572        152       9784    1102595   ELF Image Totals
     23572       1112        572        152          0          0   ROM Totals

==============================================================================

    Total RO  Size (Code + RO Data)                24144 (  23.58kB)
    Total RW  Size (RW Data + ZI Data)              9936 (   9.70kB)
    Total ROM Size (Code + RO Data + RW Data)      24296 (  23.73kB)

==============================================================================

