<html>
<body>
<pre>
<h1>µVision Build Log</h1>
<h2>Tool Versions:</h2>
IDE-Version: µVision V5.25.2.0
Copyright (C) 2018 ARM Ltd and ARM Germany GmbH. All rights reserved.
License Information: Larry Kiser, Rochester Institute of Technology, LIC=----
 
Tool Versions:
Toolchain:       MDK-Lite  Version: 5.25.2.0
Toolchain Path:  C:\Keil_v5\ARM\ARMCC\Bin
C Compiler:      Armcc.exe V5.06 update 6 (build 750)
Assembler:       Armasm.exe V5.06 update 6 (build 750)
Linker/Locator:  ArmLink.exe V5.06 update 6 (build 750)
Library Manager: ArmAr.exe V5.06 update 6 (build 750)
Hex Converter:   FromElf.exe V5.06 update 6 (build 750)
CPU DLL:         SARMCM3.DLL V5.25.2.0
Dialog DLL:      DCM.DLL V1.17.1.0
Target DLL:      STLink\ST-LINKIII-KEIL_SWO.dll V3.0.1.0
Dialog DLL:      TCM.DLL V1.35.1.0
 
<h2>Project:</h2>
Z:\RealTimeEmbededSystems\RealTimeEmbededSystems\multitasking_servo_driver.uvprojx
Project File Date:  02/25/2019

<h2>Output:</h2>
*** Using Compiler 'V5.06 update 6 (build 750)', folder: 'C:\Keil_v5\ARM\ARMCC\Bin'
Rebuild target 'Target 1'
assembling startup_stm32l476xx.s...
compiling LED.c...
compiling SysClock.c...
compiling main.c...
Timer_3_PIT.h(16): warning:  #1-D: last line of file ends without a newline
  #endif /*__TIMER_3_PIT_H*/
Servo_CL_Compiler.h(29): warning:  #1-D: last line of file ends without a newline
  #endif  /*__SERVO_CL_COMPILER_H*/
Servo.h(29): warning:  #1-D: last line of file ends without a newline
  #endif /*__SERVO_H*/
Timer_2_PWM.h(7): warning:  #1295-D: Deprecated declaration Init_Timer2 - give arg types
  void Init_Timer2();
Timer_2_PWM.h(11): warning:  #231-D: declaration is not visible outside of function
  void move_to_position(struct Servo* servo, int position);
Timer_2_PWM.h(14): warning:  #1-D: last line of file ends without a newline
  #endif /*__TIMER_2_INPUT_CAPTURE_H*/ 
Servo.h(29): warning:  #1-D: last line of file ends without a newline
  #endif /*__SERVO_H*/
Servo_CL_Compiler.h(29): warning:  #1-D: last line of file ends without a newline
  #endif  /*__SERVO_CL_COMPILER_H*/
main.c: 8 warnings, 0 errors
compiling Servo_CL_Compiler.c...
Servo_CL_Compiler.h(29): warning:  #1-D: last line of file ends without a newline
  #endif  /*__SERVO_CL_COMPILER_H*/
Servo.h(29): warning:  #1-D: last line of file ends without a newline
  #endif /*__SERVO_H*/
Timer_2_PWM.h(7): warning:  #1295-D: Deprecated declaration Init_Timer2 - give arg types
  void Init_Timer2();
Timer_2_PWM.h(11): warning:  #231-D: declaration is not visible outside of function
  void move_to_position(struct Servo* servo, int position);
Timer_2_PWM.h(14): warning:  #1-D: last line of file ends without a newline
  #endif /*__TIMER_2_INPUT_CAPTURE_H*/ 
Servo.h(29): warning:  #1-D: last line of file ends without a newline
  #endif /*__SERVO_H*/
Servo_CL_Compiler.h(29): warning:  #1-D: last line of file ends without a newline
  #endif  /*__SERVO_CL_COMPILER_H*/
Servo_CL_Compiler.c: 7 warnings, 0 errors
compiling UART.c...
compiling Timer_3_PIT.c...
Timer_3_PIT.h(16): warning:  #1-D: last line of file ends without a newline
  #endif /*__TIMER_3_PIT_H*/
Servo_CL_Compiler.h(29): warning:  #1-D: last line of file ends without a newline
  #endif  /*__SERVO_CL_COMPILER_H*/
Servo.h(29): warning:  #1-D: last line of file ends without a newline
  #endif /*__SERVO_H*/
Timer_2_PWM.h(7): warning:  #1295-D: Deprecated declaration Init_Timer2 - give arg types
  void Init_Timer2();
Timer_2_PWM.h(11): warning:  #231-D: declaration is not visible outside of function
  void move_to_position(struct Servo* servo, int position);
Timer_2_PWM.h(14): warning:  #1-D: last line of file ends without a newline
  #endif /*__TIMER_2_INPUT_CAPTURE_H*/ 
Servo.h(29): warning:  #1-D: last line of file ends without a newline
  #endif /*__SERVO_H*/
Servo_CL_Compiler.h(29): warning:  #1-D: last line of file ends without a newline
  #endif  /*__SERVO_CL_COMPILER_H*/
Timer_3_PIT.c: 8 warnings, 0 errors
compiling Servo.c...
Servo.h(29): warning:  #1-D: last line of file ends without a newline
  #endif /*__SERVO_H*/
Servo_CL_Compiler.h(29): warning:  #1-D: last line of file ends without a newline
  #endif  /*__SERVO_CL_COMPILER_H*/
Timer_2_PWM.h(7): warning:  #1295-D: Deprecated declaration Init_Timer2 - give arg types
  void Init_Timer2();
Timer_2_PWM.h(11): warning:  #231-D: declaration is not visible outside of function
  void move_to_position(struct Servo* servo, int position);
Timer_2_PWM.h(14): warning:  #1-D: last line of file ends without a newline
  #endif /*__TIMER_2_INPUT_CAPTURE_H*/ 
Servo.h(29): warning:  #1-D: last line of file ends without a newline
  #endif /*__SERVO_H*/
Servo.c(45): warning:  #167-D: argument of type "struct Servo *" is incompatible with parameter of type "struct Servo *"
  	move_to_position(servo,position);
Servo.c: 7 warnings, 0 errors
compiling Timer_2_PWM.c...
Servo.h(29): warning:  #1-D: last line of file ends without a newline
  #endif /*__SERVO_H*/
Servo_CL_Compiler.h(29): warning:  #1-D: last line of file ends without a newline
  #endif  /*__SERVO_CL_COMPILER_H*/
Timer_2_PWM.h(14): warning:  #1-D: last line of file ends without a newline
  #endif /*__TIMER_2_INPUT_CAPTURE_H*/ 
Servo.h(29): warning:  #1-D: last line of file ends without a newline
  #endif /*__SERVO_H*/
Timer_2_PWM.h(7): warning:  #1295-D: Deprecated declaration Init_Timer2 - give arg types
  void Init_Timer2();
Timer_2_PWM.h(14): warning:  #1-D: last line of file ends without a newline
  #endif /*__TIMER_2_INPUT_CAPTURE_H*/ 
Timer_2_PWM.c: 6 warnings, 0 errors
linking...
Program Size: Code=4036 RO-data=924 RW-data=48 ZI-data=1632  
FromELF: creating hex file...
".\Objects\multitasking_servo_driver.axf" - 0 Error(s), 36 Warning(s).

<h2>Software Packages used:</h2>

Package Vendor: ARM
                http://www.keil.com/pack/ARM.CMSIS.5.4.0.pack
                ARM.CMSIS.5.4.0
                CMSIS (Cortex Microcontroller Software Interface Standard)
   * Component: CORE Version: 5.1.2

Package Vendor: Keil
                http://www.keil.com/pack/Keil.STM32L4xx_DFP.2.0.0.pack
                Keil.STM32L4xx_DFP.2.0.0
                STMicroelectronics STM32L4 Series Device Support, Drivers and Examples

<h2>Collection of Component include folders:</h2>
  .\RTE\_Target_1
  C:\Keil_v5\ARM\PACK\ARM\CMSIS\5.4.0\CMSIS\Core\Include
  C:\Keil_v5\ARM\PACK\Keil\STM32L4xx_DFP\2.0.0\Drivers\CMSIS\Device\ST\STM32L4xx\Include

<h2>Collection of Component Files used:</h2>

   * Component: ARM::CMSIS:CORE:5.1.2
Build Time Elapsed:  00:00:08
</pre>
</body>
</html>
