<html>
<body>
<pre>
<h1>µVision Build Log</h1>
<h2>Tool Versions:</h2>
IDE-Version: µVision V5.25.2.0
Copyright (C) 2018 ARM Ltd and ARM Germany GmbH. All rights reserved.
License Information: Larry Kiser, Rochester Institute of Technology, LIC=----
 
Tool Versions:
Toolchain:       MDK-Lite  Version: 5.25.2.0
Toolchain Path:  C:\Keil_v5\ARM\ARMCC\Bin
C Compiler:      Armcc.exe V5.06 update 6 (build 750)
Assembler:       Armasm.exe V5.06 update 6 (build 750)
Linker/Locator:  ArmLink.exe V5.06 update 6 (build 750)
Library Manager: ArmAr.exe V5.06 update 6 (build 750)
Hex Converter:   FromElf.exe V5.06 update 6 (build 750)
CPU DLL:         SARMCM3.DLL V5.25.2.0
Dialog DLL:      DCM.DLL V1.17.1.0
Target DLL:      STLink\ST-LINKIII-KEIL_SWO.dll V3.0.1.0
Dialog DLL:      TCM.DLL V1.35.1.0
 
<h2>Project:</h2>
Z:\RealTimeEmbededSystems\RealTimeEmbededSystems-Project4\RealTimeEmbededSystems-Project4\MDK-ARM\BankSimulation.uvprojx
Project File Date:  03/31/2019

<h2>Output:</h2>
*** Using Compiler 'V5.06 update 6 (build 750)', folder: 'C:\Keil_v5\ARM\ARMCC\Bin'
Build target 'BankSimulation'
compiling bank_simulation.c...
../Inc/teller.h(19): warning:  #1-D: last line of file ends without a newline
  #endif /*__TELLER_H*/
../Inc/customer.h(13): warning:  #1-D: last line of file ends without a newline
  //#endif /*__CUSTOMER_H*/
../Inc/bank_simulation.h(29): warning:  #1-D: last line of file ends without a newline
  #endif /*__BANK_SIMULATION_H*/
../Inc/customer_pool.h(14): warning:  #1-D: last line of file ends without a newline
  #endif /*__CUSTOMER_POOL_H*/
../Inc/bank_simulation.h(29): warning:  #1-D: last line of file ends without a newline
  #endif /*__BANK_SIMULATION_H*/
..\Src\bank_simulation.c(8): warning:  #550-D: parameter "time"  was set but never used
  void updateEnter(struct Customer_Ts time, uint32_t customer_arival)
..\Src\bank_simulation.c(30): warning:  #550-D: parameter "time"  was set but never used
  void updateLeave(struct Customer_Ts time, uint32_t customer_left)
..\Src\bank_simulation.c(64): warning:  #550-D: parameter "lengh"  was set but never used
  void update_MaxQueu_size(struct queuesize lengh, int currentlength)
..\Src\bank_simulation.c(137): warning:  #177-D: variable "n"  was declared but never referenced
  	uint32_t n, customer_wait_time;
..\Src\bank_simulation.c(138): warning:  #177-D: variable "buffer"  was declared but never referenced
  	uint8_t buffer[BUFFER_SIZE];
..\Src\bank_simulation.c(193): warning:  #940-D: missing return statement at end of non-void function "displayTellerState" 
  }
..\Src\bank_simulation.c(245): warning:  #177-D: variable "max_queue_size"  was declared but never referenced
  			int max_queue_size =  currentsize.size;
..\Src\bank_simulation.c(200): warning:  #177-D: variable "queue_max"  was declared but never referenced
  	uint32_t queue_max = 0;
..\Src\bank_simulation.c: 13 warnings, 0 errors
compiling main.c...
../Inc/teller.h(19): warning:  #1-D: last line of file ends without a newline
  #endif /*__TELLER_H*/
../Inc/customer.h(13): warning:  #1-D: last line of file ends without a newline
  //#endif /*__CUSTOMER_H*/
../Inc/bank_simulation.h(29): warning:  #1-D: last line of file ends without a newline
  #endif /*__BANK_SIMULATION_H*/
../Inc/customer_pool.h(14): warning:  #1-D: last line of file ends without a newline
  #endif /*__CUSTOMER_POOL_H*/
../Inc/bank_simulation.h(29): warning:  #1-D: last line of file ends without a newline
  #endif /*__BANK_SIMULATION_H*/
../Inc/Timer_3_PIT.h(13): warning:  #1-D: last line of file ends without a newline
  #endif /*__TIMER_3_PIT_H*/
../Src/main.c(106): warning:  #1295-D: Deprecated declaration green_led_toggle - give arg types
  void green_led_toggle();
../Src/main.c(107): warning:  #1295-D: Deprecated declaration red_led_toggle - give arg types
  void red_led_toggle();
../Src/main.c(125): warning:  #177-D: variable "pcTaskName"  was declared but never referenced
  	const char *pcTaskName = "Task 1 is running\r\n";
../Src/main.c(139): warning:  #177-D: variable "pcTaskName"  was declared but never referenced
  	const char *pcTaskName = "Task 2\r\n";
../Src/main.c: 10 warnings, 0 errors
linking...
Program Size: Code=17796 RO-data=1032 RW-data=160 ZI-data=17424  
FromELF: creating hex file...
"BankSimulation\BankSimulation.axf" - 0 Error(s), 23 Warning(s).

<h2>Software Packages used:</h2>

Package Vendor: ARM
                http://www.keil.com/pack/ARM.CMSIS.5.4.0.pack
                ARM.CMSIS.5.4.0
                CMSIS (Cortex Microcontroller Software Interface Standard)
   * Component: CORE Version: 5.1.2

Package Vendor: Keil
                http://www.keil.com/pack/Keil.STM32L4xx_DFP.2.0.0.pack
                Keil.STM32L4xx_DFP.2.0.0
                STMicroelectronics STM32L4 Series Device Support, Drivers and Examples

<h2>Collection of Component include folders:</h2>
  .\RTE\_BankSimulation
  C:\Keil_v5\ARM\PACK\ARM\CMSIS\5.4.0\CMSIS\Core\Include
  C:\Keil_v5\ARM\PACK\Keil\STM32L4xx_DFP\2.0.0\Drivers\CMSIS\Device\ST\STM32L4xx\Include

<h2>Collection of Component Files used:</h2>

   * Component: ARM::CMSIS:CORE:5.1.2
Build Time Elapsed:  00:00:13
</pre>
</body>
</html>
