<html>
<body>
<pre>
<h1>µVision Build Log</h1>
<h2>Tool Versions:</h2>
IDE-Version: µVision V5.26.2.0
Copyright (C) 2018 ARM Ltd and ARM Germany GmbH. All rights reserved.
License Information: Claire Bear, University, LIC=----
 
Tool Versions:
Toolchain:       MDK-Lite  Version: 5.26.2.0
Toolchain Path:  C:\Keil_v5\ARM\ARMCC\Bin
C Compiler:      Armcc.exe V5.06 update 6 (build 750)
Assembler:       Armasm.exe V5.06 update 6 (build 750)
Linker/Locator:  ArmLink.exe V5.06 update 6 (build 750)
Library Manager: ArmAr.exe V5.06 update 6 (build 750)
Hex Converter:   FromElf.exe V5.06 update 6 (build 750)
CPU DLL:         SARMCM3.DLL V5.26.2.0
Dialog DLL:      DCM.DLL V1.17.2.0
Target DLL:      STLink\ST-LINKIII-KEIL_SWO.dll V3.0.5.0
Dialog DLL:      TCM.DLL V1.36.1.0
 
<h2>Project:</h2>
\\Mac\axt3290\SWEN-563\Project_4\MDK-ARM\BankSimulation.uvprojx
Project File Date:  03/31/2019

<h2>Output:</h2>
*** Using Compiler 'V5.06 update 6 (build 750)', folder: 'C:\Keil_v5\ARM\ARMCC\Bin'
Build target 'BankSimulation'
assembling startup_stm32l476xx.s...
compiling main.c...
../Inc/teller.h(19): warning:  #1-D: last line of file ends without a newline
  #endif /*__TELLER_H*/
../Inc/customer.h(13): warning:  #1-D: last line of file ends without a newline
  //#endif /*__CUSTOMER_H*/
../Inc/bank_simulation.h(18): warning:  #1-D: last line of file ends without a newline
  #endif /*__BANK_SIMULATION_H*/
../Inc/Timer_3_PIT.h(13): warning:  #1-D: last line of file ends without a newline
  #endif /*__TIMER_3_PIT_H*/
../Src/main.c(106): warning:  #1295-D: Deprecated declaration green_led_toggle - give arg types
  void green_led_toggle();
../Src/main.c(107): warning:  #1295-D: Deprecated declaration red_led_toggle - give arg types
  void red_led_toggle();
../Src/main.c(125): warning:  #177-D: variable "pcTaskName"  was declared but never referenced
        const char *pcTaskName = "Task 1 is running\r\n";
../Src/main.c(139): warning:  #177-D: variable "pcTaskName"  was declared but never referenced
        const char *pcTaskName = "Task 2\r\n";
../Src/main.c: 8 warnings, 0 errors
compiling freertos.c...
compiling stm32l4xx_it.c...
compiling stm32l4xx_hal_msp.c...
compiling stm32l4xx_hal_timebase_tim.c...
compiling bank_simulation.c...
../Inc/teller.h(19): warning:  #1-D: last line of file ends without a newline
  #endif /*__TELLER_H*/
../Inc/customer.h(13): warning:  #1-D: last line of file ends without a newline
  //#endif /*__CUSTOMER_H*/
../Inc/bank_simulation.h(18): warning:  #1-D: last line of file ends without a newline
  #endif /*__BANK_SIMULATION_H*/
..\Src\bank_simulation.c(17): warning:  #550-D: parameter "time"  was set but never used
  void updateEnter(struct Customer_Ts time, uint32_t customer_arival)
..\Src\bank_simulation.c(39): warning:  #550-D: parameter "time"  was set but never used
  void updateLeave(struct Customer_Ts time, uint32_t customer_left)
..\Src\bank_simulation.c(73): warning:  #550-D: parameter "lengh"  was set but never used
  void update_MaxQueu_size(struct queuesize lengh, int currentlength)
..\Src\bank_simulation.c(144): warning:  #177-D: variable "buffer"  was declared but never referenced
        uint8_t buffer[BUFFER_SIZE];
..\Src\bank_simulation.c(197): warning:  #940-D: missing return statement at end of non-void function "displayTellerState" 
  }
..\Src\bank_simulation.c(204): warning:  #177-D: variable "queue_max"  was declared but never referenced
        uint32_t queue_max = 0;
..\Src\bank_simulation.c: 9 warnings, 0 errors
compiling teller.c...
../Inc/teller.h(19): warning:  #1-D: last line of file ends without a newline
  #endif /*__TELLER_H*/
teller.c(32): warning:  #1-D: last line of file ends without a newline
  }
teller.c: 2 warnings, 0 errors
compiling Timer_3_PIT.c...
../Inc/Timer_3_PIT.h(13): warning:  #1-D: last line of file ends without a newline
  #endif /*__TIMER_3_PIT_H*/
..\Src\Timer_3_PIT.c: 1 warning, 0 errors
compiling customer.c...
../Inc/customer.h(13): warning:  #1-D: last line of file ends without a newline
  //#endif /*__CUSTOMER_H*/
..\Src\customer.c: 1 warning, 0 errors
compiling stm32l4xx_hal_rng.c...
compiling stm32l4xx_hal_tim.c...
compiling stm32l4xx_hal_tim_ex.c...
compiling stm32l4xx_hal_uart.c...
compiling stm32l4xx_hal_uart_ex.c...
compiling stm32l4xx_hal.c...
compiling stm32l4xx_hal_i2c.c...
compiling stm32l4xx_hal_i2c_ex.c...
compiling stm32l4xx_hal_rcc.c...
compiling stm32l4xx_hal_rcc_ex.c...
compiling stm32l4xx_hal_flash.c...
compiling stm32l4xx_hal_flash_ex.c...
compiling stm32l4xx_hal_flash_ramfunc.c...
compiling stm32l4xx_hal_gpio.c...
compiling stm32l4xx_hal_dma.c...
compiling stm32l4xx_hal_dma_ex.c...
compiling stm32l4xx_hal_pwr.c...
compiling stm32l4xx_hal_pwr_ex.c...
compiling stm32l4xx_hal_cortex.c...
compiling system_stm32l4xx.c...
compiling croutine.c...
compiling event_groups.c...
compiling list.c...
compiling queue.c...
compiling stream_buffer.c...
compiling tasks.c...
compiling timers.c...
compiling cmsis_os.c...
compiling heap_4.c...
compiling port.c...
linking...
Program Size: Code=17684 RO-data=1032 RW-data=152 ZI-data=17400  
FromELF: creating hex file...
"BankSimulation\BankSimulation.axf" - 0 Error(s), 21 Warning(s).

<h2>Software Packages used:</h2>

Package Vendor: ARM
                http://www.keil.com/pack/ARM.CMSIS.5.4.0.pack
                ARM.CMSIS.5.4.0
                CMSIS (Cortex Microcontroller Software Interface Standard)
   * Component: CORE Version: 5.1.2

Package Vendor: Keil
                http://www.keil.com/pack/Keil.STM32L4xx_DFP.2.2.0.pack
                Keil.STM32L4xx_DFP.2.2.0
                STMicroelectronics STM32L4 Series Device Support, Drivers and Examples

<h2>Collection of Component include folders:</h2>
  .\RTE\_BankSimulation
  C:\Keil_v5\ARM\PACK\ARM\CMSIS\5.4.0\CMSIS\Core\Include
  C:\Keil_v5\ARM\PACK\Keil\STM32L4xx_DFP\2.2.0\Drivers\CMSIS\Device\ST\STM32L4xx\Include

<h2>Collection of Component Files used:</h2>

   * Component: ARM::CMSIS:CORE:5.1.2
Build Time Elapsed:  00:02:44
</pre>
</body>
</html>
