<html>
<body>
<pre>
<h1>µVision Build Log</h1>
<h2>Tool Versions:</h2>
IDE-Version: µVision V5.25.2.0
Copyright (C) 2018 ARM Ltd and ARM Germany GmbH. All rights reserved.
License Information: Larry Kiser, Rochester Institute of Technology, LIC=----
 
Tool Versions:
Toolchain:       MDK-Lite  Version: 5.25.2.0
Toolchain Path:  C:\Keil_v5\ARM\ARMCC\Bin
C Compiler:      Armcc.exe V5.06 update 6 (build 750)
Assembler:       Armasm.exe V5.06 update 6 (build 750)
Linker/Locator:  ArmLink.exe V5.06 update 6 (build 750)
Library Manager: ArmAr.exe V5.06 update 6 (build 750)
Hex Converter:   FromElf.exe V5.06 update 6 (build 750)
CPU DLL:         SARMCM3.DLL V5.25.2.0
Dialog DLL:      DCM.DLL V1.17.1.0
Target DLL:      STLink\ST-LINKIII-KEIL_SWO.dll V3.0.1.0
Dialog DLL:      TCM.DLL V1.35.1.0
 
<h2>Project:</h2>
Z:\RealTimeEmbededSystems\multitasking_servo_driver.uvprojx
Project File Date:  03/03/2019

<h2>Output:</h2>
*** Using Compiler 'V5.06 update 6 (build 750)', folder: 'C:\Keil_v5\ARM\ARMCC\Bin'
Build target 'Target 1'
compiling Servo.c...
Servo.h(32): warning:  #1-D: last line of file ends without a newline
  #endif /*__SERVO_H*/
stack.h(30): warning:  #1-D: last line of file ends without a newline
  #endif  /*__STACK_H*/
Timer_2_PWM.h(11): warning:  #1295-D: Deprecated declaration Init_Timer2 - give arg types
  void Init_Timer2();
Timer_2_PWM.h(15): warning:  #231-D: declaration is not visible outside of function
  void move_to_position(struct Servo* servo, int position);
Timer_2_PWM.h(18): warning:  #1-D: last line of file ends without a newline
  #endif /*__TIMER_2_PWM_H*/ 
Timer_3_PIT.h(20): warning:  #1-D: last line of file ends without a newline
  #endif /*__TIMER_3_PIT_H*/
multitasking_servo_driver.h(25): warning:  #1-D: last line of file ends without a newline
  #endif  /*MULTITASKING_SERVO_DRVIER_H*/
overrides.h(22): warning:  #1-D: last line of file ends without a newline
  #endif  //__OVERRIEDES_H
multitasking_servo_driver.h(25): warning:  #1-D: last line of file ends without a newline
  #endif  /*MULTITASKING_SERVO_DRVIER_H*/
Servo.h(32): warning:  #1-D: last line of file ends without a newline
  #endif /*__SERVO_H*/
Servo.c(58): warning:  #167-D: argument of type "struct Servo *" is incompatible with parameter of type "struct Servo *"
  		move_to_position(servo,servo->position - 1);
Servo.c(63): warning:  #167-D: argument of type "struct Servo *" is incompatible with parameter of type "struct Servo *"
  		move_to_position(servo,servo->position);
Servo.c(71): warning:  #167-D: argument of type "struct Servo *" is incompatible with parameter of type "struct Servo *"
  		move_to_position(servo,servo->position + 1);
Servo.c(76): warning:  #167-D: argument of type "struct Servo *" is incompatible with parameter of type "struct Servo *"
  		move_to_position(servo,servo->position);
Servo.c(104): warning:  #167-D: argument of type "struct Servo *" is incompatible with parameter of type "struct Servo *"
  					move_to_position(servo,parameter);
Servo.c(111): warning:  #167-D: argument of type "struct Servo *" is incompatible with parameter of type "struct Servo *"
  					move_to_position(servo,parameter);
Servo.c(118): warning:  #167-D: argument of type "struct Servo *" is incompatible with parameter of type "struct Servo *"
  					move_to_position(servo,parameter);
Servo.c(121): warning:  #111-D: statement is unreachable
  				break;
Servo.c(92): warning:  #546-D: transfer of control bypasses initialization of:
            variable "count"  (declared at line 100)
  		switch(op)
  		^
Servo.c: 19 warnings, 0 errors
compiling main.c...
stack.h(30): warning:  #1-D: last line of file ends without a newline
  #endif  /*__STACK_H*/
Servo.h(32): warning:  #1-D: last line of file ends without a newline
  #endif /*__SERVO_H*/
Timer_2_PWM.h(11): warning:  #1295-D: Deprecated declaration Init_Timer2 - give arg types
  void Init_Timer2();
Timer_2_PWM.h(15): warning:  #231-D: declaration is not visible outside of function
  void move_to_position(struct Servo* servo, int position);
Timer_2_PWM.h(18): warning:  #1-D: last line of file ends without a newline
  #endif /*__TIMER_2_PWM_H*/ 
multitasking_servo_driver.h(25): warning:  #1-D: last line of file ends without a newline
  #endif  /*MULTITASKING_SERVO_DRVIER_H*/
Servo.h(32): warning:  #1-D: last line of file ends without a newline
  #endif /*__SERVO_H*/
stack.h(30): warning:  #1-D: last line of file ends without a newline
  #endif  /*__STACK_H*/
Timer_3_PIT.h(20): warning:  #1-D: last line of file ends without a newline
  #endif /*__TIMER_3_PIT_H*/
overrides.h(22): warning:  #1-D: last line of file ends without a newline
  #endif  //__OVERRIEDES_H
multitasking_servo_driver.h(25): warning:  #1-D: last line of file ends without a newline
  #endif  /*MULTITASKING_SERVO_DRVIER_H*/
main.c: 11 warnings, 0 errors
compiling Timer_3_PIT.c...
stack.h(30): warning:  #1-D: last line of file ends without a newline
  #endif  /*__STACK_H*/
Servo.h(32): warning:  #1-D: last line of file ends without a newline
  #endif /*__SERVO_H*/
Timer_2_PWM.h(11): warning:  #1295-D: Deprecated declaration Init_Timer2 - give arg types
  void Init_Timer2();
Timer_2_PWM.h(15): warning:  #231-D: declaration is not visible outside of function
  void move_to_position(struct Servo* servo, int position);
Timer_2_PWM.h(18): warning:  #1-D: last line of file ends without a newline
  #endif /*__TIMER_2_PWM_H*/ 
Timer_3_PIT.h(20): warning:  #1-D: last line of file ends without a newline
  #endif /*__TIMER_3_PIT_H*/
multitasking_servo_driver.h(25): warning:  #1-D: last line of file ends without a newline
  #endif  /*MULTITASKING_SERVO_DRVIER_H*/
overrides.h(22): warning:  #1-D: last line of file ends without a newline
  #endif  //__OVERRIEDES_H
multitasking_servo_driver.h(25): warning:  #1-D: last line of file ends without a newline
  #endif  /*MULTITASKING_SERVO_DRVIER_H*/
Servo.h(32): warning:  #1-D: last line of file ends without a newline
  #endif /*__SERVO_H*/
stack.h(30): warning:  #1-D: last line of file ends without a newline
  #endif  /*__STACK_H*/
Timer_3_PIT.h(20): warning:  #1-D: last line of file ends without a newline
  #endif /*__TIMER_3_PIT_H*/
Timer_3_PIT.c: 12 warnings, 0 errors
compiling Timer_2_PWM.c...
Servo.h(32): warning:  #1-D: last line of file ends without a newline
  #endif /*__SERVO_H*/
stack.h(30): warning:  #1-D: last line of file ends without a newline
  #endif  /*__STACK_H*/
Timer_2_PWM.h(18): warning:  #1-D: last line of file ends without a newline
  #endif /*__TIMER_2_PWM_H*/ 
Timer_3_PIT.h(20): warning:  #1-D: last line of file ends without a newline
  #endif /*__TIMER_3_PIT_H*/
multitasking_servo_driver.h(25): warning:  #1-D: last line of file ends without a newline
  #endif  /*MULTITASKING_SERVO_DRVIER_H*/
overrides.h(22): warning:  #1-D: last line of file ends without a newline
  #endif  //__OVERRIEDES_H
multitasking_servo_driver.h(25): warning:  #1-D: last line of file ends without a newline
  #endif  /*MULTITASKING_SERVO_DRVIER_H*/
Servo.h(32): warning:  #1-D: last line of file ends without a newline
  #endif /*__SERVO_H*/
Timer_2_PWM.h(11): warning:  #1295-D: Deprecated declaration Init_Timer2 - give arg types
  void Init_Timer2();
Timer_2_PWM.h(18): warning:  #1-D: last line of file ends without a newline
  #endif /*__TIMER_2_PWM_H*/ 
Timer_2_PWM.c: 10 warnings, 0 errors
compiling multitasking_servo_driver.c...
stack.h(30): warning:  #1-D: last line of file ends without a newline
  #endif  /*__STACK_H*/
Servo.h(32): warning:  #1-D: last line of file ends without a newline
  #endif /*__SERVO_H*/
Timer_2_PWM.h(11): warning:  #1295-D: Deprecated declaration Init_Timer2 - give arg types
  void Init_Timer2();
Timer_2_PWM.h(15): warning:  #231-D: declaration is not visible outside of function
  void move_to_position(struct Servo* servo, int position);
Timer_2_PWM.h(18): warning:  #1-D: last line of file ends without a newline
  #endif /*__TIMER_2_PWM_H*/ 
multitasking_servo_driver.h(25): warning:  #1-D: last line of file ends without a newline
  #endif  /*MULTITASKING_SERVO_DRVIER_H*/
Servo.h(32): warning:  #1-D: last line of file ends without a newline
  #endif /*__SERVO_H*/
stack.h(30): warning:  #1-D: last line of file ends without a newline
  #endif  /*__STACK_H*/
Timer_3_PIT.h(20): warning:  #1-D: last line of file ends without a newline
  #endif /*__TIMER_3_PIT_H*/
overrides.h(22): warning:  #1-D: last line of file ends without a newline
  #endif  //__OVERRIEDES_H
multitasking_servo_driver.h(25): warning:  #1-D: last line of file ends without a newline
  #endif  /*MULTITASKING_SERVO_DRVIER_H*/
multitasking_servo_driver.c(72): warning:  #1-D: last line of file ends without a newline
  }
multitasking_servo_driver.c(3): warning:  #177-D: variable "commands"  was declared but never referenced
  static uint8_t commands[20] = {MOV+0,MOV+5,MOV+0,MOV+3,LOOP+0,MOV+1,MOV+4,END_LOOP,MOV+0,MOV+2,WAIT+0,MOV+3,WAIT+0,MOV+2,MOV+3,WAIT+31,WAIT+31,WAIT+31,MOV+0,0};
multitasking_servo_driver.c(5): warning:  #177-D: variable "test_move_to_all_posistions_commands"  was declared but never referenced
  static uint8_t test_move_to_all_posistions_commands[6] = {MOV+0,MOV+1,MOV+2,MOV+3,MOV+4,MOV+5};
multitasking_servo_driver.c(6): warning:  #177-D: variable "test_nested_loop_error_commands"  was declared but never referenced
  static uint8_t test_nested_loop_error_commands[8] = {MOV+0, MOV+1, LOOP+2, LOOP+3, MOV+0, END_LOOP, MOV+2, END_LOOP};
multitasking_servo_driver.c(7): warning:  #177-D: variable "test_end_recipie_and_continue_commands"  was declared but never referenced
  static uint8_t test_end_recipie_and_continue_commands[3] = {MOV+3, RECIPIE_END, MOV+5};
multitasking_servo_driver.c: 16 warnings, 0 errors
compiling stack.c...
stack.h(30): warning:  #1-D: last line of file ends without a newline
  #endif  /*__STACK_H*/
Servo.h(32): warning:  #1-D: last line of file ends without a newline
  #endif /*__SERVO_H*/
Timer_2_PWM.h(11): warning:  #1295-D: Deprecated declaration Init_Timer2 - give arg types
  void Init_Timer2();
Timer_2_PWM.h(15): warning:  #231-D: declaration is not visible outside of function
  void move_to_position(struct Servo* servo, int position);
Timer_2_PWM.h(18): warning:  #1-D: last line of file ends without a newline
  #endif /*__TIMER_2_PWM_H*/ 
Timer_3_PIT.h(20): warning:  #1-D: last line of file ends without a newline
  #endif /*__TIMER_3_PIT_H*/
multitasking_servo_driver.h(25): warning:  #1-D: last line of file ends without a newline
  #endif  /*MULTITASKING_SERVO_DRVIER_H*/
overrides.h(22): warning:  #1-D: last line of file ends without a newline
  #endif  //__OVERRIEDES_H
multitasking_servo_driver.h(25): warning:  #1-D: last line of file ends without a newline
  #endif  /*MULTITASKING_SERVO_DRVIER_H*/
Servo.h(32): warning:  #1-D: last line of file ends without a newline
  #endif /*__SERVO_H*/
stack.h(30): warning:  #1-D: last line of file ends without a newline
  #endif  /*__STACK_H*/
stack.c: 11 warnings, 0 errors
compiling overrides.c...
stack.h(30): warning:  #1-D: last line of file ends without a newline
  #endif  /*__STACK_H*/
Servo.h(32): warning:  #1-D: last line of file ends without a newline
  #endif /*__SERVO_H*/
Timer_2_PWM.h(11): warning:  #1295-D: Deprecated declaration Init_Timer2 - give arg types
  void Init_Timer2();
Timer_2_PWM.h(15): warning:  #231-D: declaration is not visible outside of function
  void move_to_position(struct Servo* servo, int position);
Timer_2_PWM.h(18): warning:  #1-D: last line of file ends without a newline
  #endif /*__TIMER_2_PWM_H*/ 
Timer_3_PIT.h(20): warning:  #1-D: last line of file ends without a newline
  #endif /*__TIMER_3_PIT_H*/
overrides.h(22): warning:  #1-D: last line of file ends without a newline
  #endif  //__OVERRIEDES_H
multitasking_servo_driver.h(25): warning:  #1-D: last line of file ends without a newline
  #endif  /*MULTITASKING_SERVO_DRVIER_H*/
Servo.h(32): warning:  #1-D: last line of file ends without a newline
  #endif /*__SERVO_H*/
stack.h(30): warning:  #1-D: last line of file ends without a newline
  #endif  /*__STACK_H*/
Timer_3_PIT.h(20): warning:  #1-D: last line of file ends without a newline
  #endif /*__TIMER_3_PIT_H*/
overrides.h(22): warning:  #1-D: last line of file ends without a newline
  #endif  //__OVERRIEDES_H
overrides.c(78): warning:  #1-D: last line of file ends without a newline
  }
overrides.c: 13 warnings, 0 errors
linking...
Program Size: Code=4308 RO-data=924 RW-data=68 ZI-data=1644  
FromELF: creating hex file...
".\Objects\multitasking_servo_driver.axf" - 0 Error(s), 92 Warning(s).

<h2>Software Packages used:</h2>

Package Vendor: ARM
                http://www.keil.com/pack/ARM.CMSIS.5.4.0.pack
                ARM.CMSIS.5.4.0
                CMSIS (Cortex Microcontroller Software Interface Standard)
   * Component: CORE Version: 5.1.2

Package Vendor: Keil
                http://www.keil.com/pack/Keil.STM32L4xx_DFP.2.0.0.pack
                Keil.STM32L4xx_DFP.2.0.0
                STMicroelectronics STM32L4 Series Device Support, Drivers and Examples

<h2>Collection of Component include folders:</h2>
  .\RTE\_Target_1
  C:\Keil_v5\ARM\PACK\ARM\CMSIS\5.4.0\CMSIS\Core\Include
  C:\Keil_v5\ARM\PACK\Keil\STM32L4xx_DFP\2.0.0\Drivers\CMSIS\Device\ST\STM32L4xx\Include

<h2>Collection of Component Files used:</h2>

   * Component: ARM::CMSIS:CORE:5.1.2
Build Time Elapsed:  00:00:08
</pre>
</body>
</html>
