Component: ARM Compiler 5.06 update 6 (build 750) Tool: armlink [4d35ed]

==============================================================================

Section Cross References

    startup_stm32l476xx.o(RESET) refers to startup_stm32l476xx.o(STACK) for __initial_sp
    startup_stm32l476xx.o(RESET) refers to startup_stm32l476xx.o(.text) for Reset_Handler
    startup_stm32l476xx.o(RESET) refers to stm32l4xx_it.o(i.NMI_Handler) for NMI_Handler
    startup_stm32l476xx.o(RESET) refers to stm32l4xx_it.o(i.HardFault_Handler) for HardFault_Handler
    startup_stm32l476xx.o(RESET) refers to stm32l4xx_it.o(i.MemManage_Handler) for MemManage_Handler
    startup_stm32l476xx.o(RESET) refers to stm32l4xx_it.o(i.BusFault_Handler) for BusFault_Handler
    startup_stm32l476xx.o(RESET) refers to stm32l4xx_it.o(i.UsageFault_Handler) for UsageFault_Handler
    startup_stm32l476xx.o(RESET) refers to port.o(.emb_text) for SVC_Handler
    startup_stm32l476xx.o(RESET) refers to stm32l4xx_it.o(i.DebugMon_Handler) for DebugMon_Handler
    startup_stm32l476xx.o(RESET) refers to port.o(i.SysTick_Handler) for SysTick_Handler
    startup_stm32l476xx.o(RESET) refers to stm32l4xx_it.o(i.TIM1_UP_TIM16_IRQHandler) for TIM1_UP_TIM16_IRQHandler
    startup_stm32l476xx.o(RESET) refers to stm32l4xx_it.o(i.USART2_IRQHandler) for USART2_IRQHandler
    startup_stm32l476xx.o(RESET) refers to stm32l4xx_it.o(i.OTG_FS_IRQHandler) for OTG_FS_IRQHandler
    startup_stm32l476xx.o(.text) refers to system_stm32l4xx.o(i.SystemInit) for SystemInit
    startup_stm32l476xx.o(.text) refers to entry.o(.ARM.Collect$$$$00000000) for __main
    main.o(i.HAL_TIM_PeriodElapsedCallback) refers to stm32l4xx_hal.o(i.HAL_IncTick) for HAL_IncTick
    main.o(i.HAL_UART_RxCpltCallback) refers to queue.o(i.xQueueReceiveFromISR) for xQueueReceiveFromISR
    main.o(i.HAL_UART_RxCpltCallback) refers to toupper.o(.text) for toupper
    main.o(i.HAL_UART_RxCpltCallback) refers to stm32l4xx_hal_uart.o(i.HAL_UART_Transmit) for HAL_UART_Transmit
    main.o(i.HAL_UART_RxCpltCallback) refers to queue.o(i.xQueueGiveFromISR) for xQueueGiveFromISR
    main.o(i.HAL_UART_RxCpltCallback) refers to stm32l4xx_hal_uart.o(i.HAL_UART_Receive_IT) for HAL_UART_Receive_IT
    main.o(i.HAL_UART_RxCpltCallback) refers to main.o(.data) for .data
    main.o(i.HAL_UART_RxCpltCallback) refers to freertos.o(.data) for receive_mutex
    main.o(i.HAL_UART_RxCpltCallback) refers to usart.o(.bss) for huart2
    main.o(i.SystemClock_Config) refers to memseta.o(.text) for __aeabi_memclr4
    main.o(i.SystemClock_Config) refers to stm32l4xx_hal_pwr.o(i.HAL_PWR_EnableBkUpAccess) for HAL_PWR_EnableBkUpAccess
    main.o(i.SystemClock_Config) refers to stm32l4xx_hal_rcc.o(i.HAL_RCC_OscConfig) for HAL_RCC_OscConfig
    main.o(i.SystemClock_Config) refers to stm32l4xx_hal_rcc.o(i.HAL_RCC_ClockConfig) for HAL_RCC_ClockConfig
    main.o(i.SystemClock_Config) refers to stm32l4xx_hal_rcc_ex.o(i.HAL_RCCEx_PeriphCLKConfig) for HAL_RCCEx_PeriphCLKConfig
    main.o(i.SystemClock_Config) refers to stm32l4xx_hal_pwr_ex.o(i.HAL_PWREx_ControlVoltageScaling) for HAL_PWREx_ControlVoltageScaling
    main.o(i.SystemClock_Config) refers to stm32l4xx_hal_rcc_ex.o(i.HAL_RCCEx_EnableMSIPLLMode) for HAL_RCCEx_EnableMSIPLLMode
    main.o(i.main) refers to stm32l4xx_hal.o(i.HAL_Init) for HAL_Init
    main.o(i.main) refers to main.o(i.SystemClock_Config) for SystemClock_Config
    main.o(i.main) refers to gpio.o(i.MX_GPIO_Init) for MX_GPIO_Init
    main.o(i.main) refers to i2c.o(i.MX_I2C1_Init) for MX_I2C1_Init
    main.o(i.main) refers to i2c.o(i.MX_I2C2_Init) for MX_I2C2_Init
    main.o(i.main) refers to lcd.o(i.MX_LCD_Init) for MX_LCD_Init
    main.o(i.main) refers to quadspi.o(i.MX_QUADSPI_Init) for MX_QUADSPI_Init
    main.o(i.main) refers to sai.o(i.MX_SAI1_Init) for MX_SAI1_Init
    main.o(i.main) refers to spi.o(i.MX_SPI2_Init) for MX_SPI2_Init
    main.o(i.main) refers to usart.o(i.MX_USART2_UART_Init) for MX_USART2_UART_Init
    main.o(i.main) refers to tim.o(i.MX_TIM2_Init) for MX_TIM2_Init
    main.o(i.main) refers to stm32l4xx_hal_tim.o(i.HAL_TIM_Base_Start) for HAL_TIM_Base_Start
    main.o(i.main) refers to stm32l4xx_hal_tim.o(i.HAL_TIM_PWM_Start) for HAL_TIM_PWM_Start
    main.o(i.main) refers to stm32l4xx_hal_uart.o(i.HAL_UART_Transmit_IT) for HAL_UART_Transmit_IT
    main.o(i.main) refers to stm32l4xx_hal_uart.o(i.HAL_UART_Receive_IT) for HAL_UART_Receive_IT
    main.o(i.main) refers to freertos.o(i.MX_FREERTOS_Init) for MX_FREERTOS_Init
    main.o(i.main) refers to cmsis_os.o(i.osKernelStart) for osKernelStart
    main.o(i.main) refers to usart.o(.bss) for huart2
    main.o(i.main) refers to tim.o(.bss) for htim2
    main.o(i.main) refers to main.o(.data) for .data
    gpio.o(i.MX_GPIO_Init) refers to memseta.o(.text) for __aeabi_memclr4
    gpio.o(i.MX_GPIO_Init) refers to stm32l4xx_hal_gpio.o(i.HAL_GPIO_WritePin) for HAL_GPIO_WritePin
[...]
    .bss                                     0x20000840   Section      708  usbh_conf.o(.bss)
    .bss                                     0x20000b04   Section       64  stm32l4xx_hal_timebase_tim.o(.bss)
    .bss                                     0x20000b44   Section      240  tasks.o(.bss)
    pxReadyTasksLists                        0x20000b44   Data         140  tasks.o(.bss)
    xDelayedTaskList1                        0x20000bd0   Data          20  tasks.o(.bss)
    xDelayedTaskList2                        0x20000be4   Data          20  tasks.o(.bss)
    xPendingReadyList                        0x20000bf8   Data          20  tasks.o(.bss)
    xTasksWaitingTermination                 0x20000c0c   Data          20  tasks.o(.bss)
    xSuspendedTaskList                       0x20000c20   Data          20  tasks.o(.bss)
    .bss                                     0x20000c34   Section     8192  heap_4.o(.bss)
    ucHeap                                   0x20000c34   Data        8192  heap_4.o(.bss)
    HEAP                                     0x20002c38   Section      512  startup_stm32l476xx.o(HEAP)
    STACK                                    0x20002e38   Section     1024  startup_stm32l476xx.o(STACK)

    Global Symbols

    Symbol Name                              Value     Ov Type        Size  Object(Section)

    BuildAttributes$$THM_ISAv4$E$P$D$K$B$S$7EM$VFPi3$EXTD16$VFPS$VFMA$PE$A:L22UL41UL21$X:L11$S22US41US21$IEEE1$IW$USESV6$~STKCKD$USESV7$~SHL$OSPACE$EBA8$MICROLIB$REQ8$PRES8$EABIv2 0x00000000   Number         0  anon$$obj.o ABSOLUTE
    __ARM_use_no_argv                        0x00000000   Number         0  main.o ABSOLUTE
    __cpp_initialize__aeabi_                  - Undefined Weak Reference
    __cxa_finalize                            - Undefined Weak Reference
    _clock_init                               - Undefined Weak Reference
    _microlib_exit                            - Undefined Weak Reference
    __Vectors_Size                           0x00000188   Number         0  startup_stm32l476xx.o ABSOLUTE
    __Vectors                                0x08000000   Data           4  startup_stm32l476xx.o(RESET)
    __Vectors_End                            0x08000188   Data           0  startup_stm32l476xx.o(RESET)
    __main                                   0x08000189   Thumb Code     0  entry.o(.ARM.Collect$$$$00000000)
    _main_stk                                0x08000189   Thumb Code     0  entry2.o(.ARM.Collect$$$$00000001)
    _main_scatterload                        0x0800018d   Thumb Code     0  entry5.o(.ARM.Collect$$$$00000004)
    __main_after_scatterload                 0x08000191   Thumb Code     0  entry5.o(.ARM.Collect$$$$00000004)
    _main_clock                              0x08000191   Thumb Code     0  entry7b.o(.ARM.Collect$$$$00000008)
    _main_cpp_init                           0x08000191   Thumb Code     0  entry8b.o(.ARM.Collect$$$$0000000A)
    _main_init                               0x08000191   Thumb Code     0  entry9a.o(.ARM.Collect$$$$0000000B)
    __rt_final_cpp                           0x08000199   Thumb Code     0  entry10a.o(.ARM.Collect$$$$0000000D)
    __rt_final_exit                          0x08000199   Thumb Code     0  entry11a.o(.ARM.Collect$$$$0000000F)
    SVC_Handler                              0x0800019d   Thumb Code    28  port.o(.emb_text)
    __asm___6_port_c_39a90d8d__prvStartFirstTask 0x080001bd   Thumb Code    36  port.o(.emb_text)
    __asm___6_port_c_39a90d8d__prvEnableVFP  0x080001e5   Thumb Code    16  port.o(.emb_text)
    PendSV_Handler                           0x080001f9   Thumb Code    88  port.o(.emb_text)
    vPortGetIPSR                             0x08000255   Thumb Code     6  port.o(.emb_text)
    Reset_Handler                            0x0800027d   Thumb Code     8  startup_stm32l476xx.o(.text)
    ADC1_2_IRQHandler                        0x08000297   Thumb Code     0  startup_stm32l476xx.o(.text)
    ADC3_IRQHandler                          0x08000297   Thumb Code     0  startup_stm32l476xx.o(.text)
    CAN1_RX0_IRQHandler                      0x08000297   Thumb Code     0  startup_stm32l476xx.o(.text)
    CAN1_RX1_IRQHandler                      0x08000297   Thumb Code     0  startup_stm32l476xx.o(.text)
    CAN1_SCE_IRQHandler                      0x08000297   Thumb Code     0  startup_stm32l476xx.o(.text)
    CAN1_TX_IRQHandler                       0x08000297   Thumb Code     0  startup_stm32l476xx.o(.text)
    COMP_IRQHandler                          0x08000297   Thumb Code     0  startup_stm32l476xx.o(.text)
    DFSDM1_FLT0_IRQHandler                   0x08000297   Thumb Code     0  startup_stm32l476xx.o(.text)
    DFSDM1_FLT1_IRQHandler                   0x08000297   Thumb Code     0  startup_stm32l476xx.o(.text)
    DFSDM1_FLT2_IRQHandler                   0x08000297   Thumb Code     0  startup_stm32l476xx.o(.text)
    DFSDM1_FLT3_IRQHandler                   0x08000297   Thumb Code     0  startup_stm32l476xx.o(.text)
    DMA1_Channel1_IRQHandler                 0x08000297   Thumb Code     0  startup_stm32l476xx.o(.text)
    DMA1_Channel2_IRQHandler                 0x08000297   Thumb Code     0  startup_stm32l476xx.o(.text)
    DMA1_Channel3_IRQHandler                 0x08000297   Thumb Code     0  startup_stm32l476xx.o(.text)
    DMA1_Channel4_IRQHandler                 0x08000297   Thumb Code     0  startup_stm32l476xx.o(.text)
    DMA1_Channel5_IRQHandler                 0x08000297   Thumb Code     0  startup_stm32l476xx.o(.text)
    DMA1_Channel6_IRQHandler                 0x08000297   Thumb Code     0  startup_stm32l476xx.o(.text)
    DMA1_Channel7_IRQHandler                 0x08000297   Thumb Code     0  startup_stm32l476xx.o(.text)
    DMA2_Channel1_IRQHandler                 0x08000297   Thumb Code     0  startup_stm32l476xx.o(.text)
    DMA2_Channel2_IRQHandler                 0x08000297   Thumb Code     0  startup_stm32l476xx.o(.text)
    DMA2_Channel3_IRQHandler                 0x08000297   Thumb Code     0  startup_stm32l476xx.o(.text)
    DMA2_Channel4_IRQHandler                 0x08000297   Thumb Code     0  startup_stm32l476xx.o(.text)
    DMA2_Channel5_IRQHandler                 0x08000297   Thumb Code     0  startup_stm32l476xx.o(.text)
    DMA2_Channel6_IRQHandler                 0x08000297   Thumb Code     0  startup_stm32l476xx.o(.text)
    DMA2_Channel7_IRQHandler                 0x08000297   Thumb Code     0  startup_stm32l476xx.o(.text)
    EXTI0_IRQHandler                         0x08000297   Thumb Code     0  startup_stm32l476xx.o(.text)
    EXTI15_10_IRQHandler                     0x08000297   Thumb Code     0  startup_stm32l476xx.o(.text)
    EXTI1_IRQHandler                         0x08000297   Thumb Code     0  startup_stm32l476xx.o(.text)
    EXTI2_IRQHandler                         0x08000297   Thumb Code     0  startup_stm32l476xx.o(.text)
    EXTI3_IRQHandler                         0x08000297   Thumb Code     0  startup_stm32l476xx.o(.text)
    EXTI4_IRQHandler                         0x08000297   Thumb Code     0  startup_stm32l476xx.o(.text)
    EXTI9_5_IRQHandler                       0x08000297   Thumb Code     0  startup_stm32l476xx.o(.text)
    FLASH_IRQHandler                         0x08000297   Thumb Code     0  startup_stm32l476xx.o(.text)
    FMC_IRQHandler                           0x08000297   Thumb Code     0  startup_stm32l476xx.o(.text)
    FPU_IRQHandler                           0x08000297   Thumb Code     0  startup_stm32l476xx.o(.text)
    I2C1_ER_IRQHandler                       0x08000297   Thumb Code     0  startup_stm32l476xx.o(.text)
    I2C1_EV_IRQHandler                       0x08000297   Thumb Code     0  startup_stm32l476xx.o(.text)
    I2C2_ER_IRQHandler                       0x08000297   Thumb Code     0  startup_stm32l476xx.o(.text)
    I2C2_EV_IRQHandler                       0x08000297   Thumb Code     0  startup_stm32l476xx.o(.text)
    I2C3_ER_IRQHandler                       0x08000297   Thumb Code     0  startup_stm32l476xx.o(.text)
    I2C3_EV_IRQHandler                       0x08000297   Thumb Code     0  startup_stm32l476xx.o(.text)
    LCD_IRQHandler                           0x08000297   Thumb Code     0  startup_stm32l476xx.o(.text)
    LPTIM1_IRQHandler                        0x08000297   Thumb Code     0  startup_stm32l476xx.o(.text)
    LPTIM2_IRQHandler                        0x08000297   Thumb Code     0  startup_stm32l476xx.o(.text)
    LPUART1_IRQHandler                       0x08000297   Thumb Code     0  startup_stm32l476xx.o(.text)
    PVD_PVM_IRQHandler                       0x08000297   Thumb Code     0  startup_stm32l476xx.o(.text)
    QUADSPI_IRQHandler                       0x08000297   Thumb Code     0  startup_stm32l476xx.o(.text)
    RCC_IRQHandler                           0x08000297   Thumb Code     0  startup_stm32l476xx.o(.text)
    RNG_IRQHandler                           0x08000297   Thumb Code     0  startup_stm32l476xx.o(.text)
    RTC_Alarm_IRQHandler                     0x08000297   Thumb Code     0  startup_stm32l476xx.o(.text)
    RTC_WKUP_IRQHandler                      0x08000297   Thumb Code     0  startup_stm32l476xx.o(.text)
    SAI1_IRQHandler                          0x08000297   Thumb Code     0  startup_stm32l476xx.o(.text)
    SAI2_IRQHandler                          0x08000297   Thumb Code     0  startup_stm32l476xx.o(.text)
    SDMMC1_IRQHandler                        0x08000297   Thumb Code     0  startup_stm32l476xx.o(.text)
    SPI1_IRQHandler                          0x08000297   Thumb Code     0  startup_stm32l476xx.o(.text)
    SPI2_IRQHandler                          0x08000297   Thumb Code     0  startup_stm32l476xx.o(.text)
    SPI3_IRQHandler                          0x08000297   Thumb Code     0  startup_stm32l476xx.o(.text)
    SWPMI1_IRQHandler                        0x08000297   Thumb Code     0  startup_stm32l476xx.o(.text)
    TAMP_STAMP_IRQHandler                    0x08000297   Thumb Code     0  startup_stm32l476xx.o(.text)
    TIM1_BRK_TIM15_IRQHandler                0x08000297   Thumb Code     0  startup_stm32l476xx.o(.text)
    TIM1_CC_IRQHandler                       0x08000297   Thumb Code     0  startup_stm32l476xx.o(.text)
    TIM1_TRG_COM_TIM17_IRQHandler            0x08000297   Thumb Code     0  startup_stm32l476xx.o(.text)
    TIM2_IRQHandler                          0x08000297   Thumb Code     0  startup_stm32l476xx.o(.text)
    TIM3_IRQHandler                          0x08000297   Thumb Code     0  startup_stm32l476xx.o(.text)
    TIM4_IRQHandler                          0x08000297   Thumb Code     0  startup_stm32l476xx.o(.text)
    TIM5_IRQHandler                          0x08000297   Thumb Code     0  startup_stm32l476xx.o(.text)
    TIM6_DAC_IRQHandler                      0x08000297   Thumb Code     0  startup_stm32l476xx.o(.text)
    TIM7_IRQHandler                          0x08000297   Thumb Code     0  startup_stm32l476xx.o(.text)
    TIM8_BRK_IRQHandler                      0x08000297   Thumb Code     0  startup_stm32l476xx.o(.text)
    TIM8_CC_IRQHandler                       0x08000297   Thumb Code     0  startup_stm32l476xx.o(.text)
    TIM8_TRG_COM_IRQHandler                  0x08000297   Thumb Code     0  startup_stm32l476xx.o(.text)
    TIM8_UP_IRQHandler                       0x08000297   Thumb Code     0  startup_stm32l476xx.o(.text)
    TSC_IRQHandler                           0x08000297   Thumb Code     0  startup_stm32l476xx.o(.text)
    UART4_IRQHandler                         0x08000297   Thumb Code     0  startup_stm32l476xx.o(.text)
    UART5_IRQHandler                         0x08000297   Thumb Code     0  startup_stm32l476xx.o(.text)
    USART1_IRQHandler                        0x08000297   Thumb Code     0  startup_stm32l476xx.o(.text)
    USART3_IRQHandler                        0x08000297   Thumb Code     0  startup_stm32l476xx.o(.text)
    WWDG_IRQHandler                          0x08000297   Thumb Code     0  startup_stm32l476xx.o(.text)
    __aeabi_uldivmod                         0x080002a1   Thumb Code    98  uldiv.o(.text)
    toupper                                  0x08000309   Thumb Code    12  toupper.o(.text)
    __aeabi_memcpy                           0x08000315   Thumb Code    36  memcpya.o(.text)
    __aeabi_memcpy4                          0x08000315   Thumb Code     0  memcpya.o(.text)
    __aeabi_memcpy8                          0x08000315   Thumb Code     0  memcpya.o(.text)
    __aeabi_memset                           0x08000339   Thumb Code    14  memseta.o(.text)
    __aeabi_memset4                          0x08000339   Thumb Code     0  memseta.o(.text)
    __aeabi_memset8                          0x08000339   Thumb Code     0  memseta.o(.text)
    __aeabi_memclr                           0x08000347   Thumb Code     4  memseta.o(.text)
    __aeabi_memclr4                          0x08000347   Thumb Code     0  memseta.o(.text)
    __aeabi_memclr8                          0x08000347   Thumb Code     0  memseta.o(.text)
    memset                                   0x0800034b   Thumb Code    18  memseta.o(.text)
    __aeabi_llsl                             0x0800035d   Thumb Code    30  llshl.o(.text)
    _ll_shift_l                              0x0800035d   Thumb Code     0  llshl.o(.text)
    __aeabi_llsr                             0x0800037b   Thumb Code    32  llushr.o(.text)
    _ll_ushift_r                             0x0800037b   Thumb Code     0  llushr.o(.text)
    __scatterload                            0x0800039d   Thumb Code    28  init.o(.text)
    __scatterload_rt2                        0x0800039d   Thumb Code     0  init.o(.text)
    __decompress                             0x080003c1   Thumb Code     0  __dczerorl2.o(.text)
    __decompress1                            0x080003c1   Thumb Code    86  __dczerorl2.o(.text)
    BusFault_Handler                         0x08000417   Thumb Code     2  stm32l4xx_it.o(i.BusFault_Handler)
    DebugMon_Handler                         0x08000565   Thumb Code     2  stm32l4xx_it.o(i.DebugMon_Handler)
    Error_Handler                            0x08000567   Thumb Code     2  main.o(i.Error_Handler)
    HAL_DMA_Abort_IT                         0x0800057f   Thumb Code    78  stm32l4xx_hal_dma.o(i.HAL_DMA_Abort_IT)
    HAL_Delay                                0x080005cd   Thumb Code    28  stm32l4xx_hal.o(i.HAL_Delay)
    HAL_GPIO_Init                            0x080005e9   Thumb Code   414  stm32l4xx_hal_gpio.o(i.HAL_GPIO_Init)
    HAL_GPIO_WritePin                        0x080007b3   Thumb Code    10  stm32l4xx_hal_gpio.o(i.HAL_GPIO_WritePin)
    HAL_GetTick                              0x080007bd   Thumb Code     6  stm32l4xx_hal.o(i.HAL_GetTick)
    HAL_HCD_Connect_Callback                 0x080007c9   Thumb Code     8  usbh_conf.o(i.HAL_HCD_Connect_Callback)
    HAL_HCD_Disconnect_Callback              0x080007d1   Thumb Code     8  usbh_conf.o(i.HAL_HCD_Disconnect_Callback)
    HAL_HCD_GetCurrentFrame                  0x080007d9   Thumb Code     6  stm32l4xx_hal_hcd.o(i.HAL_HCD_GetCurrentFrame)
    HAL_HCD_GetCurrentSpeed                  0x080007df   Thumb Code     6  stm32l4xx_hal_hcd.o(i.HAL_HCD_GetCurrentSpeed)
    HAL_HCD_HC_GetURBState                   0x080007e5   Thumb Code    14  stm32l4xx_hal_hcd.o(i.HAL_HCD_HC_GetURBState)
    HAL_HCD_HC_GetXferCount                  0x080007f3   Thumb Code    12  stm32l4xx_hal_hcd.o(i.HAL_HCD_HC_GetXferCount)
    HAL_HCD_HC_Halt                          0x080007ff   Thumb Code    36  stm32l4xx_hal_hcd.o(i.HAL_HCD_HC_Halt)
    HAL_HCD_HC_Init                          0x08000823   Thumb Code   114  stm32l4xx_hal_hcd.o(i.HAL_HCD_HC_Init)
    HAL_HCD_HC_NotifyURBChange_Callback      0x0800089b   Thumb Code     8  usbh_conf.o(i.HAL_HCD_HC_NotifyURBChange_Callback)
    HAL_HCD_HC_SubmitRequest                 0x080008a3   Thumb Code   140  stm32l4xx_hal_hcd.o(i.HAL_HCD_HC_SubmitRequest)
    HAL_HCD_IRQHandler                       0x08000931   Thumb Code   306  stm32l4xx_hal_hcd.o(i.HAL_HCD_IRQHandler)
    HAL_HCD_Init                             0x08000a63   Thumb Code   104  stm32l4xx_hal_hcd.o(i.HAL_HCD_Init)
    HAL_HCD_MspInit                          0x08000acd   Thumb Code   122  usbh_conf.o(i.HAL_HCD_MspInit)
    HAL_HCD_PortDisabled_Callback            0x08000b4d   Thumb Code     8  usbh_conf.o(i.HAL_HCD_PortDisabled_Callback)
    HAL_HCD_PortEnabled_Callback             0x08000b55   Thumb Code     8  usbh_conf.o(i.HAL_HCD_PortEnabled_Callback)
    HAL_HCD_ResetPort                        0x08000b5d   Thumb Code     6  stm32l4xx_hal_hcd.o(i.HAL_HCD_ResetPort)
    HAL_HCD_SOF_Callback                     0x08000b63   Thumb Code     8  usbh_conf.o(i.HAL_HCD_SOF_Callback)
    HAL_HCD_Start                            0x08000b6b   Thumb Code    44  stm32l4xx_hal_hcd.o(i.HAL_HCD_Start)
    HAL_HCD_Stop                             0x08000b97   Thumb Code    36  stm32l4xx_hal_hcd.o(i.HAL_HCD_Stop)
    HAL_I2CEx_ConfigAnalogFilter             0x08000bbb   Thumb Code    86  stm32l4xx_hal_i2c_ex.o(i.HAL_I2CEx_ConfigAnalogFilter)
    HAL_I2CEx_ConfigDigitalFilter            0x08000c11   Thumb Code    82  stm32l4xx_hal_i2c_ex.o(i.HAL_I2CEx_ConfigDigitalFilter)
    HAL_I2C_Init                             0x08000c65   Thumb Code   178  stm32l4xx_hal_i2c.o(i.HAL_I2C_Init)
    HAL_I2C_MspInit                          0x08000d1d   Thumb Code   142  i2c.o(i.HAL_I2C_MspInit)
    HAL_IncTick                              0x08000dbd   Thumb Code    10  stm32l4xx_hal.o(i.HAL_IncTick)
    HAL_Init                                 0x08000dcd   Thumb Code    40  stm32l4xx_hal.o(i.HAL_Init)
    HAL_InitTick                             0x08000df9   Thumb Code    98  stm32l4xx_hal_timebase_tim.o(i.HAL_InitTick)
    HAL_LCD_Init                             0x08000e6d   Thumb Code   248  stm32l4xx_hal_lcd.o(i.HAL_LCD_Init)
    HAL_LCD_MspInit                          0x08000f69   Thumb Code   204  lcd.o(i.HAL_LCD_MspInit)
    HAL_MspInit                              0x08001049   Thumb Code    48  stm32l4xx_hal_msp.o(i.HAL_MspInit)
    HAL_NVIC_EnableIRQ                       0x0800107d   Thumb Code    22  stm32l4xx_hal_cortex.o(i.HAL_NVIC_EnableIRQ)
    HAL_NVIC_SetPriority                     0x08001095   Thumb Code    60  stm32l4xx_hal_cortex.o(i.HAL_NVIC_SetPriority)
    HAL_NVIC_SetPriorityGrouping             0x080010d5   Thumb Code    26  stm32l4xx_hal_cortex.o(i.HAL_NVIC_SetPriorityGrouping)
    HAL_PWREx_ControlVoltageScaling          0x080010f9   Thumb Code    90  stm32l4xx_hal_pwr_ex.o(i.HAL_PWREx_ControlVoltageScaling)
    HAL_PWREx_EnableVddUSB                   0x08001161   Thumb Code    12  stm32l4xx_hal_pwr_ex.o(i.HAL_PWREx_EnableVddUSB)
    HAL_PWREx_GetVoltageRange                0x08001171   Thumb Code    10  stm32l4xx_hal_pwr_ex.o(i.HAL_PWREx_GetVoltageRange)
    HAL_PWR_EnableBkUpAccess                 0x08001181   Thumb Code    12  stm32l4xx_hal_pwr.o(i.HAL_PWR_EnableBkUpAccess)
    HAL_QSPI_Init                            0x08001191   Thumb Code   166  stm32l4xx_hal_qspi.o(i.HAL_QSPI_Init)
    HAL_QSPI_MspInit                         0x08001241   Thumb Code    90  quadspi.o(i.HAL_QSPI_MspInit)
    HAL_RCCEx_EnableMSIPLLMode               0x080012a9   Thumb Code    12  stm32l4xx_hal_rcc_ex.o(i.HAL_RCCEx_EnableMSIPLLMode)
    HAL_RCCEx_GetPeriphCLKFreq               0x080012b9   Thumb Code   910  stm32l4xx_hal_rcc_ex.o(i.HAL_RCCEx_GetPeriphCLKFreq)
    HAL_RCCEx_PeriphCLKConfig                0x0800168d   Thumb Code   928  stm32l4xx_hal_rcc_ex.o(i.HAL_RCCEx_PeriphCLKConfig)
    HAL_RCC_ClockConfig                      0x08001a3d   Thumb Code   264  stm32l4xx_hal_rcc.o(i.HAL_RCC_ClockConfig)
    HAL_RCC_GetClockConfig                   0x08001b55   Thumb Code    54  stm32l4xx_hal_rcc.o(i.HAL_RCC_GetClockConfig)
    HAL_RCC_GetPCLK1Freq                     0x08001b95   Thumb Code    24  stm32l4xx_hal_rcc.o(i.HAL_RCC_GetPCLK1Freq)
    HAL_RCC_GetPCLK2Freq                     0x08001bb9   Thumb Code    24  stm32l4xx_hal_rcc.o(i.HAL_RCC_GetPCLK2Freq)
    HAL_RCC_GetSysClockFreq                  0x08001bdd   Thumb Code   152  stm32l4xx_hal_rcc.o(i.HAL_RCC_GetSysClockFreq)
    HAL_RCC_OscConfig                        0x08001c81   Thumb Code  1118  stm32l4xx_hal_rcc.o(i.HAL_RCC_OscConfig)
    HAL_SAI_Init                             0x080020e5   Thumb Code   420  stm32l4xx_hal_sai.o(i.HAL_SAI_Init)
    HAL_SAI_MspInit                          0x08002299   Thumb Code   168  sai.o(i.HAL_SAI_MspInit)
    HAL_SPI_Init                             0x08002357   Thumb Code   172  stm32l4xx_hal_spi.o(i.HAL_SPI_Init)
    HAL_SPI_MspInit                          0x08002405   Thumb Code    88  spi.o(i.HAL_SPI_MspInit)
    HAL_TIMEx_Break2Callback                 0x08002469   Thumb Code     2  stm32l4xx_hal_tim_ex.o(i.HAL_TIMEx_Break2Callback)
    HAL_TIMEx_BreakCallback                  0x0800246b   Thumb Code     2  stm32l4xx_hal_tim_ex.o(i.HAL_TIMEx_BreakCallback)
    HAL_TIMEx_CommutationCallback            0x0800246d   Thumb Code     2  stm32l4xx_hal_tim_ex.o(i.HAL_TIMEx_CommutationCallback)
    HAL_TIMEx_MasterConfigSynchronization    0x08002471   Thumb Code    88  stm32l4xx_hal_tim_ex.o(i.HAL_TIMEx_MasterConfigSynchronization)
    HAL_TIM_Base_Init                        0x080024d1   Thumb Code    54  stm32l4xx_hal_tim.o(i.HAL_TIM_Base_Init)
    HAL_TIM_Base_MspInit                     0x08002509   Thumb Code    30  tim.o(i.HAL_TIM_Base_MspInit)
    HAL_TIM_Base_Start                       0x0800252d   Thumb Code    46  stm32l4xx_hal_tim.o(i.HAL_TIM_Base_Start)
    HAL_TIM_Base_Start_IT                    0x08002561   Thumb Code    44  stm32l4xx_hal_tim.o(i.HAL_TIM_Base_Start_IT)
    HAL_TIM_IC_CaptureCallback               0x08002591   Thumb Code     2  stm32l4xx_hal_tim.o(i.HAL_TIM_IC_CaptureCallback)
    HAL_TIM_IRQHandler                       0x08002593   Thumb Code   388  stm32l4xx_hal_tim.o(i.HAL_TIM_IRQHandler)
    HAL_TIM_MspPostInit                      0x08002719   Thumb Code    72  tim.o(i.HAL_TIM_MspPostInit)
    HAL_TIM_OC_DelayElapsedCallback          0x08002765   Thumb Code     2  stm32l4xx_hal_tim.o(i.HAL_TIM_OC_DelayElapsedCallback)
    HAL_TIM_PWM_ConfigChannel                0x08002767   Thumb Code   296  stm32l4xx_hal_tim.o(i.HAL_TIM_PWM_ConfigChannel)
    HAL_TIM_PWM_Init                         0x0800288f   Thumb Code    54  stm32l4xx_hal_tim.o(i.HAL_TIM_PWM_Init)
    HAL_TIM_PWM_MspInit                      0x080028c5   Thumb Code     2  stm32l4xx_hal_tim.o(i.HAL_TIM_PWM_MspInit)
    HAL_TIM_PWM_PulseFinishedCallback        0x080028c7   Thumb Code     2  stm32l4xx_hal_tim.o(i.HAL_TIM_PWM_PulseFinishedCallback)
    HAL_TIM_PWM_Start                        0x080028c9   Thumb Code    86  stm32l4xx_hal_tim.o(i.HAL_TIM_PWM_Start)
    HAL_TIM_PeriodElapsedCallback            0x08002939   Thumb Code    14  main.o(i.HAL_TIM_PeriodElapsedCallback)
    HAL_TIM_SlaveConfigSynchronization       0x0800294d   Thumb Code    66  stm32l4xx_hal_tim.o(i.HAL_TIM_SlaveConfigSynchronization)
    HAL_TIM_TriggerCallback                  0x0800298f   Thumb Code     2  stm32l4xx_hal_tim.o(i.HAL_TIM_TriggerCallback)
    HAL_UARTEx_WakeupCallback                0x08002991   Thumb Code     2  stm32l4xx_hal_uart_ex.o(i.HAL_UARTEx_WakeupCallback)
    HAL_UART_ErrorCallback                   0x08002993   Thumb Code     2  stm32l4xx_hal_uart.o(i.HAL_UART_ErrorCallback)
    HAL_UART_IRQHandler                      0x08002995   Thumb Code   320  stm32l4xx_hal_uart.o(i.HAL_UART_IRQHandler)
    HAL_UART_Init                            0x08002ad9   Thumb Code   106  stm32l4xx_hal_uart.o(i.HAL_UART_Init)
    HAL_UART_MspInit                         0x08002b45   Thumb Code   104  usart.o(i.HAL_UART_MspInit)
    HAL_UART_Receive_IT                      0x08002bb9   Thumb Code   164  stm32l4xx_hal_uart.o(i.HAL_UART_Receive_IT)
    HAL_UART_RxCpltCallback                  0x08002c65   Thumb Code   116  main.o(i.HAL_UART_RxCpltCallback)
    HAL_UART_Transmit                        0x08002ced   Thumb Code   176  stm32l4xx_hal_uart.o(i.HAL_UART_Transmit)
    HAL_UART_Transmit_IT                     0x08002d9d   Thumb Code    96  stm32l4xx_hal_uart.o(i.HAL_UART_Transmit_IT)
    HAL_UART_TxCpltCallback                  0x08002e05   Thumb Code     2  stm32l4xx_hal_uart.o(i.HAL_UART_TxCpltCallback)
    HardFault_Handler                        0x080033a1   Thumb Code     2  stm32l4xx_it.o(i.HardFault_Handler)
    LCD_WaitForSynchro                       0x080033a3   Thumb Code    48  stm32l4xx_hal_lcd.o(i.LCD_WaitForSynchro)
    MX_DriverVbusFS                          0x080033d5   Thumb Code    18  usbh_platform.o(i.MX_DriverVbusFS)
    MX_FREERTOS_Init                         0x080033ed   Thumb Code   230  freertos.o(i.MX_FREERTOS_Init)
    MX_GPIO_Init                             0x0800351d   Thumb Code   452  gpio.o(i.MX_GPIO_Init)
    MX_I2C1_Init                             0x08003701   Thumb Code    76  i2c.o(i.MX_I2C1_Init)
    MX_I2C2_Init                             0x08003759   Thumb Code    76  i2c.o(i.MX_I2C2_Init)
    MX_LCD_Init                              0x080037b1   Thumb Code    54  lcd.o(i.MX_LCD_Init)
    MX_QUADSPI_Init                          0x080037f1   Thumb Code    44  quadspi.o(i.MX_QUADSPI_Init)
    MX_SAI1_Init                             0x08003825   Thumb Code   148  sai.o(i.MX_SAI1_Init)
    MX_SPI2_Init                             0x080038c5   Thumb Code    70  spi.o(i.MX_SPI2_Init)
    MX_TIM2_Init                             0x08003915   Thumb Code   164  tim.o(i.MX_TIM2_Init)
    MX_USART2_UART_Init                      0x080039bd   Thumb Code    52  usart.o(i.MX_USART2_UART_Init)
    MX_USB_HOST_Init                         0x080039f9   Thumb Code    30  usb_host.o(i.MX_USB_HOST_Init)
    MemManage_Handler                        0x08003a25   Thumb Code     2  stm32l4xx_it.o(i.MemManage_Handler)
    NMI_Handler                              0x08003a27   Thumb Code     2  stm32l4xx_it.o(i.NMI_Handler)
    OTG_FS_IRQHandler                        0x08003a49   Thumb Code     6  stm32l4xx_it.o(i.OTG_FS_IRQHandler)
    StartDefaultTask                         0x08003e5d   Thumb Code    12  freertos.o(i.StartDefaultTask)
    SysTick_Handler                          0x08003e69   Thumb Code    38  port.o(i.SysTick_Handler)
    SystemClock_Config                       0x08003e95   Thumb Code   172  main.o(i.SystemClock_Config)
    SystemInit                               0x08003f49   Thumb Code    56  system_stm32l4xx.o(i.SystemInit)
    TIM1_UP_TIM16_IRQHandler                 0x08003f8d   Thumb Code     6  stm32l4xx_it.o(i.TIM1_UP_TIM16_IRQHandler)
    TIM_Base_SetConfig                       0x08003f99   Thumb Code   160  stm32l4xx_hal_tim.o(i.TIM_Base_SetConfig)
    TIM_CCxChannelCmd                        0x08004059   Thumb Code    26  stm32l4xx_hal_tim.o(i.TIM_CCxChannelCmd)
    TIM_ETR_SetConfig                        0x08004073   Thumb Code    20  stm32l4xx_hal_tim.o(i.TIM_ETR_SetConfig)
    TIM_OC2_SetConfig                        0x08004125   Thumb Code   120  stm32l4xx_hal_tim.o(i.TIM_OC2_SetConfig)
    UART_AdvFeatureConfig                    0x0800445f   Thumb Code   200  stm32l4xx_hal_uart.o(i.UART_AdvFeatureConfig)
    UART_CheckIdleState                      0x08004527   Thumb Code    92  stm32l4xx_hal_uart.o(i.UART_CheckIdleState)
    UART_SetConfig                           0x0800466d   Thumb Code   622  stm32l4xx_hal_uart.o(i.UART_SetConfig)
    UART_WaitOnFlagUntilTimeout              0x0800498b   Thumb Code   100  stm32l4xx_hal_uart.o(i.UART_WaitOnFlagUntilTimeout)
    USART2_IRQHandler                        0x080049f1   Thumb Code     6  stm32l4xx_it.o(i.USART2_IRQHandler)
    USBH_AllocPipe                           0x080049fd   Thumb Code    52  usbh_pipes.o(i.USBH_AllocPipe)
    USBH_BulkReceiveData                     0x08004a31   Thumb Code    32  usbh_ioreq.o(i.USBH_BulkReceiveData)
    USBH_BulkSendData                        0x08004a51   Thumb Code    40  usbh_ioreq.o(i.USBH_BulkSendData)
    USBH_CDC_LineCodingChanged               0x08004c2f   Thumb Code     2  usbh_cdc.o(i.USBH_CDC_LineCodingChanged)
    USBH_CDC_ReceiveCallback                 0x08004ce9   Thumb Code     2  usbh_cdc.o(i.USBH_CDC_ReceiveCallback)
    USBH_CDC_TransmitCallback                0x08004cef   Thumb Code     2  usbh_cdc.o(i.USBH_CDC_TransmitCallback)
    USBH_ClosePipe                           0x08004cf1   Thumb Code    10  usbh_pipes.o(i.USBH_ClosePipe)
    USBH_ClrFeature                          0x08004cfb   Thumb Code    30  usbh_ctlreq.o(i.USBH_ClrFeature)
    USBH_CtlReceiveData                      0x08004d19   Thumb Code    30  usbh_ioreq.o(i.USBH_CtlReceiveData)
    USBH_CtlReq                              0x08004d37   Thumb Code    84  usbh_ctlreq.o(i.USBH_CtlReq)
    USBH_CtlSendData                         0x08004d8b   Thumb Code    40  usbh_ioreq.o(i.USBH_CtlSendData)
    USBH_CtlSendSetup                        0x08004db3   Thumb Code    30  usbh_ioreq.o(i.USBH_CtlSendSetup)
    USBH_Delay                               0x08004dd1   Thumb Code     4  usbh_conf.o(i.USBH_Delay)
    USBH_FindInterface                       0x08004dd5   Thumb Code    68  usbh_core.o(i.USBH_FindInterface)
    USBH_FreePipe                            0x08004e19   Thumb Code    24  usbh_pipes.o(i.USBH_FreePipe)
    USBH_GetDescriptor                       0x08004e31   Thumb Code    52  usbh_ctlreq.o(i.USBH_GetDescriptor)
    USBH_GetNextDesc                         0x08004e65   Thumb Code    14  usbh_ctlreq.o(i.USBH_GetNextDesc)
    USBH_Get_CfgDesc                         0x08004e73   Thumb Code    44  usbh_ctlreq.o(i.USBH_Get_CfgDesc)
    USBH_Get_DevDesc                         0x08004e9f   Thumb Code   144  usbh_ctlreq.o(i.USBH_Get_DevDesc)
    USBH_Get_StringDesc                      0x08004f2f   Thumb Code    72  usbh_ctlreq.o(i.USBH_Get_StringDesc)
    USBH_Init                                0x08005249   Thumb Code    98  usbh_core.o(i.USBH_Init)
    USBH_LL_ClosePipe                        0x080052b1   Thumb Code    32  usbh_conf.o(i.USBH_LL_ClosePipe)
    USBH_LL_Connect                          0x080052d1   Thumb Code    62  usbh_core.o(i.USBH_LL_Connect)
    USBH_LL_Disconnect                       0x0800530f   Thumb Code    72  usbh_core.o(i.USBH_LL_Disconnect)
    USBH_LL_DriverVBUS                       0x08005357   Thumb Code    26  usbh_conf.o(i.USBH_LL_DriverVBUS)
    USBH_LL_GetLastXferSize                  0x08005371   Thumb Code     8  usbh_conf.o(i.USBH_LL_GetLastXferSize)
    USBH_LL_GetSpeed                         0x08005379   Thumb Code    34  usbh_conf.o(i.USBH_LL_GetSpeed)
    USBH_LL_GetURBState                      0x0800539b   Thumb Code     8  usbh_conf.o(i.USBH_LL_GetURBState)
    USBH_LL_IncTimer                         0x080053a3   Thumb Code    30  usbh_core.o(i.USBH_LL_IncTimer)
    USBH_LL_Init                             0x080053c1   Thumb Code    74  usbh_conf.o(i.USBH_LL_Init)
    USBH_LL_NotifyURBChange                  0x08005411   Thumb Code    22  usbh_core.o(i.USBH_LL_NotifyURBChange)
    USBH_LL_OpenPipe                         0x08005427   Thumb Code    42  usbh_conf.o(i.USBH_LL_OpenPipe)
    USBH_LL_PortDisabled                     0x08005451   Thumb Code     8  usbh_core.o(i.USBH_LL_PortDisabled)
    USBH_LL_PortEnabled                      0x08005459   Thumb Code     8  usbh_core.o(i.USBH_LL_PortEnabled)
    USBH_LL_ResetPort                        0x08005461   Thumb Code    32  usbh_conf.o(i.USBH_LL_ResetPort)
    USBH_LL_SetTimer                         0x08005481   Thumb Code     6  usbh_core.o(i.USBH_LL_SetTimer)
    USBH_LL_SetToggle                        0x08005487   Thumb Code    32  usbh_conf.o(i.USBH_LL_SetToggle)
    USBH_LL_Start                            0x080054a7   Thumb Code    32  usbh_conf.o(i.USBH_LL_Start)
    USBH_LL_Stop                             0x080054c7   Thumb Code    32  usbh_conf.o(i.USBH_LL_Stop)
    USBH_LL_SubmitURB                        0x080054e7   Thumb Code    48  usbh_conf.o(i.USBH_LL_SubmitURB)
    USBH_OpenPipe                            0x08005517   Thumb Code    20  usbh_pipes.o(i.USBH_OpenPipe)
    USBH_Process                             0x08005609   Thumb Code   470  usbh_core.o(i.USBH_Process)
    USBH_RegisterClass                       0x08005807   Thumb Code    28  usbh_core.o(i.USBH_RegisterClass)
    USBH_SelectInterface                     0x08005823   Thumb Code    22  usbh_core.o(i.USBH_SelectInterface)
    USBH_SetAddress                          0x08005839   Thumb Code    28  usbh_ctlreq.o(i.USBH_SetAddress)
    USBH_SetCfg                              0x08005855   Thumb Code    28  usbh_ctlreq.o(i.USBH_SetCfg)
    USBH_SetFeature                          0x08005871   Thumb Code    28  usbh_ctlreq.o(i.USBH_SetFeature)
    USBH_Start                               0x0800588d   Thumb Code    20  usbh_core.o(i.USBH_Start)
    USB_CoreInit                             0x080058c1   Thumb Code    80  stm32l4xx_ll_usb.o(i.USB_CoreInit)
    USB_DisableGlobalInt                     0x0800594d   Thumb Code    12  stm32l4xx_ll_usb.o(i.USB_DisableGlobalInt)
    USB_DriveVbus                            0x08005959   Thumb Code    44  stm32l4xx_ll_usb.o(i.USB_DriveVbus)
    USB_EnableGlobalInt                      0x08005985   Thumb Code    12  stm32l4xx_ll_usb.o(i.USB_EnableGlobalInt)
    USB_FlushRxFifo                          0x08005991   Thumb Code    28  stm32l4xx_ll_usb.o(i.USB_FlushRxFifo)
    USB_FlushTxFifo                          0x080059b1   Thumb Code    32  stm32l4xx_ll_usb.o(i.USB_FlushTxFifo)
    USB_GetCurrentFrame                      0x080059d5   Thumb Code     8  stm32l4xx_ll_usb.o(i.USB_GetCurrentFrame)
    USB_GetHostSpeed                         0x080059dd   Thumb Code    14  stm32l4xx_ll_usb.o(i.USB_GetHostSpeed)
    USB_GetMode                              0x080059eb   Thumb Code     8  stm32l4xx_ll_usb.o(i.USB_GetMode)
    USB_HC_Halt                              0x080059f3   Thumb Code   194  stm32l4xx_ll_usb.o(i.USB_HC_Halt)
    USB_HC_Init                              0x08005ab5   Thumb Code   216  stm32l4xx_ll_usb.o(i.USB_HC_Init)
    USB_HC_ReadInterrupt                     0x08005b8d   Thumb Code     8  stm32l4xx_ll_usb.o(i.USB_HC_ReadInterrupt)
    USB_HC_StartXfer                         0x08005b95   Thumb Code   260  stm32l4xx_ll_usb.o(i.USB_HC_StartXfer)
    USB_HostInit                             0x08005c9d   Thumb Code   178  stm32l4xx_ll_usb.o(i.USB_HostInit)
    USB_InitFSLSPClkSel                      0x08005d65   Thumb Code    54  stm32l4xx_ll_usb.o(i.USB_InitFSLSPClkSel)
    USB_ReadInterrupts                       0x08005d9b   Thumb Code     8  stm32l4xx_ll_usb.o(i.USB_ReadInterrupts)
    USB_ReadPacket                           0x08005da3   Thumb Code    28  stm32l4xx_ll_usb.o(i.USB_ReadPacket)
    USB_ResetPort                            0x08005dbf   Thumb Code    50  stm32l4xx_ll_usb.o(i.USB_ResetPort)
    USB_SetCurrentMode                       0x08005df1   Thumb Code    46  stm32l4xx_ll_usb.o(i.USB_SetCurrentMode)
    USB_StopHost                             0x08005e21   Thumb Code   126  stm32l4xx_ll_usb.o(i.USB_StopHost)
    USB_WritePacket                          0x08005e9f   Thumb Code    32  stm32l4xx_ll_usb.o(i.USB_WritePacket)
    UsageFault_Handler                       0x08005ebf   Thumb Code     2  stm32l4xx_it.o(i.UsageFault_Handler)
    __scatterload_copy                       0x08005ec1   Thumb Code    14  handlers.o(i.__scatterload_copy)
    __scatterload_null                       0x08005ecf   Thumb Code     2  handlers.o(i.__scatterload_null)
    __scatterload_zeroinit                   0x08005ed1   Thumb Code    14  handlers.o(i.__scatterload_zeroinit)
    createInstructionSet                     0x08005edf   Thumb Code    32  instruction_set.o(i.createInstructionSet)
    createServo                              0x08005eff   Thumb Code    28  servo.o(i.createServo)
    free                                     0x08005f1d   Thumb Code    76  malloc.o(i.free)
    main                                     0x08005f79   Thumb Code   120  main.o(i.main)
    malloc                                   0x08006009   Thumb Code    92  malloc.o(i.malloc)
    osDelay                                  0x08006075   Thumb Code    14  cmsis_os.o(i.osDelay)
    osKernelStart                            0x08006083   Thumb Code    10  cmsis_os.o(i.osKernelStart)
    osMessageCreate                          0x0800608d   Thumb Code     8  cmsis_os.o(i.osMessageCreate)
    osMessageGet                             0x08006095   Thumb Code   144  cmsis_os.o(i.osMessageGet)
    osMessagePut                             0x08006131   Thumb Code    86  cmsis_os.o(i.osMessagePut)
    osThreadCreate                           0x0800618d   Thumb Code    46  cmsis_os.o(i.osThreadCreate)
    pvPortMalloc                             0x08006609   Thumb Code   210  heap_4.o(i.pvPortMalloc)
    pvTaskIncrementMutexHeldCount            0x080066e1   Thumb Code    18  tasks.o(i.pvTaskIncrementMutexHeldCount)
    pxPortInitialiseStack                    0x080066f9   Thumb Code    40  port.o(i.pxPortInitialiseStack)
    uxListRemove                             0x08006725   Thumb Code    38  list.o(i.uxListRemove)
    vListInitialise                          0x0800674b   Thumb Code    22  list.o(i.vListInitialise)
    vListInitialiseItem                      0x08006761   Thumb Code     6  list.o(i.vListInitialiseItem)
    vListInsert                              0x08006767   Thumb Code    48  list.o(i.vListInsert)
    vListInsertEnd                           0x08006797   Thumb Code    24  list.o(i.vListInsertEnd)
    vPortEnterCritical                       0x080067b1   Thumb Code    54  port.o(i.vPortEnterCritical)
    vPortExitCritical                        0x080067f1   Thumb Code    34  port.o(i.vPortExitCritical)
    vPortFree                                0x08006819   Thumb Code    88  heap_4.o(i.vPortFree)
    vPortSetupTimerInterrupt                 0x08006875   Thumb Code    32  port.o(i.vPortSetupTimerInterrupt)
    vPortValidateInterruptPriority           0x08006899   Thumb Code    74  port.o(i.vPortValidateInterruptPriority)
    vServo                                   0x080068ed   Thumb Code   134  freertos.o(i.vServo)
    vTask1                                   0x08006979   Thumb Code   138  freertos.o(i.vTask1)
    vTask2                                   0x08006a09   Thumb Code   138  freertos.o(i.vTask2)
    vTaskDelay                               0x08006a99   Thumb Code    66  tasks.o(i.vTaskDelay)
    vTaskInternalSetTimeOutState             0x08006ae5   Thumb Code    12  tasks.o(i.vTaskInternalSetTimeOutState)
    vTaskMissedYield                         0x08006af5   Thumb Code     8  tasks.o(i.vTaskMissedYield)
    vTaskPlaceOnEventList                    0x08006b01   Thumb Code    44  tasks.o(i.vTaskPlaceOnEventList)
    vTaskPriorityDisinheritAfterTimeout      0x08006b31   Thumb Code   160  tasks.o(i.vTaskPriorityDisinheritAfterTimeout)
    vTaskStartScheduler                      0x08006bd9   Thumb Code    86  tasks.o(i.vTaskStartScheduler)
    vTaskSuspendAll                          0x08006c41   Thumb Code    10  tasks.o(i.vTaskSuspendAll)
    vTaskSwitchContext                       0x08006c51   Thumb Code    82  tasks.o(i.vTaskSwitchContext)
    vUI                                      0x08006cad   Thumb Code   452  freertos.o(i.vUI)
    xPortStartScheduler                      0x08006e7d   Thumb Code   222  port.o(i.xPortStartScheduler)
    xQueueCreateMutex                        0x08006f71   Thumb Code    36  queue.o(i.xQueueCreateMutex)
    xQueueGenericCreate                      0x08006f95   Thumb Code    82  queue.o(i.xQueueGenericCreate)
    xQueueGenericReset                       0x08006fe9   Thumb Code   132  queue.o(i.xQueueGenericReset)
    xQueueGenericSend                        0x08007071   Thumb Code   346  queue.o(i.xQueueGenericSend)
    xQueueGenericSendFromISR                 0x080071d1   Thumb Code   188  queue.o(i.xQueueGenericSendFromISR)
    xQueueGiveFromISR                        0x0800728d   Thumb Code   156  queue.o(i.xQueueGiveFromISR)
    xQueueReceive                            0x08007329   Thumb Code   308  queue.o(i.xQueueReceive)
    xQueueReceiveFromISR                     0x08007461   Thumb Code   154  queue.o(i.xQueueReceiveFromISR)
    xQueueSemaphoreTake                      0x080074fd   Thumb Code   372  queue.o(i.xQueueSemaphoreTake)
    xTaskCheckForTimeOut                     0x08007675   Thumb Code   112  tasks.o(i.xTaskCheckForTimeOut)
    xTaskCreate                              0x080076e9   Thumb Code    86  tasks.o(i.xTaskCreate)
    xTaskGetSchedulerState                   0x08007745   Thumb Code    22  tasks.o(i.xTaskGetSchedulerState)
    xTaskIncrementTick                       0x08007761   Thumb Code   192  tasks.o(i.xTaskIncrementTick)
    xTaskPriorityDisinherit                  0x08007829   Thumb Code   144  tasks.o(i.xTaskPriorityDisinherit)
    xTaskPriorityInherit                     0x080078c1   Thumb Code   138  tasks.o(i.xTaskPriorityInherit)
    xTaskRemoveFromEventList                 0x08007955   Thumb Code   108  tasks.o(i.xTaskRemoveFromEventList)
    xTaskResumeAll                           0x080079c9   Thumb Code   182  tasks.o(i.xTaskResumeAll)
    AHBPrescTable                            0x08007aa0   Data          16  system_stm32l4xx.o(.constdata)
    MSIRangeTable                            0x08007ab0   Data          48  system_stm32l4xx.o(.constdata)
    APBPrescTable                            0x08007ae0   Data           8  system_stm32l4xx.o(.constdata)
    Region$$Table$$Base                      0x08007b20   Number         0  anon$$obj.o(Region$$Table)
    Region$$Table$$Limit                     0x08007b40   Number         0  anon$$obj.o(Region$$Table)
    rx_byte                                  0x20000000   Data           1  main.o(.data)
    ucOxBuffer                               0x20000001   Data           2  main.o(.data)
    aTxStartMessage                          0x2000000c   Data          49  main.o(.data)
    iset1                                    0x20000040   Data           4  freertos.o(.data)
    iset2                                    0x20000044   Data           4  freertos.o(.data)
    command_mutex                            0x20000048   Data           4  freertos.o(.data)
    receive_mutex                            0x2000004c   Data           4  freertos.o(.data)
    transmit_mutex                           0x20000050   Data           4  freertos.o(.data)
    iset_mutex                               0x20000054   Data           4  freertos.o(.data)
    hservo1_q                                0x20000058   Data           4  freertos.o(.data)
    hservo2_q                                0x2000005c   Data           4  freertos.o(.data)
    servo1_instructions                      0x20000060   Data           4  freertos.o(.data)
    servo2_instructions                      0x20000064   Data           4  freertos.o(.data)
    s1                                       0x20000068   Data           4  freertos.o(.data)
    s2                                       0x2000006c   Data           4  freertos.o(.data)
    defaultTaskHandle                        0x20000070   Data           4  freertos.o(.data)
    commands2                                0x20000074   Data           7  freertos.o(.data)
    commands                                 0x2000007b   Data          20  freertos.o(.data)
    Appli_state                              0x20000094   Data           1  usb_host.o(.data)
    uwTick                                   0x2000009c   Data           4  stm32l4xx_hal.o(.data)
    SystemCoreClock                          0x200000a0   Data           4  system_stm32l4xx.o(.data)
    pxCurrentTCB                             0x200000a4   Data           4  tasks.o(.data)
    CDC_Class                                0x20000104   Data          32  usbh_cdc.o(.data)
    __microlib_freelist                      0x20000124   Data           4  mvars.o(.data)
    __microlib_freelist_initialised          0x20000128   Data           4  mvars.o(.data)
    hi2c1                                    0x2000012c   Data          76  i2c.o(.bss)
    hi2c2                                    0x20000178   Data          76  i2c.o(.bss)
    hlcd                                     0x200001c4   Data          60  lcd.o(.bss)
    hqspi                                    0x20000200   Data          68  quadspi.o(.bss)
    hsai_BlockA1                             0x20000244   Data         132  sai.o(.bss)
    hsai_BlockB1                             0x200002c8   Data         132  sai.o(.bss)
    hspi2                                    0x2000034c   Data         100  spi.o(.bss)
    htim2                                    0x200003b0   Data          64  tim.o(.bss)
    huart2                                   0x200003f0   Data         120  usart.o(.bss)
    hUsbHostFS                               0x20000468   Data         984  usb_host.o(.bss)
    hhcd_USB_OTG_FS                          0x20000840   Data         708  usbh_conf.o(.bss)
    htim1                                    0x20000b04   Data          64  stm32l4xx_hal_timebase_tim.o(.bss)
    __heap_base                              0x20002c38   Data           0  startup_stm32l476xx.o(HEAP)
    __heap_limit                             0x20002e38   Data           0  startup_stm32l476xx.o(HEAP)
    __initial_sp                             0x20003238   Data           0  startup_stm32l476xx.o(STACK)



==============================================================================

Memory Map of the image

  Image Entry point : 0x08000189

  Load Region LR_IROM1 (Base: 0x08000000, Size: 0x00007c6c, Max: 0x00100000, ABSOLUTE, COMPRESSED[0x00007bb0])

    Execution Region ER_IROM1 (Exec base: 0x08000000, Load base: 0x08000000, Size: 0x00007b40, Max: 0x00100000, ABSOLUTE)

    Exec Addr    Load Addr    Size         Type   Attr      Idx    E Section Name        Object

    0x08000000   0x08000000   0x00000188   Data   RO            3    RESET               startup_stm32l476xx.o
    0x08000188   0x08000188   0x00000000   Code   RO         7608  * .ARM.Collect$$$$00000000  mc_w.l(entry.o)
    0x08000188   0x08000188   0x00000004   Code   RO         7653    .ARM.Collect$$$$00000001  mc_w.l(entry2.o)
    0x0800018c   0x0800018c   0x00000004   Code   RO         7656    .ARM.Collect$$$$00000004  mc_w.l(entry5.o)
    0x08000190   0x08000190   0x00000000   Code   RO         7658    .ARM.Collect$$$$00000008  mc_w.l(entry7b.o)
    0x08000190   0x08000190   0x00000000   Code   RO         7660    .ARM.Collect$$$$0000000A  mc_w.l(entry8b.o)
    0x08000190   0x08000190   0x00000008   Code   RO         7661    .ARM.Collect$$$$0000000B  mc_w.l(entry9a.o)
    0x08000198   0x08000198   0x00000000   Code   RO         7663    .ARM.Collect$$$$0000000D  mc_w.l(entry10a.o)
    0x08000198   0x08000198   0x00000000   Code   RO         7665    .ARM.Collect$$$$0000000F  mc_w.l(entry11a.o)
    0x08000198   0x08000198   0x00000004   Code   RO         7654    .ARM.Collect$$$$00002712  mc_w.l(entry2.o)
    0x0800019c   0x0800019c   0x000000de   Code   RO         7057    .emb_text           port.o
    0x0800027a   0x0800027a   0x00000002   PAD
    0x0800027c   0x0800027c   0x00000024   Code   RO            4    .text               startup_stm32l476xx.o
    0x080002a0   0x080002a0   0x00000068   Code   RO         7611    .text               mc_w.l(uldiv.o)
    0x08000308   0x08000308   0x0000000c   Code   RO         7613    .text               mc_w.l(toupper.o)
    0x08000314   0x08000314   0x00000024   Code   RO         7615    .text               mc_w.l(memcpya.o)
    0x08000338   0x08000338   0x00000024   Code   RO         7619    .text               mc_w.l(memseta.o)
    0x0800035c   0x0800035c   0x0000001e   Code   RO         7667    .text               mc_w.l(llshl.o)
    0x0800037a   0x0800037a   0x00000020   Code   RO         7669    .text               mc_w.l(llushr.o)
    0x0800039a   0x0800039a   0x00000002   PAD
    0x0800039c   0x0800039c   0x00000024   Code   RO         7673    .text               mc_w.l(init.o)
    0x080003c0   0x080003c0   0x00000056   Code   RO         7683    .text               mc_w.l(__dczerorl2.o)
    0x08000416   0x08000416   0x00000002   Code   RO          985    i.BusFault_Handler  stm32l4xx_it.o
    0x08000418   0x08000418   0x0000007c   Code   RO         7492    i.CDC_ProcessReception  usbh_cdc.o
    0x08000494   0x08000494   0x00000088   Code   RO         7493    i.CDC_ProcessTransmission  usbh_cdc.o
    0x0800051c   0x0800051c   0x00000048   Code   RO         7137    i.DeInitStateMachine  usbh_core.o
    0x08000564   0x08000564   0x00000002   Code   RO          986    i.DebugMon_Handler  stm32l4xx_it.o
    0x08000566   0x08000566   0x00000002   Code   RO           13    i.Error_Handler     main.o
    0x08000568   0x08000568   0x00000016   Code   RO         7494    i.GetLineCoding     usbh_cdc.o
    0x0800057e   0x0800057e   0x0000004e   Code   RO         5173    i.HAL_DMA_Abort_IT  stm32l4xx_hal_dma.o
    0x080005cc   0x080005cc   0x0000001c   Code   RO         4440    i.HAL_Delay         stm32l4xx_hal.o
    0x080005e8   0x080005e8   0x000001ca   Code   RO         5108    i.HAL_GPIO_Init     stm32l4xx_hal_gpio.o
    0x080007b2   0x080007b2   0x0000000a   Code   RO         5112    i.HAL_GPIO_WritePin  stm32l4xx_hal_gpio.o
    0x080007bc   0x080007bc   0x0000000c   Code   RO         4444    i.HAL_GetTick       stm32l4xx_hal.o
    0x080007c8   0x080007c8   0x00000008   Code   RO          780    i.HAL_HCD_Connect_Callback  usbh_conf.o
    0x080007d0   0x080007d0   0x00000008   Code   RO          781    i.HAL_HCD_Disconnect_Callback  usbh_conf.o
    0x080007d8   0x080007d8   0x00000006   Code   RO         1166    i.HAL_HCD_GetCurrentFrame  stm32l4xx_hal_hcd.o
    0x080007de   0x080007de   0x00000006   Code   RO         1167    i.HAL_HCD_GetCurrentSpeed  stm32l4xx_hal_hcd.o
    0x080007e4   0x080007e4   0x0000000e   Code   RO         1170    i.HAL_HCD_HC_GetURBState  stm32l4xx_hal_hcd.o
    0x080007f2   0x080007f2   0x0000000c   Code   RO         1171    i.HAL_HCD_HC_GetXferCount  stm32l4xx_hal_hcd.o
    0x080007fe   0x080007fe   0x00000024   Code   RO         1172    i.HAL_HCD_HC_Halt   stm32l4xx_hal_hcd.o
    0x08000822   0x08000822   0x00000078   Code   RO         1173    i.HAL_HCD_HC_Init   stm32l4xx_hal_hcd.o
    0x0800089a   0x0800089a   0x00000008   Code   RO          782    i.HAL_HCD_HC_NotifyURBChange_Callback  usbh_conf.o
    0x080008a2   0x080008a2   0x0000008c   Code   RO         1175    i.HAL_HCD_HC_SubmitRequest  stm32l4xx_hal_hcd.o
    0x0800092e   0x0800092e   0x00000002   PAD
    0x08000930   0x08000930   0x00000132   Code   RO         1176    i.HAL_HCD_IRQHandler  stm32l4xx_hal_hcd.o
    0x08000a62   0x08000a62   0x00000068   Code   RO         1177    i.HAL_HCD_Init      stm32l4xx_hal_hcd.o
    0x08000aca   0x08000aca   0x00000002   PAD
    0x08000acc   0x08000acc   0x00000080   Code   RO          784    i.HAL_HCD_MspInit   usbh_conf.o
    0x08000b4c   0x08000b4c   0x00000008   Code   RO          785    i.HAL_HCD_PortDisabled_Callback  usbh_conf.o
    0x08000b54   0x08000b54   0x00000008   Code   RO          786    i.HAL_HCD_PortEnabled_Callback  usbh_conf.o
    0x08000b5c   0x08000b5c   0x00000006   Code   RO         1182    i.HAL_HCD_ResetPort  stm32l4xx_hal_hcd.o
    0x08000b62   0x08000b62   0x00000008   Code   RO          787    i.HAL_HCD_SOF_Callback  usbh_conf.o
    0x08000b6a   0x08000b6a   0x0000002c   Code   RO         1184    i.HAL_HCD_Start     stm32l4xx_hal_hcd.o
    0x08000b96   0x08000b96   0x00000024   Code   RO         1185    i.HAL_HCD_Stop      stm32l4xx_hal_hcd.o
    0x08000bba   0x08000bba   0x00000056   Code   RO         2091    i.HAL_I2CEx_ConfigAnalogFilter  stm32l4xx_hal_i2c_ex.o
    0x08000c10   0x08000c10   0x00000052   Code   RO         2092    i.HAL_I2CEx_ConfigDigitalFilter  stm32l4xx_hal_i2c_ex.o
    0x08000c62   0x08000c62   0x00000002   PAD
    0x08000c64   0x08000c64   0x000000b8   Code   RO         1645    i.HAL_I2C_Init      stm32l4xx_hal_i2c.o
    0x08000d1c   0x08000d1c   0x000000a0   Code   RO          418    i.HAL_I2C_MspInit   i2c.o
    0x08000dbc   0x08000dbc   0x00000010   Code   RO         4448    i.HAL_IncTick       stm32l4xx_hal.o
    0x08000dcc   0x08000dcc   0x0000002c   Code   RO         4449    i.HAL_Init          stm32l4xx_hal.o
    0x08000df8   0x08000df8   0x00000074   Code   RO         1085    i.HAL_InitTick      stm32l4xx_hal_timebase_tim.o
    0x08000e6c   0x08000e6c   0x000000fc   Code   RO         2149    i.HAL_LCD_Init      stm32l4xx_hal_lcd.o
    0x08000f68   0x08000f68   0x000000e0   Code   RO          466    i.HAL_LCD_MspInit   lcd.o
    0x08001048   0x08001048   0x00000034   Code   RO         1061    i.HAL_MspInit       stm32l4xx_hal_msp.o
    0x0800107c   0x0800107c   0x00000016   Code   RO         5649    i.HAL_NVIC_EnableIRQ  stm32l4xx_hal_cortex.o
    0x08001092   0x08001092   0x00000002   PAD
    0x08001094   0x08001094   0x00000040   Code   RO         5655    i.HAL_NVIC_SetPriority  stm32l4xx_hal_cortex.o
    0x080010d4   0x080010d4   0x00000024   Code   RO         5656    i.HAL_NVIC_SetPriorityGrouping  stm32l4xx_hal_cortex.o
    0x080010f8   0x080010f8   0x00000068   Code   RO         5399    i.HAL_PWREx_ControlVoltageScaling  stm32l4xx_hal_pwr_ex.o
    0x08001160   0x08001160   0x00000010   Code   RO         5425    i.HAL_PWREx_EnableVddUSB  stm32l4xx_hal_pwr_ex.o
    0x08001170   0x08001170   0x00000010   Code   RO         5430    i.HAL_PWREx_GetVoltageRange  stm32l4xx_hal_pwr_ex.o
    0x08001180   0x08001180   0x00000010   Code   RO         5291    i.HAL_PWR_EnableBkUpAccess  stm32l4xx_hal_pwr.o
    0x08001190   0x08001190   0x000000b0   Code   RO         2238    i.HAL_QSPI_Init     stm32l4xx_hal_qspi.o
    0x08001240   0x08001240   0x00000068   Code   RO          508    i.HAL_QSPI_MspInit  quadspi.o
    0x080012a8   0x080012a8   0x00000010   Code   RO         4758    i.HAL_RCCEx_EnableMSIPLLMode  stm32l4xx_hal_rcc_ex.o
    0x080012b8   0x080012b8   0x000003d2   Code   RO         4762    i.HAL_RCCEx_GetPeriphCLKFreq  stm32l4xx_hal_rcc_ex.o
    0x0800168a   0x0800168a   0x00000002   PAD
    0x0800168c   0x0800168c   0x000003ae   Code   RO         4765    i.HAL_RCCEx_PeriphCLKConfig  stm32l4xx_hal_rcc_ex.o
    0x08001a3a   0x08001a3a   0x00000002   PAD
    0x08001a3c   0x08001a3c   0x00000118   Code   RO         4650    i.HAL_RCC_ClockConfig  stm32l4xx_hal_rcc.o
    0x08001b54   0x08001b54   0x00000040   Code   RO         4653    i.HAL_RCC_GetClockConfig  stm32l4xx_hal_rcc.o
    0x08001b94   0x08001b94   0x00000024   Code   RO         4656    i.HAL_RCC_GetPCLK1Freq  stm32l4xx_hal_rcc.o
    0x08001bb8   0x08001bb8   0x00000024   Code   RO         4657    i.HAL_RCC_GetPCLK2Freq  stm32l4xx_hal_rcc.o
    0x08001bdc   0x08001bdc   0x000000a4   Code   RO         4658    i.HAL_RCC_GetSysClockFreq  stm32l4xx_hal_rcc.o
    0x08001c80   0x08001c80   0x00000464   Code   RO         4661    i.HAL_RCC_OscConfig  stm32l4xx_hal_rcc.o
    0x080020e4   0x080020e4   0x000001b4   Code   RO         2492    i.HAL_SAI_Init      stm32l4xx_hal_sai.o
    0x08002298   0x08002298   0x000000be   Code   RO          550    i.HAL_SAI_MspInit   sai.o
    0x08002356   0x08002356   0x000000ac   Code   RO         2773    i.HAL_SPI_Init      stm32l4xx_hal_spi.o
    0x08002402   0x08002402   0x00000002   PAD
    0x08002404   0x08002404   0x00000064   Code   RO          593    i.HAL_SPI_MspInit   spi.o
    0x08002468   0x08002468   0x00000002   Code   RO         3754    i.HAL_TIMEx_Break2Callback  stm32l4xx_hal_tim_ex.o
    0x0800246a   0x0800246a   0x00000002   Code   RO         3755    i.HAL_TIMEx_BreakCallback  stm32l4xx_hal_tim_ex.o
    0x0800246c   0x0800246c   0x00000002   Code   RO         3756    i.HAL_TIMEx_CommutationCallback  stm32l4xx_hal_tim_ex.o
    0x0800246e   0x0800246e   0x00000002   PAD
    0x08002470   0x08002470   0x00000060   Code   RO         3774    i.HAL_TIMEx_MasterConfigSynchronization  stm32l4xx_hal_tim_ex.o
    0x080024d0   0x080024d0   0x00000036   Code   RO         3115    i.HAL_TIM_Base_Init  stm32l4xx_hal_tim.o
    0x08002506   0x08002506   0x00000002   PAD
    0x08002508   0x08002508   0x00000024   Code   RO          635    i.HAL_TIM_Base_MspInit  tim.o
    0x0800252c   0x0800252c   0x00000034   Code   RO         3118    i.HAL_TIM_Base_Start  stm32l4xx_hal_tim.o
    0x08002560   0x08002560   0x00000030   Code   RO         3120    i.HAL_TIM_Base_Start_IT  stm32l4xx_hal_tim.o
    0x08002590   0x08002590   0x00000002   Code   RO         3144    i.HAL_TIM_IC_CaptureCallback  stm32l4xx_hal_tim.o
    0x08002592   0x08002592   0x00000184   Code   RO         3157    i.HAL_TIM_IRQHandler  stm32l4xx_hal_tim.o
    0x08002716   0x08002716   0x00000002   PAD
    0x08002718   0x08002718   0x0000004c   Code   RO          636    i.HAL_TIM_MspPostInit  tim.o
    0x08002764   0x08002764   0x00000002   Code   RO         3160    i.HAL_TIM_OC_DelayElapsedCallback  stm32l4xx_hal_tim.o
    0x08002766   0x08002766   0x00000128   Code   RO         3181    i.HAL_TIM_PWM_ConfigChannel  stm32l4xx_hal_tim.o
    0x0800288e   0x0800288e   0x00000036   Code   RO         3184    i.HAL_TIM_PWM_Init  stm32l4xx_hal_tim.o
    0x080028c4   0x080028c4   0x00000002   Code   RO         3186    i.HAL_TIM_PWM_MspInit  stm32l4xx_hal_tim.o
    0x080028c6   0x080028c6   0x00000002   Code   RO         3187    i.HAL_TIM_PWM_PulseFinishedCallback  stm32l4xx_hal_tim.o
    0x080028c8   0x080028c8   0x00000070   Code   RO         3188    i.HAL_TIM_PWM_Start  stm32l4xx_hal_tim.o
    0x08002938   0x08002938   0x00000014   Code   RO           14    i.HAL_TIM_PeriodElapsedCallback  main.o
    0x0800294c   0x0800294c   0x00000042   Code   RO         3196    i.HAL_TIM_SlaveConfigSynchronization  stm32l4xx_hal_tim.o
    0x0800298e   0x0800298e   0x00000002   Code   RO         3198    i.HAL_TIM_TriggerCallback  stm32l4xx_hal_tim.o
    0x08002990   0x08002990   0x00000002   Code   RO         4374    i.HAL_UARTEx_WakeupCallback  stm32l4xx_hal_uart_ex.o
    0x08002992   0x08002992   0x00000002   Code   RO         4033    i.HAL_UART_ErrorCallback  stm32l4xx_hal_uart.o
    0x08002994   0x08002994   0x00000144   Code   RO         4036    i.HAL_UART_IRQHandler  stm32l4xx_hal_uart.o
    0x08002ad8   0x08002ad8   0x0000006a   Code   RO         4037    i.HAL_UART_Init     stm32l4xx_hal_uart.o
    0x08002b42   0x08002b42   0x00000002   PAD
    0x08002b44   0x08002b44   0x00000074   Code   RO          683    i.HAL_UART_MspInit  usart.o
    0x08002bb8   0x08002bb8   0x000000ac   Code   RO         4042    i.HAL_UART_Receive_IT  stm32l4xx_hal_uart.o
    0x08002c64   0x08002c64   0x00000088   Code   RO           15    i.HAL_UART_RxCpltCallback  main.o
    0x08002cec   0x08002cec   0x000000b0   Code   RO         4045    i.HAL_UART_Transmit  stm32l4xx_hal_uart.o
    0x08002d9c   0x08002d9c   0x00000068   Code   RO         4047    i.HAL_UART_Transmit_IT  stm32l4xx_hal_uart.o
    0x08002e04   0x08002e04   0x00000002   Code   RO         4048    i.HAL_UART_TxCpltCallback  stm32l4xx_hal_uart.o
    0x08002e06   0x08002e06   0x00000232   Code   RO         1186    i.HCD_HC_IN_IRQHandler  stm32l4xx_hal_hcd.o
    0x08003038   0x08003038   0x00000240   Code   RO         1187    i.HCD_HC_OUT_IRQHandler  stm32l4xx_hal_hcd.o
    0x08003278   0x08003278   0x000000b8   Code   RO         1188    i.HCD_Port_IRQHandler  stm32l4xx_hal_hcd.o
    0x08003330   0x08003330   0x00000070   Code   RO         1189    i.HCD_RXQLVL_IRQHandler  stm32l4xx_hal_hcd.o
    0x080033a0   0x080033a0   0x00000002   Code   RO          987    i.HardFault_Handler  stm32l4xx_it.o
    0x080033a2   0x080033a2   0x00000030   Code   RO         2154    i.LCD_WaitForSynchro  stm32l4xx_hal_lcd.o
    0x080033d2   0x080033d2   0x00000002   PAD
    0x080033d4   0x080033d4   0x00000018   Code   RO          961    i.MX_DriverVbusFS   usbh_platform.o
    0x080033ec   0x080033ec   0x00000130   Code   RO          298    i.MX_FREERTOS_Init  freertos.o
    0x0800351c   0x0800351c   0x000001e2   Code   RO          274    i.MX_GPIO_Init      gpio.o
    0x080036fe   0x080036fe   0x00000002   PAD
    0x08003700   0x08003700   0x00000058   Code   RO          419    i.MX_I2C1_Init      i2c.o
    0x08003758   0x08003758   0x00000058   Code   RO          420    i.MX_I2C2_Init      i2c.o
    0x080037b0   0x080037b0   0x00000040   Code   RO          467    i.MX_LCD_Init       lcd.o
    0x080037f0   0x080037f0   0x00000034   Code   RO          509    i.MX_QUADSPI_Init   quadspi.o
    0x08003824   0x08003824   0x000000a0   Code   RO          551    i.MX_SAI1_Init      sai.o
    0x080038c4   0x080038c4   0x00000050   Code   RO          594    i.MX_SPI2_Init      spi.o
    0x08003914   0x08003914   0x000000a8   Code   RO          637    i.MX_TIM2_Init      tim.o
    0x080039bc   0x080039bc   0x0000003c   Code   RO          684    i.MX_USART2_UART_Init  usart.o
    0x080039f8   0x080039f8   0x0000002c   Code   RO          724    i.MX_USB_HOST_Init  usb_host.o
    0x08003a24   0x08003a24   0x00000002   Code   RO          988    i.MemManage_Handler  stm32l4xx_it.o
    0x08003a26   0x08003a26   0x00000002   Code   RO          989    i.NMI_Handler       stm32l4xx_it.o
    0x08003a28   0x08003a28   0x00000020   Code   RO         5662    i.NVIC_SetPriority  stm32l4xx_hal_cortex.o
    0x08003a48   0x08003a48   0x0000000c   Code   RO          990    i.OTG_FS_IRQHandler  stm32l4xx_it.o
    0x08003a54   0x08003a54   0x00000048   Code   RO         2263    i.QSPI_WaitFlagStateUntilTimeout  stm32l4xx_hal_qspi.o
    0x08003a9c   0x08003a9c   0x000000d0   Code   RO         4768    i.RCCEx_GetSAIxPeriphCLKFreq  stm32l4xx_hal_rcc_ex.o
    0x08003b6c   0x08003b6c   0x0000012c   Code   RO         4769    i.RCCEx_PLLSAI1_Config  stm32l4xx_hal_rcc_ex.o
    0x08003c98   0x08003c98   0x00000108   Code   RO         4770    i.RCCEx_PLLSAI2_Config  stm32l4xx_hal_rcc_ex.o
    0x08003da0   0x08003da0   0x0000007c   Code   RO         4662    i.RCC_SetFlashLatencyFromMSIRange  stm32l4xx_hal_rcc.o
    0x08003e1c   0x08003e1c   0x00000040   Code   RO         2512    i.SAI_Disable       stm32l4xx_hal_sai.o
    0x08003e5c   0x08003e5c   0x0000000c   Code   RO          299    i.StartDefaultTask  freertos.o
    0x08003e68   0x08003e68   0x0000002c   Code   RO         7058    i.SysTick_Handler   port.o
    0x08003e94   0x08003e94   0x000000b4   Code   RO           16    i.SystemClock_Config  main.o
    0x08003f48   0x08003f48   0x00000044   Code   RO         5780    i.SystemInit        system_stm32l4xx.o
    0x08003f8c   0x08003f8c   0x0000000c   Code   RO          991    i.TIM1_UP_TIM16_IRQHandler  stm32l4xx_it.o
    0x08003f98   0x08003f98   0x000000c0   Code   RO         3199    i.TIM_Base_SetConfig  stm32l4xx_hal_tim.o
    0x08004058   0x08004058   0x0000001a   Code   RO         3200    i.TIM_CCxChannelCmd  stm32l4xx_hal_tim.o
    0x08004072   0x08004072   0x00000014   Code   RO         3206    i.TIM_ETR_SetConfig  stm32l4xx_hal_tim.o
    0x08004086   0x08004086   0x00000002   PAD
    0x08004088   0x08004088   0x0000009c   Code   RO         3208    i.TIM_OC1_SetConfig  stm32l4xx_hal_tim.o
    0x08004124   0x08004124   0x00000090   Code   RO         3209    i.TIM_OC2_SetConfig  stm32l4xx_hal_tim.o
    0x080041b4   0x080041b4   0x00000090   Code   RO         3210    i.TIM_OC3_SetConfig  stm32l4xx_hal_tim.o
    0x08004244   0x08004244   0x00000074   Code   RO         3211    i.TIM_OC4_SetConfig  stm32l4xx_hal_tim.o
    0x080042b8   0x080042b8   0x00000070   Code   RO         3212    i.TIM_OC5_SetConfig  stm32l4xx_hal_tim.o
    0x08004328   0x08004328   0x00000070   Code   RO         3213    i.TIM_OC6_SetConfig  stm32l4xx_hal_tim.o
    0x08004398   0x08004398   0x00000080   Code   RO         3214    i.TIM_SlaveTimer_SetConfig  stm32l4xx_hal_tim.o
    0x08004418   0x08004418   0x00000022   Code   RO         3215    i.TIM_TI1_ConfigInputStage  stm32l4xx_hal_tim.o
    0x0800443a   0x0800443a   0x00000024   Code   RO         3217    i.TIM_TI2_ConfigInputStage  stm32l4xx_hal_tim.o
    0x0800445e   0x0800445e   0x000000c8   Code   RO         4050    i.UART_AdvFeatureConfig  stm32l4xx_hal_uart.o
    0x08004526   0x08004526   0x0000005c   Code   RO         4051    i.UART_CheckIdleState  stm32l4xx_hal_uart.o
    0x08004582   0x08004582   0x00000014   Code   RO         4052    i.UART_DMAAbortOnError  stm32l4xx_hal_uart.o
    0x08004596   0x08004596   0x00000020   Code   RO         4062    i.UART_EndRxTransfer  stm32l4xx_hal_uart.o
    0x080045b6   0x080045b6   0x0000005c   Code   RO         4064    i.UART_RxISR_16BIT  stm32l4xx_hal_uart.o
    0x08004612   0x08004612   0x0000005a   Code   RO         4065    i.UART_RxISR_8BIT   stm32l4xx_hal_uart.o
    0x0800466c   0x0800466c   0x000002a0   Code   RO         4066    i.UART_SetConfig    stm32l4xx_hal_uart.o
    0x0800490c   0x0800490c   0x00000042   Code   RO         4067    i.UART_TxISR_16BIT  stm32l4xx_hal_uart.o
    0x0800494e   0x0800494e   0x0000003c   Code   RO         4068    i.UART_TxISR_8BIT   stm32l4xx_hal_uart.o
    0x0800498a   0x0800498a   0x00000064   Code   RO         4069    i.UART_WaitOnFlagUntilTimeout  stm32l4xx_hal_uart.o
    0x080049ee   0x080049ee   0x00000002   PAD
    0x080049f0   0x080049f0   0x0000000c   Code   RO          992    i.USART2_IRQHandler  stm32l4xx_it.o
    0x080049fc   0x080049fc   0x00000034   Code   RO         7450    i.USBH_AllocPipe    usbh_pipes.o
    0x08004a30   0x08004a30   0x00000020   Code   RO         7378    i.USBH_BulkReceiveData  usbh_ioreq.o
    0x08004a50   0x08004a50   0x00000028   Code   RO         7379    i.USBH_BulkSendData  usbh_ioreq.o
    0x08004a78   0x08004a78   0x00000024   Code   RO         7495    i.USBH_CDC_ClassRequest  usbh_cdc.o
    0x08004a9c   0x08004a9c   0x0000005e   Code   RO         7498    i.USBH_CDC_InterfaceDeInit  usbh_cdc.o
    0x08004afa   0x08004afa   0x00000134   Code   RO         7499    i.USBH_CDC_InterfaceInit  usbh_cdc.o
    0x08004c2e   0x08004c2e   0x00000002   Code   RO         7500    i.USBH_CDC_LineCodingChanged  usbh_cdc.o
    0x08004c30   0x08004c30   0x000000b8   Code   RO         7501    i.USBH_CDC_Process  usbh_cdc.o
    0x08004ce8   0x08004ce8   0x00000002   Code   RO         7503    i.USBH_CDC_ReceiveCallback  usbh_cdc.o
    0x08004cea   0x08004cea   0x00000004   Code   RO         7504    i.USBH_CDC_SOFProcess  usbh_cdc.o
    0x08004cee   0x08004cee   0x00000002   Code   RO         7508    i.USBH_CDC_TransmitCallback  usbh_cdc.o
    0x08004cf0   0x08004cf0   0x0000000a   Code   RO         7451    i.USBH_ClosePipe    usbh_pipes.o
    0x08004cfa   0x08004cfa   0x0000001e   Code   RO         7284    i.USBH_ClrFeature   usbh_ctlreq.o
    0x08004d18   0x08004d18   0x0000001e   Code   RO         7380    i.USBH_CtlReceiveData  usbh_ioreq.o
    0x08004d36   0x08004d36   0x00000054   Code   RO         7285    i.USBH_CtlReq       usbh_ctlreq.o
    0x08004d8a   0x08004d8a   0x00000028   Code   RO         7381    i.USBH_CtlSendData  usbh_ioreq.o
    0x08004db2   0x08004db2   0x0000001e   Code   RO         7382    i.USBH_CtlSendSetup  usbh_ioreq.o
    0x08004dd0   0x08004dd0   0x00000004   Code   RO          788    i.USBH_Delay        usbh_conf.o
    0x08004dd4   0x08004dd4   0x00000044   Code   RO         7139    i.USBH_FindInterface  usbh_core.o
    0x08004e18   0x08004e18   0x00000018   Code   RO         7452    i.USBH_FreePipe     usbh_pipes.o
    0x08004e30   0x08004e30   0x00000034   Code   RO         7286    i.USBH_GetDescriptor  usbh_ctlreq.o
    0x08004e64   0x08004e64   0x0000000e   Code   RO         7287    i.USBH_GetNextDesc  usbh_ctlreq.o
    0x08004e72   0x08004e72   0x0000002c   Code   RO         7288    i.USBH_Get_CfgDesc  usbh_ctlreq.o
    0x08004e9e   0x08004e9e   0x00000090   Code   RO         7289    i.USBH_Get_DevDesc  usbh_ctlreq.o
    0x08004f2e   0x08004f2e   0x00000048   Code   RO         7290    i.USBH_Get_StringDesc  usbh_ctlreq.o
    0x08004f76   0x08004f76   0x00000002   PAD
    0x08004f78   0x08004f78   0x000001a4   Code   RO         7291    i.USBH_HandleControl  usbh_ctlreq.o
    0x0800511c   0x0800511c   0x0000012c   Code   RO         7142    i.USBH_HandleEnum   usbh_core.o
    0x08005248   0x08005248   0x00000068   Code   RO         7143    i.USBH_Init         usbh_core.o
    0x080052b0   0x080052b0   0x00000020   Code   RO          789    i.USBH_LL_ClosePipe  usbh_conf.o
    0x080052d0   0x080052d0   0x0000003e   Code   RO         7145    i.USBH_LL_Connect   usbh_core.o
    0x0800530e   0x0800530e   0x00000048   Code   RO         7146    i.USBH_LL_Disconnect  usbh_core.o
    0x08005356   0x08005356   0x0000001a   Code   RO          791    i.USBH_LL_DriverVBUS  usbh_conf.o
    0x08005370   0x08005370   0x00000008   Code   RO          792    i.USBH_LL_GetLastXferSize  usbh_conf.o
    0x08005378   0x08005378   0x00000022   Code   RO          793    i.USBH_LL_GetSpeed  usbh_conf.o
    0x0800539a   0x0800539a   0x00000008   Code   RO          795    i.USBH_LL_GetURBState  usbh_conf.o
    0x080053a2   0x080053a2   0x0000001e   Code   RO         7147    i.USBH_LL_IncTimer  usbh_core.o
    0x080053c0   0x080053c0   0x00000050   Code   RO          796    i.USBH_LL_Init      usbh_conf.o
    0x08005410   0x08005410   0x00000016   Code   RO         7148    i.USBH_LL_NotifyURBChange  usbh_core.o
    0x08005426   0x08005426   0x0000002a   Code   RO          797    i.USBH_LL_OpenPipe  usbh_conf.o
    0x08005450   0x08005450   0x00000008   Code   RO         7149    i.USBH_LL_PortDisabled  usbh_core.o
    0x08005458   0x08005458   0x00000008   Code   RO         7150    i.USBH_LL_PortEnabled  usbh_core.o
    0x08005460   0x08005460   0x00000020   Code   RO          798    i.USBH_LL_ResetPort  usbh_conf.o
    0x08005480   0x08005480   0x00000006   Code   RO         7151    i.USBH_LL_SetTimer  usbh_core.o
    0x08005486   0x08005486   0x00000020   Code   RO          799    i.USBH_LL_SetToggle  usbh_conf.o
    0x080054a6   0x080054a6   0x00000020   Code   RO          800    i.USBH_LL_Start     usbh_conf.o
    0x080054c6   0x080054c6   0x00000020   Code   RO          801    i.USBH_LL_Stop      usbh_conf.o
    0x080054e6   0x080054e6   0x00000030   Code   RO          802    i.USBH_LL_SubmitURB  usbh_conf.o
    0x08005516   0x08005516   0x00000014   Code   RO         7453    i.USBH_OpenPipe     usbh_pipes.o
    0x0800552a   0x0800552a   0x000000dc   Code   RO         7292    i.USBH_ParseCfgDesc  usbh_ctlreq.o
    0x08005606   0x08005606   0x00000002   PAD
    0x08005608   0x08005608   0x000001dc   Code   RO         7152    i.USBH_Process      usbh_core.o
    0x080057e4   0x080057e4   0x00000022   Code   RO         7153    i.USBH_Process_OS   usbh_core.o
    0x08005806   0x08005806   0x0000001c   Code   RO         7155    i.USBH_RegisterClass  usbh_core.o
    0x08005822   0x08005822   0x00000016   Code   RO         7156    i.USBH_SelectInterface  usbh_core.o
    0x08005838   0x08005838   0x0000001c   Code   RO         7293    i.USBH_SetAddress   usbh_ctlreq.o
    0x08005854   0x08005854   0x0000001c   Code   RO         7294    i.USBH_SetCfg       usbh_ctlreq.o
    0x08005870   0x08005870   0x0000001c   Code   RO         7295    i.USBH_SetFeature   usbh_ctlreq.o
    0x0800588c   0x0800588c   0x00000014   Code   RO         7157    i.USBH_Start        usbh_core.o
    0x080058a0   0x080058a0   0x00000020   Code   RO          725    i.USBH_UserProcess  usb_host.o
    0x080058c0   0x080058c0   0x00000054   Code   RO         1344    i.USB_CoreInit      stm32l4xx_ll_usb.o
    0x08005914   0x08005914   0x00000038   Code   RO         1345    i.USB_CoreReset     stm32l4xx_ll_usb.o
    0x0800594c   0x0800594c   0x0000000c   Code   RO         1352    i.USB_DisableGlobalInt  stm32l4xx_ll_usb.o
    0x08005958   0x08005958   0x0000002c   Code   RO         1354    i.USB_DriveVbus     stm32l4xx_ll_usb.o
    0x08005984   0x08005984   0x0000000c   Code   RO         1360    i.USB_EnableGlobalInt  stm32l4xx_ll_usb.o
    0x08005990   0x08005990   0x00000020   Code   RO         1361    i.USB_FlushRxFifo   stm32l4xx_ll_usb.o
    0x080059b0   0x080059b0   0x00000024   Code   RO         1362    i.USB_FlushTxFifo   stm32l4xx_ll_usb.o
    0x080059d4   0x080059d4   0x00000008   Code   RO         1363    i.USB_GetCurrentFrame  stm32l4xx_ll_usb.o
    0x080059dc   0x080059dc   0x0000000e   Code   RO         1365    i.USB_GetHostSpeed  stm32l4xx_ll_usb.o
    0x080059ea   0x080059ea   0x00000008   Code   RO         1366    i.USB_GetMode       stm32l4xx_ll_usb.o
    0x080059f2   0x080059f2   0x000000c2   Code   RO         1367    i.USB_HC_Halt       stm32l4xx_ll_usb.o
    0x08005ab4   0x08005ab4   0x000000d8   Code   RO         1368    i.USB_HC_Init       stm32l4xx_ll_usb.o
    0x08005b8c   0x08005b8c   0x00000008   Code   RO         1369    i.USB_HC_ReadInterrupt  stm32l4xx_ll_usb.o
    0x08005b94   0x08005b94   0x00000108   Code   RO         1370    i.USB_HC_StartXfer  stm32l4xx_ll_usb.o
    0x08005c9c   0x08005c9c   0x000000c8   Code   RO         1371    i.USB_HostInit      stm32l4xx_ll_usb.o
    0x08005d64   0x08005d64   0x00000036   Code   RO         1372    i.USB_InitFSLSPClkSel  stm32l4xx_ll_usb.o
    0x08005d9a   0x08005d9a   0x00000008   Code   RO         1377    i.USB_ReadInterrupts  stm32l4xx_ll_usb.o
    0x08005da2   0x08005da2   0x0000001c   Code   RO         1378    i.USB_ReadPacket    stm32l4xx_ll_usb.o
    0x08005dbe   0x08005dbe   0x00000032   Code   RO         1379    i.USB_ResetPort     stm32l4xx_ll_usb.o
    0x08005df0   0x08005df0   0x0000002e   Code   RO         1380    i.USB_SetCurrentMode  stm32l4xx_ll_usb.o
    0x08005e1e   0x08005e1e   0x00000002   PAD
    0x08005e20   0x08005e20   0x0000007e   Code   RO         1384    i.USB_StopHost      stm32l4xx_ll_usb.o
    0x08005e9e   0x08005e9e   0x00000020   Code   RO         1385    i.USB_WritePacket   stm32l4xx_ll_usb.o
    0x08005ebe   0x08005ebe   0x00000002   Code   RO          993    i.UsageFault_Handler  stm32l4xx_it.o
    0x08005ec0   0x08005ec0   0x0000000e   Code   RO         7677    i.__scatterload_copy  mc_w.l(handlers.o)
    0x08005ece   0x08005ece   0x00000002   Code   RO         7678    i.__scatterload_null  mc_w.l(handlers.o)
    0x08005ed0   0x08005ed0   0x0000000e   Code   RO         7679    i.__scatterload_zeroinit  mc_w.l(handlers.o)
    0x08005ede   0x08005ede   0x00000020   Code   RO         1148    i.createInstructionSet  instruction_set.o
    0x08005efe   0x08005efe   0x0000001c   Code   RO         1121    i.createServo       servo.o
    0x08005f1a   0x08005f1a   0x00000002   PAD
    0x08005f1c   0x08005f1c   0x00000050   Code   RO         7625    i.free              mc_w.l(malloc.o)
    0x08005f6c   0x08005f6c   0x0000000c   Code   RO         6618    i.inHandlerMode     cmsis_os.o
    0x08005f78   0x08005f78   0x00000084   Code   RO           17    i.main              main.o
    0x08005ffc   0x08005ffc   0x0000000c   Code   RO         6620    i.makeFreeRtosPriority  cmsis_os.o
    0x08006008   0x08006008   0x0000006c   Code   RO         7626    i.malloc            mc_w.l(malloc.o)
    0x08006074   0x08006074   0x0000000e   Code   RO         6622    i.osDelay           cmsis_os.o
    0x08006082   0x08006082   0x0000000a   Code   RO         6625    i.osKernelStart     cmsis_os.o
    0x0800608c   0x0800608c   0x00000008   Code   RO         6634    i.osMessageCreate   cmsis_os.o
    0x08006094   0x08006094   0x0000009a   Code   RO         6636    i.osMessageGet      cmsis_os.o
    0x0800612e   0x0800612e   0x00000002   PAD
    0x08006130   0x08006130   0x0000005c   Code   RO         6638    i.osMessagePut      cmsis_os.o
    0x0800618c   0x0800618c   0x0000002e   Code   RO         6659    i.osThreadCreate    cmsis_os.o
    0x080061ba   0x080061ba   0x00000002   PAD
    0x080061bc   0x080061bc   0x00000070   Code   RO         6273    i.prvAddCurrentTaskToDelayedList  tasks.o
    0x0800622c   0x0800622c   0x000000d0   Code   RO         6274    i.prvAddNewTaskToReadyList  tasks.o
    0x080062fc   0x080062fc   0x00000026   Code   RO         5952    i.prvCopyDataFromQueue  queue.o
    0x08006322   0x08006322   0x0000006c   Code   RO         5953    i.prvCopyDataToQueue  queue.o
    0x0800638e   0x0800638e   0x00000014   Code   RO         6275    i.prvDeleteTCB      tasks.o
    0x080063a2   0x080063a2   0x00000002   PAD
    0x080063a4   0x080063a4   0x0000004c   Code   RO         6996    i.prvHeapInit       heap_4.o
    0x080063f0   0x080063f0   0x00000060   Code   RO         6276    i.prvIdleTask       tasks.o
    0x08006450   0x08006450   0x0000009c   Code   RO         6277    i.prvInitialiseNewTask  tasks.o
    0x080064ec   0x080064ec   0x0000004c   Code   RO         6997    i.prvInsertBlockIntoFreeList  heap_4.o
    0x08006538   0x08006538   0x0000001c   Code   RO         5954    i.prvIsQueueEmpty   queue.o
    0x08006554   0x08006554   0x00000020   Code   RO         6279    i.prvResetNextTaskUnblockTime  tasks.o
    0x08006574   0x08006574   0x00000028   Code   RO         7059    i.prvTaskExitError  port.o
    0x0800659c   0x0800659c   0x0000006a   Code   RO         5955    i.prvUnlockQueue    queue.o
    0x08006606   0x08006606   0x00000002   PAD
    0x08006608   0x08006608   0x000000d8   Code   RO         6998    i.pvPortMalloc      heap_4.o
    0x080066e0   0x080066e0   0x00000018   Code   RO         6282    i.pvTaskIncrementMutexHeldCount  tasks.o
    0x080066f8   0x080066f8   0x0000002c   Code   RO         7060    i.pxPortInitialiseStack  port.o
    0x08006724   0x08006724   0x00000026   Code   RO         5915    i.uxListRemove      list.o
    0x0800674a   0x0800674a   0x00000016   Code   RO         5916    i.vListInitialise   list.o
    0x08006760   0x08006760   0x00000006   Code   RO         5917    i.vListInitialiseItem  list.o
    0x08006766   0x08006766   0x00000030   Code   RO         5918    i.vListInsert       list.o
    0x08006796   0x08006796   0x00000018   Code   RO         5919    i.vListInsertEnd    list.o
    0x080067ae   0x080067ae   0x00000002   PAD
    0x080067b0   0x080067b0   0x00000040   Code   RO         7062    i.vPortEnterCritical  port.o
    0x080067f0   0x080067f0   0x00000028   Code   RO         7063    i.vPortExitCritical  port.o
    0x08006818   0x08006818   0x0000005c   Code   RO         6999    i.vPortFree         heap_4.o
    0x08006874   0x08006874   0x00000024   Code   RO         7064    i.vPortSetupTimerInterrupt  port.o
    0x08006898   0x08006898   0x00000054   Code   RO         7065    i.vPortValidateInterruptPriority  port.o
    0x080068ec   0x080068ec   0x0000008c   Code   RO          305    i.vServo            freertos.o
    0x08006978   0x08006978   0x00000090   Code   RO          306    i.vTask1            freertos.o
    0x08006a08   0x08006a08   0x00000090   Code   RO          307    i.vTask2            freertos.o
    0x08006a98   0x08006a98   0x0000004c   Code   RO         6290    i.vTaskDelay        tasks.o
    0x08006ae4   0x08006ae4   0x00000010   Code   RO         6295    i.vTaskInternalSetTimeOutState  tasks.o
    0x08006af4   0x08006af4   0x0000000c   Code   RO         6296    i.vTaskMissedYield  tasks.o
    0x08006b00   0x08006b00   0x00000030   Code   RO         6298    i.vTaskPlaceOnEventList  tasks.o
    0x08006b30   0x08006b30   0x000000a8   Code   RO         6300    i.vTaskPriorityDisinheritAfterTimeout  tasks.o
    0x08006bd8   0x08006bd8   0x00000068   Code   RO         6306    i.vTaskStartScheduler  tasks.o
    0x08006c40   0x08006c40   0x00000010   Code   RO         6308    i.vTaskSuspendAll   tasks.o
    0x08006c50   0x08006c50   0x0000005c   Code   RO         6309    i.vTaskSwitchContext  tasks.o
    0x08006cac   0x08006cac   0x000001d0   Code   RO          308    i.vUI               freertos.o
    0x08006e7c   0x08006e7c   0x000000f4   Code   RO         7066    i.xPortStartScheduler  port.o
    0x08006f70   0x08006f70   0x00000024   Code   RO         5965    i.xQueueCreateMutex  queue.o
    0x08006f94   0x08006f94   0x00000052   Code   RO         5966    i.xQueueGenericCreate  queue.o
    0x08006fe6   0x08006fe6   0x00000002   PAD
    0x08006fe8   0x08006fe8   0x00000088   Code   RO         5967    i.xQueueGenericReset  queue.o
    0x08007070   0x08007070   0x00000160   Code   RO         5968    i.xQueueGenericSend  queue.o
    0x080071d0   0x080071d0   0x000000bc   Code   RO         5969    i.xQueueGenericSendFromISR  queue.o
    0x0800728c   0x0800728c   0x0000009c   Code   RO         5970    i.xQueueGiveFromISR  queue.o
    0x08007328   0x08007328   0x00000138   Code   RO         5975    i.xQueueReceive     queue.o
    0x08007460   0x08007460   0x0000009a   Code   RO         5976    i.xQueueReceiveFromISR  queue.o
    0x080074fa   0x080074fa   0x00000002   PAD
    0x080074fc   0x080074fc   0x00000178   Code   RO         5977    i.xQueueSemaphoreTake  queue.o
    0x08007674   0x08007674   0x00000074   Code   RO         6310    i.xTaskCheckForTimeOut  tasks.o
    0x080076e8   0x080076e8   0x0000005c   Code   RO         6311    i.xTaskCreate       tasks.o
    0x08007744   0x08007744   0x0000001c   Code   RO         6316    i.xTaskGetSchedulerState  tasks.o
    0x08007760   0x08007760   0x000000c8   Code   RO         6319    i.xTaskIncrementTick  tasks.o
    0x08007828   0x08007828   0x00000098   Code   RO         6322    i.xTaskPriorityDisinherit  tasks.o
    0x080078c0   0x080078c0   0x00000094   Code   RO         6323    i.xTaskPriorityInherit  tasks.o
    0x08007954   0x08007954   0x00000074   Code   RO         6324    i.xTaskRemoveFromEventList  tasks.o
    0x080079c8   0x080079c8   0x000000c4   Code   RO         6325    i.xTaskResumeAll    tasks.o
    0x08007a8c   0x08007a8c   0x00000014   Data   RO          309    .constdata          freertos.o
    0x08007aa0   0x08007aa0   0x00000040   Data   RO         5781    .constdata          system_stm32l4xx.o
    0x08007ae0   0x08007ae0   0x00000008   Data   RO         5782    .constdata          system_stm32l4xx.o
    0x08007ae8   0x08007ae8   0x0000001c   Data   RO         7159    .constdata          usbh_core.o
    0x08007b04   0x08007b04   0x0000000c   Data   RO          310    .conststring        freertos.o
    0x08007b10   0x08007b10   0x0000000c   Data   RO         7160    .conststring        usbh_core.o
    0x08007b1c   0x08007b1c   0x00000004   Data   RO         7509    .conststring        usbh_cdc.o
    0x08007b20   0x08007b20   0x00000020   Data   RO         7675    Region$$Table       anon$$obj.o


    Execution Region RW_IRAM1 (Exec base: 0x20000000, Load base: 0x08007b40, Size: 0x00003238, Max: 0x00018000, ABSOLUTE, COMPRESSED[0x00000070])

    Exec Addr    Load Addr    Size         Type   Attr      Idx    E Section Name        Object

    0x20000000   COMPRESSED   0x0000003d   Data   RW           19    .data               main.o
    0x2000003d   COMPRESSED   0x00000003   PAD
    0x20000040   COMPRESSED   0x0000004f   Data   RW          311    .data               freertos.o
    0x2000008f   COMPRESSED   0x00000001   PAD
    0x20000090   COMPRESSED   0x00000004   Data   RW          553    .data               sai.o
    0x20000094   COMPRESSED   0x00000001   Data   RW          727    .data               usb_host.o
    0x20000095   COMPRESSED   0x00000003   PAD
    0x20000098   COMPRESSED   0x00000004   Data   RW         1386    .data               stm32l4xx_ll_usb.o
    0x2000009c   COMPRESSED   0x00000004   Data   RW         4465    .data               stm32l4xx_hal.o
    0x200000a0   COMPRESSED   0x00000004   Data   RW         5783    .data               system_stm32l4xx.o
    0x200000a4   COMPRESSED   0x0000003c   Data   RW         6328    .data               tasks.o
    0x200000e0   COMPRESSED   0x00000018   Data   RW         7004    .data               heap_4.o
    0x200000f8   COMPRESSED   0x0000000c   Data   RW         7067    .data               port.o
    0x20000104   COMPRESSED   0x00000020   Data   RW         7510    .data               usbh_cdc.o
    0x20000124   COMPRESSED   0x00000004   Data   RW         7671    .data               mc_w.l(mvars.o)
    0x20000128   COMPRESSED   0x00000004   Data   RW         7672    .data               mc_w.l(mvars.o)
    0x2000012c        -       0x00000098   Zero   RW          421    .bss                i2c.o
    0x200001c4        -       0x0000003c   Zero   RW          468    .bss                lcd.o
    0x20000200        -       0x00000044   Zero   RW          510    .bss                quadspi.o
    0x20000244        -       0x00000108   Zero   RW          552    .bss                sai.o
    0x2000034c        -       0x00000064   Zero   RW          595    .bss                spi.o
    0x200003b0        -       0x00000040   Zero   RW          638    .bss                tim.o
    0x200003f0        -       0x00000078   Zero   RW          685    .bss                usart.o
    0x20000468        -       0x000003d8   Zero   RW          726    .bss                usb_host.o
    0x20000840        -       0x000002c4   Zero   RW          803    .bss                usbh_conf.o
    0x20000b04        -       0x00000040   Zero   RW         1088    .bss                stm32l4xx_hal_timebase_tim.o
    0x20000b44        -       0x000000f0   Zero   RW         6327    .bss                tasks.o
    0x20000c34        -       0x00002000   Zero   RW         7003    .bss                heap_4.o
    0x20002c34   COMPRESSED   0x00000004   PAD
    0x20002c38        -       0x00000200   Zero   RW            2    HEAP                startup_stm32l476xx.o
    0x20002e38        -       0x00000400   Zero   RW            1    STACK               startup_stm32l476xx.o


==============================================================================

Image component sizes


      Code (inc. data)   RO Data    RW Data    ZI Data      Debug   Object Name

       348         10          0          0          0      17333   cmsis_os.o
         0          0          0          0          0       8008   event_groups.o
      1208        104         32         79          0       7723   freertos.o
       482         24          0          0          0       1135   gpio.o
       460         24          0         24       8192       7263   heap_4.o
       336         42          0          0        152       2302   i2c.o
        32          0          0          0          0        971   instruction_set.o
       288         30          0          0         60       1751   lcd.o
       138          0          0          0          0       3498   list.o
       470         46          0         61          0     908303   main.o
       818         82          0         12          0      11845   port.o
       156         22          0          0         68       1653   quadspi.o
      2072         18          0          0          0      17675   queue.o
       350         28          0          4        264       1841   sai.o
        28          0          0          0          0       2306   servo.o
       180         22          0          0        100       1625   spi.o
        36          8        392          0       1536        828   startup_stm32l476xx.o
       100         16          0          4          0       3480   stm32l4xx_hal.o
       154         14          0          0          0      29578   stm32l4xx_hal_cortex.o
        78          0          0          0          0       1067   stm32l4xx_hal_dma.o
       468         38          0          0          0       2424   stm32l4xx_hal_gpio.o
      2264          4          0          0          0      13493   stm32l4xx_hal_hcd.o
       184          6          0          0          0       2803   stm32l4xx_hal_i2c.o
       168          0          0          0          0       1887   stm32l4xx_hal_i2c_ex.o
       300          4          0          0          0       2032   stm32l4xx_hal_lcd.o
        52          4          0          0          0        818   stm32l4xx_hal_msp.o
        16          4          0          0          0        539   stm32l4xx_hal_pwr.o
       136         24          0          0          0       1887   stm32l4xx_hal_pwr_ex.o
       248         10          0          0          0       2702   stm32l4xx_hal_qspi.o
      1828         96          0          0          0       7493   stm32l4xx_hal_rcc.o
      2708         78          0          0          0       7290   stm32l4xx_hal_rcc_ex.o
       500         22          0          0          0       2407   stm32l4xx_hal_sai.o
       172          0          0          0          0       1231   stm32l4xx_hal_spi.o
      2300        228          0          0          0      18644   stm32l4xx_hal_tim.o
       102          8          0          0          0       3001   stm32l4xx_hal_tim_ex.o
       116         18          0          0         64       1375   stm32l4xx_hal_timebase_tim.o
      2310         90          0          0          0      14155   stm32l4xx_hal_uart.o
         2          0          0          0          0        984   stm32l4xx_hal_uart_ex.o
        48         18          0          0          0       4048   stm32l4xx_it.o
      1532         44          0          4          0      16930   stm32l4xx_ll_usb.o
        68         12         72          4          0       1189   system_stm32l4xx.o
      2228        170          0         60        240      23131   tasks.o
       280         14          0          0         64       2292   tim.o
       176         20          0          0        120       1650   usart.o
        76         18          0          1        984       9304   usb_host.o
       914          6          4         32          0      12620   usbh_cdc.o
       586         12          0          0        708      12119   usbh_conf.o
      1332         26         40          0          0      12438   usbh_core.o
      1164         12          0          0          0      10398   usbh_ctlreq.o
       172          0          0          0          0       4300   usbh_ioreq.o
       106          0          0          0          0       3322   usbh_pipes.o
        24          6          0          0          0        510   usbh_platform.o

    ----------------------------------------------------------------------
     30368       1482        572        292      12556    1229601   Object Totals
         0          0         32          0          0          0   (incl. Generated)
        54          0          0          7          4          0   (incl. Padding)

    ----------------------------------------------------------------------

      Code (inc. data)   RO Data    RW Data    ZI Data      Debug   Library Member Name

        86          0          0          0          0          0   __dczerorl2.o
         0          0          0          0          0          0   entry.o
         0          0          0          0          0          0   entry10a.o
         0          0          0          0          0          0   entry11a.o
         8          4          0          0          0          0   entry2.o
         4          0          0          0          0          0   entry5.o
         0          0          0          0          0          0   entry7b.o
         0          0          0          0          0          0   entry8b.o
         8          4          0          0          0          0   entry9a.o
        30          0          0          0          0          0   handlers.o
        36          8          0          0          0         68   init.o
        30          0          0          0          0         68   llshl.o
        32          0          0          0          0         68   llushr.o
       188         20          0          0          0        160   malloc.o
        36          0          0          0          0         68   memcpya.o
        36          0          0          0          0        108   memseta.o
         0          0          0          8          0          0   mvars.o
        12          0          0          0          0         68   toupper.o
       104          0          0          0          0         92   uldiv.o

    ----------------------------------------------------------------------
       612         36          0          8          0        700   Library Totals
         2          0          0          0          0          0   (incl. Padding)

    ----------------------------------------------------------------------

      Code (inc. data)   RO Data    RW Data    ZI Data      Debug   Library Name

       610         36          0          8          0        700   mc_w.l

    ----------------------------------------------------------------------
       612         36          0          8          0        700   Library Totals

    ----------------------------------------------------------------------

==============================================================================


      Code (inc. data)   RO Data    RW Data    ZI Data      Debug   

     30980       1518        572        300      12556    1201425   Grand Totals
     30980       1518        572        112      12556    1201425   ELF Image Totals (compressed)
     30980       1518        572        112          0          0   ROM Totals

==============================================================================

    Total RO  Size (Code + RO Data)                31552 (  30.81kB)
    Total RW  Size (RW Data + ZI Data)             12856 (  12.55kB)
    Total ROM Size (Code + RO Data + RW Data)      31664 (  30.92kB)

==============================================================================

