Component: ARM Compiler 5.06 update 6 (build 750) Tool: armlink [4d35ed]

==============================================================================

Section Cross References

    startup_stm32l476xx.o(STACK) refers (Special) to heapauxi.o(.text) for __use_two_region_memory
    startup_stm32l476xx.o(HEAP) refers (Special) to heapauxi.o(.text) for __use_two_region_memory
    startup_stm32l476xx.o(RESET) refers (Special) to heapauxi.o(.text) for __use_two_region_memory
    startup_stm32l476xx.o(RESET) refers to startup_stm32l476xx.o(STACK) for __initial_sp
    startup_stm32l476xx.o(RESET) refers to startup_stm32l476xx.o(.text) for Reset_Handler
    startup_stm32l476xx.o(RESET) refers to timer_2_input_capture.o(i.TIM2_IRQHandler) for TIM2_IRQHandler
    startup_stm32l476xx.o(.text) refers (Special) to heapauxi.o(.text) for __use_two_region_memory
    startup_stm32l476xx.o(.text) refers to __main.o(!!!main) for __main
    startup_stm32l476xx.o(.text) refers to startup_stm32l476xx.o(HEAP) for Heap_Mem
    startup_stm32l476xx.o(.text) refers to startup_stm32l476xx.o(STACK) for Stack_Mem
    main.o(i.main) refers to sysclock.o(i.System_Clock_Init) for System_Clock_Init
    main.o(i.main) refers to timer_2_input_capture.o(i.Init_GPIO) for Init_GPIO
    main.o(i.main) refers to led.o(i.LED_Init) for LED_Init
    main.o(i.main) refers to timer_2_input_capture.o(i.Init_Timer2) for Init_Timer2
    main.o(i.main) refers to uart.o(i.UART2_Init) for UART2_Init
    main.o(i.main) refers to console_display.o(i.POST) for POST
    uart.o(i.Print) refers to strlen.o(.text) for strlen
    uart.o(i.Print) refers to uart.o(i.USART_Write) for USART_Write
    uart.o(i.UART2_Init) refers to uart.o(i.UART2_GPIO_Init) for UART2_GPIO_Init
    uart.o(i.UART2_Init) refers to uart.o(i.USART_Init) for USART_Init
    uart.o(i.USART_Write) refers to uart.o(i.USART_Delay) for USART_Delay
    timer_2_input_capture.o(i.Clear_Delta_Time) refers to rt_memclr_w.o(.text) for __aeabi_memclr4
    timer_2_input_capture.o(i.Clear_Delta_Time) refers to timer_2_input_capture.o(.bss) for delta_time
    timer_2_input_capture.o(i.Start_Timer2) refers to timer_2_input_capture.o(.data) for i
    timer_2_input_capture.o(i.Start_Timer2) refers to timer_2_input_capture.o(.bss) for time
    timer_2_input_capture.o(i.TIM2_IRQHandler) refers to timer_2_input_capture.o(i.timeUpdate) for timeUpdate
    timer_2_input_capture.o(i.TIM2_IRQHandler) refers to led.o(i.Green_LED_Toggle) for Green_LED_Toggle
    timer_2_input_capture.o(i.TIM2_IRQHandler) refers to led.o(i.Red_LED_On) for Red_LED_On
    timer_2_input_capture.o(i.TIM2_IRQHandler) refers to timer_2_input_capture.o(.bss) for time
    timer_2_input_capture.o(i.TIM2_IRQHandler) refers to timer_2_input_capture.o(.data) for POST_FLAG
    timer_2_input_capture.o(i.get_delta_time) refers to timer_2_input_capture.o(.bss) for delta_time
    timer_2_input_capture.o(i.timeUpdate) refers to timer_2_input_capture.o(.data) for i
    timer_2_input_capture.o(i.timeUpdate) refers to timer_2_input_capture.o(.bss) for delta_time
    console_display.o(i.POST) refers to console_display.o(i.WELCOMEMESSAGE) for WELCOMEMESSAGE
    console_display.o(i.POST) refers to console_display.o(i.Verify_Input) for Verify_Input
    console_display.o(i.POST) refers to uart.o(i.Print) for Print
    console_display.o(i.POST) refers to uart.o(i.USART_Read) for USART_Read
    console_display.o(i.POST) refers to timer_2_input_capture.o(i.Start_Timer2) for Start_Timer2
    console_display.o(i.POST) refers to timer_2_input_capture.o(i.Stop_Timer2) for Stop_Timer2
    console_display.o(i.POST) refers to console_display.o(i.POSTFAIL) for POSTFAIL
    console_display.o(i.POST) refers to console_display.o(i.Pop_Histogram) for Pop_Histogram
    console_display.o(i.POST) refers to uart.o(i.USART_Write) for USART_Write
    console_display.o(i.POST) refers to timer_2_input_capture.o(.data) for POST_FLAG
    console_display.o(i.POST) refers to timer_2_input_capture.o(.bss) for delta_time
    console_display.o(i.POST) refers to console_display.o(.data) for reruntheprogram
    console_display.o(i.POSTFAIL) refers to strlen.o(.text) for strlen
    console_display.o(i.POSTFAIL) refers to uart.o(i.USART_Write) for USART_Write
    console_display.o(i.POSTFAIL) refers to uart.o(i.USART_Read) for USART_Read
    console_display.o(i.POSTFAIL) refers to console_display.o(.data) for FaileMessage
    console_display.o(i.Parse_Str_To_Int) refers to dflt_clz.o(x$fpl$dflt) for __aeabi_i2d
    console_display.o(i.Parse_Str_To_Int) refers to pow.o(i.__hardfp_pow) for __hardfp_pow
    console_display.o(i.Parse_Str_To_Int) refers to dmul.o(x$fpl$dmul) for __aeabi_dmul
    console_display.o(i.Parse_Str_To_Int) refers to daddsub_clz.o(x$fpl$dadd) for __aeabi_dadd
    console_display.o(i.Parse_Str_To_Int) refers to dfix.o(x$fpl$dfix) for __aeabi_d2iz
[...]
    ../clib/heap1.c                          0x00000000   Number         0  h1_init.o ABSOLUTE
    ../clib/heap1.c                          0x00000000   Number         0  h1_init_mt.o ABSOLUTE
    ../clib/heap1.c                          0x00000000   Number         0  h1_final_mt.o ABSOLUTE
    ../clib/heap1.c                          0x00000000   Number         0  h1_alloc.o ABSOLUTE
    ../clib/heap1.c                          0x00000000   Number         0  h1_alloc_mt.o ABSOLUTE
    ../clib/heap1.c                          0x00000000   Number         0  h1_free_mt.o ABSOLUTE
    ../clib/heap1.c                          0x00000000   Number         0  h1_free.o ABSOLUTE
    ../clib/heap2.c                          0x00000000   Number         0  fdtree.o ABSOLUTE
    ../clib/heap2.c                          0x00000000   Number         0  heap2.o ABSOLUTE
    ../clib/heap2.c                          0x00000000   Number         0  heap2mt.o ABSOLUTE
    ../clib/heapalloc.c                      0x00000000   Number         0  free.o ABSOLUTE
    ../clib/heapalloc.c                      0x00000000   Number         0  maybetermalloc2.o ABSOLUTE
    ../clib/heapalloc.c                      0x00000000   Number         0  init_alloc.o ABSOLUTE
    ../clib/heapalloc.c                      0x00000000   Number         0  hrguard.o ABSOLUTE
    ../clib/heapalloc.c                      0x00000000   Number         0  maybetermalloc1.o ABSOLUTE
    ../clib/heapalloc.c                      0x00000000   Number         0  heapstubs.o ABSOLUTE
    ../clib/heapalloc.c                      0x00000000   Number         0  maybetermalloc1.o ABSOLUTE
    ../clib/heapalloc.c                      0x00000000   Number         0  maybetermalloc2.o ABSOLUTE
    ../clib/heapalloc.c                      0x00000000   Number         0  hguard.o ABSOLUTE
    ../clib/heapalloc.c                      0x00000000   Number         0  malloc.o ABSOLUTE
    ../clib/heapalloc.c                      0x00000000   Number         0  term_alloc.o ABSOLUTE
    ../clib/heapaux.c                        0x00000000   Number         0  heapauxa.o ABSOLUTE
    ../clib/heapaux.c                        0x00000000   Number         0  heapauxi.o ABSOLUTE
    ../clib/libinit.s                        0x00000000   Number         0  libinit.o ABSOLUTE
    ../clib/libinit.s                        0x00000000   Number         0  libshutdown2.o ABSOLUTE
    ../clib/libinit.s                        0x00000000   Number         0  libshutdown.o ABSOLUTE
    ../clib/libinit.s                        0x00000000   Number         0  libinit2.o ABSOLUTE
    ../clib/locale.s                         0x00000000   Number         0  lc_ctype_c.o ABSOLUTE
    ../clib/memcpset.s                       0x00000000   Number         0  strcmpv7m.o ABSOLUTE
    ../clib/memcpset.s                       0x00000000   Number         0  rt_memclr_w.o ABSOLUTE
    ../clib/memcpset.s                       0x00000000   Number         0  rt_memcpy_w.o ABSOLUTE
    ../clib/misc.s                           0x00000000   Number         0  printf_stubs.o ABSOLUTE
    ../clib/printf.c                         0x00000000   Number         0  __printf_flags_ss_wp.o ABSOLUTE
    ../clib/printf.c                         0x00000000   Number         0  __printf.o ABSOLUTE
    ../clib/printf.c                         0x00000000   Number         0  noretval__2sprintf.o ABSOLUTE
    ../clib/printf.c                         0x00000000   Number         0  __printf_nopercent.o ABSOLUTE
    ../clib/printf.c                         0x00000000   Number         0  __printf_ss.o ABSOLUTE
    ../clib/printf.c                         0x00000000   Number         0  __printf_flags_ss.o ABSOLUTE
    ../clib/printf.c                         0x00000000   Number         0  __printf_wp.o ABSOLUTE
    ../clib/printf.c                         0x00000000   Number         0  __printf_flags_wp.o ABSOLUTE
    ../clib/printf.c                         0x00000000   Number         0  __printf_ss_wp.o ABSOLUTE
    ../clib/printf.c                         0x00000000   Number         0  __2sprintf.o ABSOLUTE
    ../clib/printf.c                         0x00000000   Number         0  __printf_flags.o ABSOLUTE
    ../clib/printf.c                         0x00000000   Number         0  _sputc.o ABSOLUTE
    ../clib/printf.c                         0x00000000   Number         0  _printf_char_common.o ABSOLUTE
    ../clib/printf.c                         0x00000000   Number         0  _printf_dec.o ABSOLUTE
    ../clib/printf.c                         0x00000000   Number         0  _printf_intcommon.o ABSOLUTE
    ../clib/printf_percent.s                 0x00000000   Number         0  _printf_percent_end.o ABSOLUTE
    ../clib/printf_percent.s                 0x00000000   Number         0  _printf_d.o ABSOLUTE
    ../clib/printf_percent.s                 0x00000000   Number         0  _printf_percent.o ABSOLUTE
    ../clib/signal.c                         0x00000000   Number         0  defsig_cppl_inner.o ABSOLUTE
    ../clib/signal.c                         0x00000000   Number         0  defsig_pvfn_inner.o ABSOLUTE
    ../clib/signal.c                         0x00000000   Number         0  defsig_stak_inner.o ABSOLUTE
    ../clib/signal.c                         0x00000000   Number         0  defsig_rtmem_outer.o ABSOLUTE
    ../clib/signal.c                         0x00000000   Number         0  defsig_other.o ABSOLUTE
    ../clib/signal.c                         0x00000000   Number         0  defsig_rtmem_formal.o ABSOLUTE
    ../clib/signal.c                         0x00000000   Number         0  defsig_rtred_inner.o ABSOLUTE
    ../clib/signal.c                         0x00000000   Number         0  __raise.o ABSOLUTE
    ../clib/signal.c                         0x00000000   Number         0  defsig_rtmem_inner.o ABSOLUTE
    ../clib/signal.c                         0x00000000   Number         0  defsig_exit.o ABSOLUTE
    ../clib/signal.c                         0x00000000   Number         0  defsig_general.o ABSOLUTE
    ../clib/signal.c                         0x00000000   Number         0  defsig_abrt_inner.o ABSOLUTE
    ../clib/signal.c                         0x00000000   Number         0  defsig_fpe_inner.o ABSOLUTE
    ../clib/signal.c                         0x00000000   Number         0  defsig_segv_inner.o ABSOLUTE
    ../clib/signal.s                         0x00000000   Number         0  defsig.o ABSOLUTE
    ../clib/stdlib.c                         0x00000000   Number         0  exit.o ABSOLUTE
    ../clib/string.c                         0x00000000   Number         0  strlen.o ABSOLUTE
    ../fplib/basic.s                         0x00000000   Number         0  basic.o ABSOLUTE
    ../fplib/daddsub.s                       0x00000000   Number         0  daddsub_clz.o ABSOLUTE
    ../fplib/dcheck1.s                       0x00000000   Number         0  dcheck1.o ABSOLUTE
    ../fplib/dcmpi.s                         0x00000000   Number         0  dcmpi.o ABSOLUTE
    ../fplib/ddiv.s                          0x00000000   Number         0  ddiv.o ABSOLUTE
    ../fplib/dfix.s                          0x00000000   Number         0  dfix.o ABSOLUTE
    ../fplib/dflt.s                          0x00000000   Number         0  dflt_clz.o ABSOLUTE
    ../fplib/dleqf.s                         0x00000000   Number         0  dleqf.o ABSOLUTE
    ../fplib/dmul.s                          0x00000000   Number         0  dmul.o ABSOLUTE
    ../fplib/dnaninf.s                       0x00000000   Number         0  dnaninf.o ABSOLUTE
    ../fplib/dretinf.s                       0x00000000   Number         0  dretinf.o ABSOLUTE
    ../fplib/drleqf.s                        0x00000000   Number         0  drleqf.o ABSOLUTE
    ../fplib/dsqrt.s                         0x00000000   Number         0  dsqrt_umaal.o ABSOLUTE
    ../fplib/fpinit.s                        0x00000000   Number         0  fpinit.o ABSOLUTE
    ../fplib/retnan.s                        0x00000000   Number         0  retnan.o ABSOLUTE
    ../fplib/scalbn.s                        0x00000000   Number         0  scalbn.o ABSOLUTE
    ../fplib/trapv.s                         0x00000000   Number         0  trapv.o ABSOLUTE
    ../fplib/usenofp.s                       0x00000000   Number         0  usenofp.o ABSOLUTE
    ../mathlib/dunder.c                      0x00000000   Number         0  dunder.o ABSOLUTE
    ../mathlib/fabs.c                        0x00000000   Number         0  fabs.o ABSOLUTE
    ../mathlib/fpclassify.c                  0x00000000   Number         0  fpclassify.o ABSOLUTE
    ../mathlib/poly.c                        0x00000000   Number         0  poly.o ABSOLUTE
    ../mathlib/pow.c                         0x00000000   Number         0  pow.o ABSOLUTE
    ../mathlib/pow.c                         0x00000000   Number         0  pow_x.o ABSOLUTE
    ../mathlib/qnan.c                        0x00000000   Number         0  qnan.o ABSOLUTE
    ../mathlib/sqrt.c                        0x00000000   Number         0  sqrt_x.o ABSOLUTE
    ../mathlib/sqrt.c                        0x00000000   Number         0  sqrt.o ABSOLUTE
    Console_Display.c                        0x00000000   Number         0  console_display.o ABSOLUTE
    Console_Display.c                        0x00000000   Number         0  console_display.o ABSOLUTE
    LED.c                                    0x00000000   Number         0  led.o ABSOLUTE
    LED.c                                    0x00000000   Number         0  led.o ABSOLUTE
    SysClock.c                               0x00000000   Number         0  sysclock.o ABSOLUTE
    SysClock.c                               0x00000000   Number         0  sysclock.o ABSOLUTE
    Timer_2_Input_Capture.c                  0x00000000   Number         0  timer_2_input_capture.o ABSOLUTE
    Timer_2_Input_Capture.c                  0x00000000   Number         0  timer_2_input_capture.o ABSOLUTE
    UART.c                                   0x00000000   Number         0  uart.o ABSOLUTE
    UART.c                                   0x00000000   Number         0  uart.o ABSOLUTE
    UserInterface.c                          0x00000000   Number         0  userinterface.o ABSOLUTE
    dc.s                                     0x00000000   Number         0  dc.o ABSOLUTE
    main.c                                   0x00000000   Number         0  main.o ABSOLUTE
    main.c                                   0x00000000   Number         0  main.o ABSOLUTE
    startup_stm32l476xx.s                    0x00000000   Number         0  startup_stm32l476xx.o ABSOLUTE
    RESET                                    0x08000000   Section      392  startup_stm32l476xx.o(RESET)
    !!!main                                  0x08000188   Section        8  __main.o(!!!main)
    !!!scatter                               0x08000190   Section       52  __scatter.o(!!!scatter)
    !!handler_copy                           0x080001c4   Section       26  __scatter_copy.o(!!handler_copy)
    !!handler_zi                             0x080001e0   Section       28  __scatter_zi.o(!!handler_zi)
    .ARM.Collect$$_printf_percent$$00000000  0x080001fc   Section        0  _printf_percent.o(.ARM.Collect$$_printf_percent$$00000000)
    .ARM.Collect$$_printf_percent$$00000009  0x080001fc   Section        6  _printf_d.o(.ARM.Collect$$_printf_percent$$00000009)
    .ARM.Collect$$_printf_percent$$00000017  0x08000202   Section        4  _printf_percent_end.o(.ARM.Collect$$_printf_percent$$00000017)
    .ARM.Collect$$libinit$$00000000          0x08000206   Section        2  libinit.o(.ARM.Collect$$libinit$$00000000)
    .ARM.Collect$$libinit$$00000001          0x08000208   Section        4  libinit2.o(.ARM.Collect$$libinit$$00000001)
    .ARM.Collect$$libinit$$00000004          0x0800020c   Section        0  libinit2.o(.ARM.Collect$$libinit$$00000004)
    .ARM.Collect$$libinit$$00000005          0x0800020c   Section        8  libinit2.o(.ARM.Collect$$libinit$$00000005)
    .ARM.Collect$$libinit$$0000000A          0x08000214   Section        0  libinit2.o(.ARM.Collect$$libinit$$0000000A)
    .ARM.Collect$$libinit$$0000000C          0x08000214   Section        0  libinit2.o(.ARM.Collect$$libinit$$0000000C)
    .ARM.Collect$$libinit$$0000000E          0x08000214   Section        0  libinit2.o(.ARM.Collect$$libinit$$0000000E)
    .ARM.Collect$$libinit$$0000000F          0x08000214   Section        6  libinit2.o(.ARM.Collect$$libinit$$0000000F)
    .ARM.Collect$$libinit$$00000011          0x0800021a   Section        0  libinit2.o(.ARM.Collect$$libinit$$00000011)
    .ARM.Collect$$libinit$$00000012          0x0800021a   Section       12  libinit2.o(.ARM.Collect$$libinit$$00000012)
    .ARM.Collect$$libinit$$00000013          0x08000226   Section        0  libinit2.o(.ARM.Collect$$libinit$$00000013)
    .ARM.Collect$$libinit$$00000015          0x08000226   Section        0  libinit2.o(.ARM.Collect$$libinit$$00000015)
    .ARM.Collect$$libinit$$00000017          0x08000226   Section        0  libinit2.o(.ARM.Collect$$libinit$$00000017)
    .ARM.Collect$$libinit$$00000019          0x08000226   Section        0  libinit2.o(.ARM.Collect$$libinit$$00000019)
    .ARM.Collect$$libinit$$0000001B          0x08000226   Section        0  libinit2.o(.ARM.Collect$$libinit$$0000001B)
    .ARM.Collect$$libinit$$0000001D          0x08000226   Section        0  libinit2.o(.ARM.Collect$$libinit$$0000001D)
    .ARM.Collect$$libinit$$0000001F          0x08000226   Section        0  libinit2.o(.ARM.Collect$$libinit$$0000001F)
    .ARM.Collect$$libinit$$00000021          0x08000226   Section        0  libinit2.o(.ARM.Collect$$libinit$$00000021)
    .ARM.Collect$$libinit$$00000023          0x08000226   Section        0  libinit2.o(.ARM.Collect$$libinit$$00000023)
    .ARM.Collect$$libinit$$00000025          0x08000226   Section        0  libinit2.o(.ARM.Collect$$libinit$$00000025)
    .ARM.Collect$$libinit$$0000002C          0x08000226   Section        0  libinit2.o(.ARM.Collect$$libinit$$0000002C)
    .ARM.Collect$$libinit$$0000002E          0x08000226   Section        0  libinit2.o(.ARM.Collect$$libinit$$0000002E)
    .ARM.Collect$$libinit$$00000030          0x08000226   Section        0  libinit2.o(.ARM.Collect$$libinit$$00000030)
    .ARM.Collect$$libinit$$00000032          0x08000226   Section        0  libinit2.o(.ARM.Collect$$libinit$$00000032)
    .ARM.Collect$$libinit$$00000033          0x08000226   Section        2  libinit2.o(.ARM.Collect$$libinit$$00000033)
    .ARM.Collect$$libshutdown$$00000000      0x08000228   Section        2  libshutdown.o(.ARM.Collect$$libshutdown$$00000000)
    .ARM.Collect$$libshutdown$$00000002      0x0800022a   Section        0  libshutdown2.o(.ARM.Collect$$libshutdown$$00000002)
    .ARM.Collect$$libshutdown$$00000004      0x0800022a   Section        0  libshutdown2.o(.ARM.Collect$$libshutdown$$00000004)
    .ARM.Collect$$libshutdown$$00000007      0x0800022a   Section        0  libshutdown2.o(.ARM.Collect$$libshutdown$$00000007)
    .ARM.Collect$$libshutdown$$0000000A      0x0800022a   Section        0  libshutdown2.o(.ARM.Collect$$libshutdown$$0000000A)
    .ARM.Collect$$libshutdown$$0000000C      0x0800022a   Section        0  libshutdown2.o(.ARM.Collect$$libshutdown$$0000000C)
    .ARM.Collect$$libshutdown$$0000000F      0x0800022a   Section        0  libshutdown2.o(.ARM.Collect$$libshutdown$$0000000F)
    .ARM.Collect$$libshutdown$$00000010      0x0800022a   Section        2  libshutdown2.o(.ARM.Collect$$libshutdown$$00000010)
    .ARM.Collect$$rtentry$$00000000          0x0800022c   Section        0  __rtentry.o(.ARM.Collect$$rtentry$$00000000)
    .ARM.Collect$$rtentry$$00000002          0x0800022c   Section        0  __rtentry2.o(.ARM.Collect$$rtentry$$00000002)
    .ARM.Collect$$rtentry$$00000004          0x0800022c   Section        6  __rtentry4.o(.ARM.Collect$$rtentry$$00000004)
    .ARM.Collect$$rtentry$$00000009          0x08000232   Section        0  __rtentry2.o(.ARM.Collect$$rtentry$$00000009)
    .ARM.Collect$$rtentry$$0000000A          0x08000232   Section        4  __rtentry2.o(.ARM.Collect$$rtentry$$0000000A)
    .ARM.Collect$$rtentry$$0000000C          0x08000236   Section        0  __rtentry2.o(.ARM.Collect$$rtentry$$0000000C)
    .ARM.Collect$$rtentry$$0000000D          0x08000236   Section        8  __rtentry2.o(.ARM.Collect$$rtentry$$0000000D)
    .ARM.Collect$$rtexit$$00000000           0x0800023e   Section        2  rtexit.o(.ARM.Collect$$rtexit$$00000000)
    .ARM.Collect$$rtexit$$00000002           0x08000240   Section        0  rtexit2.o(.ARM.Collect$$rtexit$$00000002)
    .ARM.Collect$$rtexit$$00000003           0x08000240   Section        4  rtexit2.o(.ARM.Collect$$rtexit$$00000003)
    .ARM.Collect$$rtexit$$00000004           0x08000244   Section        6  rtexit2.o(.ARM.Collect$$rtexit$$00000004)
    .emb_text                                0x0800024c   Section        0  maybetermalloc1.o(.emb_text)
    .text                                    0x0800024c   Section      132  startup_stm32l476xx.o(.text)
    $v0                                      0x0800024c   Number         0  startup_stm32l476xx.o(.text)
    .text                                    0x080002d0   Section       16  rt_ctype_table.o(.text)
    .text                                    0x080002e0   Section        0  h1_alloc.o(.text)
    .text                                    0x0800033e   Section        0  h1_free.o(.text)
    .text                                    0x0800038c   Section        0  __2sprintf.o(.text)
    .text                                    0x080003b8   Section        0  __printf.o(.text)
    .text                                    0x08000420   Section        0  _printf_dec.o(.text)
    .text                                    0x08000498   Section        0  strlen.o(.text)
    .text                                    0x080004d6   Section       78  rt_memclr_w.o(.text)
    .text                                    0x08000524   Section        0  heapauxi.o(.text)
    .text                                    0x0800052c   Section        8  rt_heap_descriptor_intlibspace.o(.text)
    .text                                    0x08000534   Section        8  rt_locale_intlibspace.o(.text)
    .text                                    0x0800053c   Section        0  hguard.o(.text)
    .text                                    0x08000540   Section        0  init_alloc.o(.text)
    .text                                    0x080005ca   Section        0  h1_init.o(.text)
    .text                                    0x080005d8   Section        0  _rserrno.o(.text)
    .text                                    0x080005ee   Section        0  _printf_intcommon.o(.text)
    .text                                    0x080006a0   Section        0  _printf_char_common.o(.text)
    _printf_input_char                       0x080006a1   Thumb Code    10  _printf_char_common.o(.text)
    .text                                    0x080006d0   Section        0  _sputc.o(.text)
    .text                                    0x080006dc   Section        8  libspace.o(.text)
    .text                                    0x080006e4   Section        8  rt_errno_addr_intlibspace.o(.text)
    .text                                    0x080006ec   Section        0  h1_extend.o(.text)
    .text                                    0x08000720   Section        0  defsig_rtmem_outer.o(.text)
    .text                                    0x08000730   Section      128  strcmpv7m.o(.text)
    .text                                    0x080007b0   Section        2  use_no_semi.o(.text)
    .text                                    0x080007b2   Section        0  indicate_semi.o(.text)
    .text                                    0x080007b2   Section       74  sys_stackheap_outer.o(.text)
    .text                                    0x080007fc   Section        0  exit.o(.text)
    .text                                    0x0800080e   Section        0  defsig_exit.o(.text)
    .text                                    0x08000818   Section        0  defsig_rtmem_inner.o(.text)
    .text                                    0x08000868   Section        0  sys_exit.o(.text)
    .text                                    0x08000874   Section        0  defsig_general.o(.text)
    .text                                    0x080008a6   Section        0  sys_wrch.o(.text)
    i.Green_LED_Toggle                       0x080008b4   Section        0  led.o(i.Green_LED_Toggle)
    i.Init_GPIO                              0x080008c8   Section        0  timer_2_input_capture.o(i.Init_GPIO)
    i.Init_Timer2                            0x08000908   Section        0  timer_2_input_capture.o(i.Init_Timer2)
    i.LED_Init                               0x0800098c   Section        0  led.o(i.LED_Init)
    i.POST                                   0x08000a28   Section        0  console_display.o(i.POST)
    i.POSTFAIL                               0x08000bfc   Section        0  console_display.o(i.POSTFAIL)
    i.Parse_Str_To_Int                       0x08000cb0   Section        0  console_display.o(i.Parse_Str_To_Int)
    i.Pop_Histogram                          0x08000d40   Section        0  console_display.o(i.Pop_Histogram)
    i.Print                                  0x08000e58   Section        0  uart.o(i.Print)
    i.Red_LED_On                             0x08000e74   Section        0  led.o(i.Red_LED_On)
    i.SORTER                                 0x08000e88   Section        0  console_display.o(i.SORTER)
    i.Start_Timer2                           0x08000ec8   Section        0  timer_2_input_capture.o(i.Start_Timer2)
    i.Stop_Timer2                            0x08000efc   Section        0  timer_2_input_capture.o(i.Stop_Timer2)
    i.System_Clock_Init                      0x08000f10   Section        0  sysclock.o(i.System_Clock_Init)
    i.TIM2_IRQHandler                        0x08001094   Section        0  timer_2_input_capture.o(i.TIM2_IRQHandler)
    i.UART2_GPIO_Init                        0x08001100   Section        0  uart.o(i.UART2_GPIO_Init)
    i.UART2_Init                             0x08001174   Section        0  uart.o(i.UART2_Init)
    i.USART_Delay                            0x080011b4   Section        0  uart.o(i.USART_Delay)
    i.USART_Init                             0x080011c8   Section        0  uart.o(i.USART_Init)
    i.USART_Read                             0x0800127c   Section        0  uart.o(i.USART_Read)
    i.USART_Write                            0x08001290   Section        0  uart.o(i.USART_Write)
    i.Verify_Input                           0x080012d0   Section        0  console_display.o(i.Verify_Input)
    i.WELCOMEMESSAGE                         0x080012f0   Section        0  console_display.o(i.WELCOMEMESSAGE)
    i.__ARM_fpclassify                       0x080013a8   Section        0  fpclassify.o(i.__ARM_fpclassify)
    i.__hardfp_pow                           0x080013d8   Section        0  pow.o(i.__hardfp_pow)
    i.__kernel_poly                          0x08002058   Section        0  poly.o(i.__kernel_poly)
    i.__mathlib_dbl_divzero                  0x08002150   Section        0  dunder.o(i.__mathlib_dbl_divzero)
    i.__mathlib_dbl_infnan2                  0x08002180   Section        0  dunder.o(i.__mathlib_dbl_infnan2)
    i.__mathlib_dbl_invalid                  0x08002198   Section        0  dunder.o(i.__mathlib_dbl_invalid)
    i.__mathlib_dbl_overflow                 0x080021b8   Section        0  dunder.o(i.__mathlib_dbl_overflow)
    i.__mathlib_dbl_underflow                0x080021d8   Section        0  dunder.o(i.__mathlib_dbl_underflow)
    i.fabs                                   0x080021f8   Section        0  fabs.o(i.fabs)
    i.get_delta_time                         0x08002210   Section        0  timer_2_input_capture.o(i.get_delta_time)
    i.main                                   0x08002220   Section        0  main.o(i.main)
    i.sqrt                                   0x08002254   Section        0  sqrt.o(i.sqrt)
    i.timeUpdate                             0x080022c4   Section        0  timer_2_input_capture.o(i.timeUpdate)
    locale$$code                             0x08002330   Section       44  lc_ctype_c.o(locale$$code)
    x$fpl$basic                              0x0800235c   Section       24  basic.o(x$fpl$basic)
    $v0                                      0x0800235c   Number         0  basic.o(x$fpl$basic)
    x$fpl$dadd                               0x08002374   Section      336  daddsub_clz.o(x$fpl$dadd)
    $v0                                      0x08002374   Number         0  daddsub_clz.o(x$fpl$dadd)
    _dadd1                                   0x08002385   Thumb Code     0  daddsub_clz.o(x$fpl$dadd)
    x$fpl$dcheck1                            0x080024c4   Section       16  dcheck1.o(x$fpl$dcheck1)
    $v0                                      0x080024c4   Number         0  dcheck1.o(x$fpl$dcheck1)
    x$fpl$dcmpinf                            0x080024d4   Section       24  dcmpi.o(x$fpl$dcmpinf)
    $v0                                      0x080024d4   Number         0  dcmpi.o(x$fpl$dcmpinf)
    x$fpl$ddiv                               0x080024ec   Section      688  ddiv.o(x$fpl$ddiv)
    $v0                                      0x080024ec   Number         0  ddiv.o(x$fpl$ddiv)
    ddiv_entry                               0x080024f3   Thumb Code     0  ddiv.o(x$fpl$ddiv)
    x$fpl$dfix                               0x0800279c   Section       94  dfix.o(x$fpl$dfix)
    $v0                                      0x0800279c   Number         0  dfix.o(x$fpl$dfix)
    x$fpl$dflt                               0x080027fa   Section       46  dflt_clz.o(x$fpl$dflt)
    $v0                                      0x080027fa   Number         0  dflt_clz.o(x$fpl$dflt)
    x$fpl$dleqf                              0x08002828   Section      120  dleqf.o(x$fpl$dleqf)
    $v0                                      0x08002828   Number         0  dleqf.o(x$fpl$dleqf)
    x$fpl$dmul                               0x080028a0   Section      340  dmul.o(x$fpl$dmul)
    $v0                                      0x080028a0   Number         0  dmul.o(x$fpl$dmul)
    x$fpl$dnaninf                            0x080029f4   Section      156  dnaninf.o(x$fpl$dnaninf)
    $v0                                      0x080029f4   Number         0  dnaninf.o(x$fpl$dnaninf)
    x$fpl$dretinf                            0x08002a90   Section       12  dretinf.o(x$fpl$dretinf)
    $v0                                      0x08002a90   Number         0  dretinf.o(x$fpl$dretinf)
    x$fpl$drleqf                             0x08002a9c   Section      108  drleqf.o(x$fpl$drleqf)
    $v0                                      0x08002a9c   Number         0  drleqf.o(x$fpl$drleqf)
    x$fpl$drsb                               0x08002b08   Section       22  daddsub_clz.o(x$fpl$drsb)
    $v0                                      0x08002b08   Number         0  daddsub_clz.o(x$fpl$drsb)
    x$fpl$dsqrt                              0x08002b20   Section      408  dsqrt_umaal.o(x$fpl$dsqrt)
    $v0                                      0x08002b20   Number         0  dsqrt_umaal.o(x$fpl$dsqrt)
    x$fpl$dsub                               0x08002cb8   Section      468  daddsub_clz.o(x$fpl$dsub)
    $v0                                      0x08002cb8   Number         0  daddsub_clz.o(x$fpl$dsub)
    _dsub1                                   0x08002cc9   Thumb Code     0  daddsub_clz.o(x$fpl$dsub)
    x$fpl$fpinit                             0x08002e8c   Section       10  fpinit.o(x$fpl$fpinit)
    $v0                                      0x08002e8c   Number         0  fpinit.o(x$fpl$fpinit)
    x$fpl$retnan                             0x08002e96   Section      100  retnan.o(x$fpl$retnan)
    $v0                                      0x08002e96   Number         0  retnan.o(x$fpl$retnan)
    x$fpl$scalbn                             0x08002efa   Section       92  scalbn.o(x$fpl$scalbn)
    $v0                                      0x08002efa   Number         0  scalbn.o(x$fpl$scalbn)
    x$fpl$trapveneer                         0x08002f56   Section       48  trapv.o(x$fpl$trapveneer)
    $v0                                      0x08002f56   Number         0  trapv.o(x$fpl$trapveneer)
    x$fpl$usenofp                            0x08002f86   Section        0  usenofp.o(x$fpl$usenofp)
    .constdata                               0x08002f88   Section      136  pow.o(.constdata)
    bp                                       0x08002f88   Data          16  pow.o(.constdata)
    dp_h                                     0x08002f98   Data          16  pow.o(.constdata)
    dp_l                                     0x08002fa8   Data          16  pow.o(.constdata)
    L                                        0x08002fb8   Data          48  pow.o(.constdata)
    P                                        0x08002fe8   Data          40  pow.o(.constdata)
    .constdata                               0x08003010   Section        8  qnan.o(.constdata)
    .conststring                             0x08003018   Section      188  console_display.o(.conststring)
    locale$$data                             0x080030f4   Section      272  lc_ctype_c.o(locale$$data)
    __lcctype_c_name                         0x080030f8   Data           2  lc_ctype_c.o(locale$$data)
    __lcctype_c_start                        0x08003100   Data           0  lc_ctype_c.o(locale$$data)
    __lcctype_c_end                          0x08003204   Data           0  lc_ctype_c.o(locale$$data)
    .data                                    0x20000000   Section        8  timer_2_input_capture.o(.data)
    i                                        0x20000000   Data           4  timer_2_input_capture.o(.data)
    .data                                    0x20000008   Section      109  console_display.o(.data)
    .bss                                     0x20000078   Section     4012  timer_2_input_capture.o(.bss)
    .bss                                     0x20001024   Section      840  console_display.o(.bss)
    .bss                                     0x2000136c   Section       96  libspace.o(.bss)
    HEAP                                     0x200013d0   Section      512  startup_stm32l476xx.o(HEAP)
    Heap_Mem                                 0x200013d0   Data         512  startup_stm32l476xx.o(HEAP)
    STACK                                    0x200015d0   Section     1024  startup_stm32l476xx.o(STACK)
    Stack_Mem                                0x200015d0   Data        1024  startup_stm32l476xx.o(STACK)
    __initial_sp                             0x200019d0   Data           0  startup_stm32l476xx.o(STACK)

    Global Symbols

    Symbol Name                              Value     Ov Type        Size  Object(Section)

    BuildAttributes$$THM_ISAv4$E$P$D$K$B$S$7EM$VFPi3$EXTD16$VFPS$VFMA$PE$A:L22UL41UL21$X:L11$S22US41US21$IEEE1$IW$USESV6$~STKCKD$USESV7$~SHL$OTIME$ROPI$IEEEX$EBA8$UX$STANDARDLIB$REQ8$PRES8$EABIv2 0x00000000   Number         0  anon$$obj.o ABSOLUTE
    Image$$ER_IROM1$$RW$$Length              0x00000000   Number         0  anon$$obj.o ABSOLUTE
    Image$$ER_IROM1$$ZI$$Length              0x00000000   Number         0  anon$$obj.o ABSOLUTE
    Image$$RW_IRAM1$$RO$$Length              0x00000000   Number         0  anon$$obj.o ABSOLUTE
    __ARM_use_no_argv                        0x00000000   Number         0  main.o ABSOLUTE
    _printf_flags                            0x00000000   Number         0  printf_stubs.o ABSOLUTE
    _printf_return_value                     0x00000000   Number         0  printf_stubs.o ABSOLUTE
    _printf_sizespec                         0x00000000   Number         0  printf_stubs.o ABSOLUTE
    _printf_widthprec                        0x00000000   Number         0  printf_stubs.o ABSOLUTE
    __ARM_exceptions_init                     - Undefined Weak Reference
    __alloca_initialize                       - Undefined Weak Reference
    __arm_preinit_                            - Undefined Weak Reference
    __cpp_initialize__aeabi_                  - Undefined Weak Reference
    __cxa_finalize                            - Undefined Weak Reference
    __sigvec_lookup                           - Undefined Weak Reference
    __user_heap_extent                        - Undefined Weak Reference
    _atexit_init                              - Undefined Weak Reference
    _call_atexit_fns                          - Undefined Weak Reference
    _clock_init                               - Undefined Weak Reference
    _fp_trap_init                             - Undefined Weak Reference
    _fp_trap_shutdown                         - Undefined Weak Reference
    _get_lc_collate                           - Undefined Weak Reference
    _get_lc_monetary                          - Undefined Weak Reference
    _get_lc_numeric                           - Undefined Weak Reference
    _get_lc_time                              - Undefined Weak Reference
    _getenv_init                              - Undefined Weak Reference
    _handle_redirection                       - Undefined Weak Reference
    _initio                                   - Undefined Weak Reference
    _mutex_acquire                            - Undefined Weak Reference
    _mutex_free                               - Undefined Weak Reference
    _mutex_release                            - Undefined Weak Reference
    _printf_post_padding                      - Undefined Weak Reference
    _printf_pre_padding                       - Undefined Weak Reference
    _printf_truncate_signed                   - Undefined Weak Reference
    _printf_truncate_unsigned                 - Undefined Weak Reference
    _rand_init                                - Undefined Weak Reference
    _signal_finish                            - Undefined Weak Reference
    _signal_init                              - Undefined Weak Reference
    _terminateio                              - Undefined Weak Reference
    Image$$RW_IRAM1$$Length                  0x00000078   Number         0  anon$$obj.o ABSOLUTE
    Image$$RW_IRAM1$$RW$$Length              0x00000078   Number         0  anon$$obj.o ABSOLUTE
    __Vectors_Size                           0x00000188   Number         0  startup_stm32l476xx.o ABSOLUTE
    Image$$RW_IRAM1$$ZI$$Length              0x00001958   Number         0  anon$$obj.o ABSOLUTE
    Image$$ER_IROM1$$RO$$Length              0x00003204   Number         0  anon$$obj.o ABSOLUTE
    Image$$ER_IROM1$$RO$$Base                0x08000000   Number         0  anon$$obj.o ABSOLUTE
    Load$$ER_IROM1$$Base                     0x08000000   Number         0  anon$$obj.o ABSOLUTE
    __Vectors                                0x08000000   Data           4  startup_stm32l476xx.o(RESET)
    __Vectors_End                            0x08000188   Data           0  startup_stm32l476xx.o(RESET)
    __main                                   0x08000189   Thumb Code     8  __main.o(!!!main)
    __scatterload                            0x08000191   Thumb Code     0  __scatter.o(!!!scatter)
    __scatterload_rt2                        0x08000191   Thumb Code    44  __scatter.o(!!!scatter)
    __scatterload_rt2_thumb_only             0x08000191   Thumb Code     0  __scatter.o(!!!scatter)
    __scatterload_null                       0x0800019f   Thumb Code     0  __scatter.o(!!!scatter)
    __scatterload_copy                       0x080001c5   Thumb Code    26  __scatter_copy.o(!!handler_copy)
    __scatterload_zeroinit                   0x080001e1   Thumb Code    28  __scatter_zi.o(!!handler_zi)
    _printf_d                                0x080001fd   Thumb Code     0  _printf_d.o(.ARM.Collect$$_printf_percent$$00000009)
    _printf_percent                          0x080001fd   Thumb Code     0  _printf_percent.o(.ARM.Collect$$_printf_percent$$00000000)
    _printf_percent_end                      0x08000203   Thumb Code     0  _printf_percent_end.o(.ARM.Collect$$_printf_percent$$00000017)
    __rt_lib_init                            0x08000207   Thumb Code     0  libinit.o(.ARM.Collect$$libinit$$00000000)
    __rt_lib_init_fp_1                       0x08000209   Thumb Code     0  libinit2.o(.ARM.Collect$$libinit$$00000001)
    __rt_lib_init_heap_2                     0x0800020d   Thumb Code     0  libinit2.o(.ARM.Collect$$libinit$$00000005)
    __rt_lib_init_preinit_1                  0x0800020d   Thumb Code     0  libinit2.o(.ARM.Collect$$libinit$$00000004)
    __rt_lib_init_heap_1                     0x08000215   Thumb Code     0  libinit2.o(.ARM.Collect$$libinit$$0000000A)
    __rt_lib_init_lc_common                  0x08000215   Thumb Code     0  libinit2.o(.ARM.Collect$$libinit$$0000000F)
    __rt_lib_init_rand_1                     0x08000215   Thumb Code     0  libinit2.o(.ARM.Collect$$libinit$$0000000E)
    __rt_lib_init_user_alloc_1               0x08000215   Thumb Code     0  libinit2.o(.ARM.Collect$$libinit$$0000000C)
    __rt_lib_init_lc_collate_1               0x0800021b   Thumb Code     0  libinit2.o(.ARM.Collect$$libinit$$00000011)
    __rt_lib_init_lc_ctype_2                 0x0800021b   Thumb Code     0  libinit2.o(.ARM.Collect$$libinit$$00000012)
    __rt_lib_init_alloca_1                   0x08000227   Thumb Code     0  libinit2.o(.ARM.Collect$$libinit$$0000002E)
    __rt_lib_init_argv_1                     0x08000227   Thumb Code     0  libinit2.o(.ARM.Collect$$libinit$$0000002C)
    __rt_lib_init_atexit_1                   0x08000227   Thumb Code     0  libinit2.o(.ARM.Collect$$libinit$$0000001B)
    __rt_lib_init_clock_1                    0x08000227   Thumb Code     0  libinit2.o(.ARM.Collect$$libinit$$00000021)
    __rt_lib_init_cpp_1                      0x08000227   Thumb Code     0  libinit2.o(.ARM.Collect$$libinit$$00000032)
    __rt_lib_init_exceptions_1               0x08000227   Thumb Code     0  libinit2.o(.ARM.Collect$$libinit$$00000030)
    __rt_lib_init_fp_trap_1                  0x08000227   Thumb Code     0  libinit2.o(.ARM.Collect$$libinit$$0000001F)
    __rt_lib_init_getenv_1                   0x08000227   Thumb Code     0  libinit2.o(.ARM.Collect$$libinit$$00000023)
    __rt_lib_init_lc_ctype_1                 0x08000227   Thumb Code     0  libinit2.o(.ARM.Collect$$libinit$$00000013)
    __rt_lib_init_lc_monetary_1              0x08000227   Thumb Code     0  libinit2.o(.ARM.Collect$$libinit$$00000015)
    __rt_lib_init_lc_numeric_1               0x08000227   Thumb Code     0  libinit2.o(.ARM.Collect$$libinit$$00000017)
    __rt_lib_init_lc_time_1                  0x08000227   Thumb Code     0  libinit2.o(.ARM.Collect$$libinit$$00000019)
    __rt_lib_init_return                     0x08000227   Thumb Code     0  libinit2.o(.ARM.Collect$$libinit$$00000033)
    __rt_lib_init_signal_1                   0x08000227   Thumb Code     0  libinit2.o(.ARM.Collect$$libinit$$0000001D)
    __rt_lib_init_stdio_1                    0x08000227   Thumb Code     0  libinit2.o(.ARM.Collect$$libinit$$00000025)
    __rt_lib_shutdown                        0x08000229   Thumb Code     0  libshutdown.o(.ARM.Collect$$libshutdown$$00000000)
    __rt_lib_shutdown_cpp_1                  0x0800022b   Thumb Code     0  libshutdown2.o(.ARM.Collect$$libshutdown$$00000002)
    __rt_lib_shutdown_fp_trap_1              0x0800022b   Thumb Code     0  libshutdown2.o(.ARM.Collect$$libshutdown$$00000007)
    __rt_lib_shutdown_heap_1                 0x0800022b   Thumb Code     0  libshutdown2.o(.ARM.Collect$$libshutdown$$0000000F)
    __rt_lib_shutdown_return                 0x0800022b   Thumb Code     0  libshutdown2.o(.ARM.Collect$$libshutdown$$00000010)
    __rt_lib_shutdown_signal_1               0x0800022b   Thumb Code     0  libshutdown2.o(.ARM.Collect$$libshutdown$$0000000A)
    __rt_lib_shutdown_stdio_1                0x0800022b   Thumb Code     0  libshutdown2.o(.ARM.Collect$$libshutdown$$00000004)
    __rt_lib_shutdown_user_alloc_1           0x0800022b   Thumb Code     0  libshutdown2.o(.ARM.Collect$$libshutdown$$0000000C)
    __rt_entry                               0x0800022d   Thumb Code     0  __rtentry.o(.ARM.Collect$$rtentry$$00000000)
    __rt_entry_presh_1                       0x0800022d   Thumb Code     0  __rtentry2.o(.ARM.Collect$$rtentry$$00000002)
    __rt_entry_sh                            0x0800022d   Thumb Code     0  __rtentry4.o(.ARM.Collect$$rtentry$$00000004)
    __rt_entry_li                            0x08000233   Thumb Code     0  __rtentry2.o(.ARM.Collect$$rtentry$$0000000A)
    __rt_entry_postsh_1                      0x08000233   Thumb Code     0  __rtentry2.o(.ARM.Collect$$rtentry$$00000009)
    __rt_entry_main                          0x08000237   Thumb Code     0  __rtentry2.o(.ARM.Collect$$rtentry$$0000000D)
    __rt_entry_postli_1                      0x08000237   Thumb Code     0  __rtentry2.o(.ARM.Collect$$rtentry$$0000000C)
    __rt_exit                                0x0800023f   Thumb Code     0  rtexit.o(.ARM.Collect$$rtexit$$00000000)
    __rt_exit_ls                             0x08000241   Thumb Code     0  rtexit2.o(.ARM.Collect$$rtexit$$00000003)
    __rt_exit_prels_1                        0x08000241   Thumb Code     0  rtexit2.o(.ARM.Collect$$rtexit$$00000002)
    __rt_exit_exit                           0x08000245   Thumb Code     0  rtexit2.o(.ARM.Collect$$rtexit$$00000004)
    Reset_Handler                            0x0800024d   Thumb Code    60  startup_stm32l476xx.o(.text)
    _maybe_terminate_alloc                   0x0800024d   Thumb Code     0  maybetermalloc1.o(.emb_text)
    NMI_Handler                              0x08000289   Thumb Code     2  startup_stm32l476xx.o(.text)
    HardFault_Handler                        0x0800028b   Thumb Code     2  startup_stm32l476xx.o(.text)
    MemManage_Handler                        0x0800028d   Thumb Code     2  startup_stm32l476xx.o(.text)
    BusFault_Handler                         0x0800028f   Thumb Code     2  startup_stm32l476xx.o(.text)
    UsageFault_Handler                       0x08000291   Thumb Code     2  startup_stm32l476xx.o(.text)
    SVC_Handler                              0x08000293   Thumb Code     2  startup_stm32l476xx.o(.text)
    DebugMon_Handler                         0x08000295   Thumb Code     2  startup_stm32l476xx.o(.text)
    PendSV_Handler                           0x08000297   Thumb Code     2  startup_stm32l476xx.o(.text)
    SysTick_Handler                          0x08000299   Thumb Code     2  startup_stm32l476xx.o(.text)
    ADC1_2_IRQHandler                        0x0800029b   Thumb Code     0  startup_stm32l476xx.o(.text)
    ADC3_IRQHandler                          0x0800029b   Thumb Code     0  startup_stm32l476xx.o(.text)
    CAN1_RX0_IRQHandler                      0x0800029b   Thumb Code     0  startup_stm32l476xx.o(.text)
    CAN1_RX1_IRQHandler                      0x0800029b   Thumb Code     0  startup_stm32l476xx.o(.text)
    CAN1_SCE_IRQHandler                      0x0800029b   Thumb Code     0  startup_stm32l476xx.o(.text)
    CAN1_TX_IRQHandler                       0x0800029b   Thumb Code     0  startup_stm32l476xx.o(.text)
    COMP_IRQHandler                          0x0800029b   Thumb Code     0  startup_stm32l476xx.o(.text)
    DFSDM0_IRQHandler                        0x0800029b   Thumb Code     0  startup_stm32l476xx.o(.text)
    DFSDM1_IRQHandler                        0x0800029b   Thumb Code     0  startup_stm32l476xx.o(.text)
    DFSDM2_IRQHandler                        0x0800029b   Thumb Code     0  startup_stm32l476xx.o(.text)
    DFSDM3_IRQHandler                        0x0800029b   Thumb Code     0  startup_stm32l476xx.o(.text)
    DMA1_Channel1_IRQHandler                 0x0800029b   Thumb Code     0  startup_stm32l476xx.o(.text)
    DMA1_Channel2_IRQHandler                 0x0800029b   Thumb Code     0  startup_stm32l476xx.o(.text)
    DMA1_Channel3_IRQHandler                 0x0800029b   Thumb Code     0  startup_stm32l476xx.o(.text)
    DMA1_Channel4_IRQHandler                 0x0800029b   Thumb Code     0  startup_stm32l476xx.o(.text)
    DMA1_Channel5_IRQHandler                 0x0800029b   Thumb Code     0  startup_stm32l476xx.o(.text)
    DMA1_Channel6_IRQHandler                 0x0800029b   Thumb Code     0  startup_stm32l476xx.o(.text)
    DMA1_Channel7_IRQHandler                 0x0800029b   Thumb Code     0  startup_stm32l476xx.o(.text)
    DMA2_Channel1_IRQHandler                 0x0800029b   Thumb Code     0  startup_stm32l476xx.o(.text)
    DMA2_Channel2_IRQHandler                 0x0800029b   Thumb Code     0  startup_stm32l476xx.o(.text)
    DMA2_Channel3_IRQHandler                 0x0800029b   Thumb Code     0  startup_stm32l476xx.o(.text)
    DMA2_Channel4_IRQHandler                 0x0800029b   Thumb Code     0  startup_stm32l476xx.o(.text)
    DMA2_Channel5_IRQHandler                 0x0800029b   Thumb Code     0  startup_stm32l476xx.o(.text)
    DMA2_Channel6_IRQHandler                 0x0800029b   Thumb Code     0  startup_stm32l476xx.o(.text)
    DMA2_Channel7_IRQHandler                 0x0800029b   Thumb Code     0  startup_stm32l476xx.o(.text)
    EXTI0_IRQHandler                         0x0800029b   Thumb Code     0  startup_stm32l476xx.o(.text)
    EXTI15_10_IRQHandler                     0x0800029b   Thumb Code     0  startup_stm32l476xx.o(.text)
    EXTI1_IRQHandler                         0x0800029b   Thumb Code     0  startup_stm32l476xx.o(.text)
    EXTI2_IRQHandler                         0x0800029b   Thumb Code     0  startup_stm32l476xx.o(.text)
    EXTI3_IRQHandler                         0x0800029b   Thumb Code     0  startup_stm32l476xx.o(.text)
    EXTI4_IRQHandler                         0x0800029b   Thumb Code     0  startup_stm32l476xx.o(.text)
    EXTI9_5_IRQHandler                       0x0800029b   Thumb Code     0  startup_stm32l476xx.o(.text)
    FLASH_IRQHandler                         0x0800029b   Thumb Code     0  startup_stm32l476xx.o(.text)
    FMC_IRQHandler                           0x0800029b   Thumb Code     0  startup_stm32l476xx.o(.text)
    FPU_IRQHandler                           0x0800029b   Thumb Code     0  startup_stm32l476xx.o(.text)
    I2C1_ER_IRQHandler                       0x0800029b   Thumb Code     0  startup_stm32l476xx.o(.text)
    I2C1_EV_IRQHandler                       0x0800029b   Thumb Code     0  startup_stm32l476xx.o(.text)
    I2C2_ER_IRQHandler                       0x0800029b   Thumb Code     0  startup_stm32l476xx.o(.text)
    I2C2_EV_IRQHandler                       0x0800029b   Thumb Code     0  startup_stm32l476xx.o(.text)
    I2C3_ER_IRQHandler                       0x0800029b   Thumb Code     0  startup_stm32l476xx.o(.text)
    I2C3_EV_IRQHandler                       0x0800029b   Thumb Code     0  startup_stm32l476xx.o(.text)
    LCD_IRQHandler                           0x0800029b   Thumb Code     0  startup_stm32l476xx.o(.text)
    LPTIM1_IRQHandler                        0x0800029b   Thumb Code     0  startup_stm32l476xx.o(.text)
    LPTIM2_IRQHandler                        0x0800029b   Thumb Code     0  startup_stm32l476xx.o(.text)
    LPUART1_IRQHandler                       0x0800029b   Thumb Code     0  startup_stm32l476xx.o(.text)
    OTG_FS_IRQHandler                        0x0800029b   Thumb Code     0  startup_stm32l476xx.o(.text)
    PVD_PVM_IRQHandler                       0x0800029b   Thumb Code     0  startup_stm32l476xx.o(.text)
    QUADSPI_IRQHandler                       0x0800029b   Thumb Code     0  startup_stm32l476xx.o(.text)
    RCC_IRQHandler                           0x0800029b   Thumb Code     0  startup_stm32l476xx.o(.text)
    RNG_IRQHandler                           0x0800029b   Thumb Code     0  startup_stm32l476xx.o(.text)
    RTC_Alarm_IRQHandler                     0x0800029b   Thumb Code     0  startup_stm32l476xx.o(.text)
    RTC_WKUP_IRQHandler                      0x0800029b   Thumb Code     0  startup_stm32l476xx.o(.text)
    SAI1_IRQHandler                          0x0800029b   Thumb Code     0  startup_stm32l476xx.o(.text)
    SAI2_IRQHandler                          0x0800029b   Thumb Code     0  startup_stm32l476xx.o(.text)
    SDMMC1_IRQHandler                        0x0800029b   Thumb Code     0  startup_stm32l476xx.o(.text)
    SPI1_IRQHandler                          0x0800029b   Thumb Code     0  startup_stm32l476xx.o(.text)
    SPI2_IRQHandler                          0x0800029b   Thumb Code     0  startup_stm32l476xx.o(.text)
    SPI3_IRQHandler                          0x0800029b   Thumb Code     0  startup_stm32l476xx.o(.text)
    SWPMI1_IRQHandler                        0x0800029b   Thumb Code     0  startup_stm32l476xx.o(.text)
    TAMP_STAMP_IRQHandler                    0x0800029b   Thumb Code     0  startup_stm32l476xx.o(.text)
    TIM1_BRK_TIM15_IRQHandler                0x0800029b   Thumb Code     0  startup_stm32l476xx.o(.text)
    TIM1_CC_IRQHandler                       0x0800029b   Thumb Code     0  startup_stm32l476xx.o(.text)
    TIM1_TRG_COM_TIM17_IRQHandler            0x0800029b   Thumb Code     0  startup_stm32l476xx.o(.text)
    TIM1_UP_TIM16_IRQHandler                 0x0800029b   Thumb Code     0  startup_stm32l476xx.o(.text)
    TIM3_IRQHandler                          0x0800029b   Thumb Code     0  startup_stm32l476xx.o(.text)
    TIM4_IRQHandler                          0x0800029b   Thumb Code     0  startup_stm32l476xx.o(.text)
    TIM5_IRQHandler                          0x0800029b   Thumb Code     0  startup_stm32l476xx.o(.text)
    TIM6_DAC_IRQHandler                      0x0800029b   Thumb Code     0  startup_stm32l476xx.o(.text)
    TIM7_IRQHandler                          0x0800029b   Thumb Code     0  startup_stm32l476xx.o(.text)
    TIM8_BRK_IRQHandler                      0x0800029b   Thumb Code     0  startup_stm32l476xx.o(.text)
    TIM8_CC_IRQHandler                       0x0800029b   Thumb Code     0  startup_stm32l476xx.o(.text)
    TIM8_TRG_COM_IRQHandler                  0x0800029b   Thumb Code     0  startup_stm32l476xx.o(.text)
    TIM8_UP_IRQHandler                       0x0800029b   Thumb Code     0  startup_stm32l476xx.o(.text)
    TSC_IRQHandler                           0x0800029b   Thumb Code     0  startup_stm32l476xx.o(.text)
    UART4_IRQHandler                         0x0800029b   Thumb Code     0  startup_stm32l476xx.o(.text)
    UART5_IRQHandler                         0x0800029b   Thumb Code     0  startup_stm32l476xx.o(.text)
    USART1_IRQHandler                        0x0800029b   Thumb Code     0  startup_stm32l476xx.o(.text)
    USART2_IRQHandler                        0x0800029b   Thumb Code     0  startup_stm32l476xx.o(.text)
    USART3_IRQHandler                        0x0800029b   Thumb Code     0  startup_stm32l476xx.o(.text)
    WWDG_IRQHandler                          0x0800029b   Thumb Code     0  startup_stm32l476xx.o(.text)
    __user_initial_stackheap                 0x0800029d   Thumb Code     0  startup_stm32l476xx.o(.text)
    __rt_ctype_table                         0x080002d1   Thumb Code    16  rt_ctype_table.o(.text)
    malloc                                   0x080002e1   Thumb Code    94  h1_alloc.o(.text)
    free                                     0x0800033f   Thumb Code    78  h1_free.o(.text)
    __2sprintf                               0x0800038d   Thumb Code    38  __2sprintf.o(.text)
    __printf                                 0x080003b9   Thumb Code   104  __printf.o(.text)
    _printf_int_dec                          0x08000421   Thumb Code   104  _printf_dec.o(.text)
    strlen                                   0x08000499   Thumb Code    62  strlen.o(.text)
    __aeabi_memclr4                          0x080004d7   Thumb Code     0  rt_memclr_w.o(.text)
    __aeabi_memclr8                          0x080004d7   Thumb Code     0  rt_memclr_w.o(.text)
    __rt_memclr_w                            0x080004d7   Thumb Code    78  rt_memclr_w.o(.text)
    _memset_w                                0x080004db   Thumb Code     0  rt_memclr_w.o(.text)
    __use_two_region_memory                  0x08000525   Thumb Code     2  heapauxi.o(.text)
    __rt_heap_escrow                         0x08000527   Thumb Code     2  heapauxi.o(.text)
    __rt_heap_expand                         0x08000529   Thumb Code     2  heapauxi.o(.text)
    __rt_heap_descriptor                     0x0800052d   Thumb Code     8  rt_heap_descriptor_intlibspace.o(.text)
    __rt_locale                              0x08000535   Thumb Code     8  rt_locale_intlibspace.o(.text)
    __use_no_heap                            0x0800053d   Thumb Code     2  hguard.o(.text)
    __heap$guard                             0x0800053f   Thumb Code     2  hguard.o(.text)
    _terminate_user_alloc                    0x08000541   Thumb Code     2  init_alloc.o(.text)
    _init_user_alloc                         0x08000543   Thumb Code     2  init_alloc.o(.text)
    __Heap_Full                              0x08000545   Thumb Code    34  init_alloc.o(.text)
    __Heap_Broken                            0x08000567   Thumb Code     6  init_alloc.o(.text)
    _init_alloc                              0x0800056d   Thumb Code    94  init_alloc.o(.text)
    __Heap_Initialize                        0x080005cb   Thumb Code    10  h1_init.o(.text)
    __Heap_DescSize                          0x080005d5   Thumb Code     4  h1_init.o(.text)
    __read_errno                             0x080005d9   Thumb Code    10  _rserrno.o(.text)
    __set_errno                              0x080005e3   Thumb Code    12  _rserrno.o(.text)
    _printf_int_common                       0x080005ef   Thumb Code   178  _printf_intcommon.o(.text)
    _printf_char_common                      0x080006ab   Thumb Code    32  _printf_char_common.o(.text)
    _sputc                                   0x080006d1   Thumb Code    10  _sputc.o(.text)
    __user_libspace                          0x080006dd   Thumb Code     8  libspace.o(.text)
    __user_perproc_libspace                  0x080006dd   Thumb Code     0  libspace.o(.text)
    __user_perthread_libspace                0x080006dd   Thumb Code     0  libspace.o(.text)
    __aeabi_errno_addr                       0x080006e5   Thumb Code     8  rt_errno_addr_intlibspace.o(.text)
    __errno$intlibspace                      0x080006e5   Thumb Code     0  rt_errno_addr_intlibspace.o(.text)
    __rt_errno_addr$intlibspace              0x080006e5   Thumb Code     0  rt_errno_addr_intlibspace.o(.text)
    __Heap_ProvideMemory                     0x080006ed   Thumb Code    52  h1_extend.o(.text)
    __rt_SIGRTMEM                            0x08000721   Thumb Code    14  defsig_rtmem_outer.o(.text)
    strcmp                                   0x08000731   Thumb Code   128  strcmpv7m.o(.text)
    __I$use$semihosting                      0x080007b1   Thumb Code     0  use_no_semi.o(.text)
    __use_no_semihosting_swi                 0x080007b1   Thumb Code     2  use_no_semi.o(.text)
    __semihosting_library_function           0x080007b3   Thumb Code     0  indicate_semi.o(.text)
    __user_setup_stackheap                   0x080007b3   Thumb Code    74  sys_stackheap_outer.o(.text)
    exit                                     0x080007fd   Thumb Code    18  exit.o(.text)
    __sig_exit                               0x0800080f   Thumb Code    10  defsig_exit.o(.text)
    __rt_SIGRTMEM_inner                      0x08000819   Thumb Code    22  defsig_rtmem_inner.o(.text)
    _sys_exit                                0x08000869   Thumb Code     8  sys_exit.o(.text)
    __default_signal_display                 0x08000875   Thumb Code    50  defsig_general.o(.text)
    _ttywrch                                 0x080008a7   Thumb Code    14  sys_wrch.o(.text)
    Green_LED_Toggle                         0x080008b5   Thumb Code    14  led.o(i.Green_LED_Toggle)
    Init_GPIO                                0x080008c9   Thumb Code    60  timer_2_input_capture.o(i.Init_GPIO)
    Init_Timer2                              0x08000909   Thumb Code   128  timer_2_input_capture.o(i.Init_Timer2)
    LED_Init                                 0x0800098d   Thumb Code   144  led.o(i.LED_Init)
    POST                                     0x08000a29   Thumb Code   230  console_display.o(i.POST)
    POSTFAIL                                 0x08000bfd   Thumb Code   106  console_display.o(i.POSTFAIL)
    Parse_Str_To_Int                         0x08000cb1   Thumb Code   124  console_display.o(i.Parse_Str_To_Int)
    Pop_Histogram                            0x08000d41   Thumb Code   242  console_display.o(i.Pop_Histogram)
    Print                                    0x08000e59   Thumb Code    24  uart.o(i.Print)
    Red_LED_On                               0x08000e75   Thumb Code    14  led.o(i.Red_LED_On)
    SORTER                                   0x08000e89   Thumb Code    64  console_display.o(i.SORTER)
    Start_Timer2                             0x08000ec9   Thumb Code    42  timer_2_input_capture.o(i.Start_Timer2)
    Stop_Timer2                              0x08000efd   Thumb Code    18  timer_2_input_capture.o(i.Stop_Timer2)
    System_Clock_Init                        0x08000f11   Thumb Code   380  sysclock.o(i.System_Clock_Init)
    TIM2_IRQHandler                          0x08001095   Thumb Code    98  timer_2_input_capture.o(i.TIM2_IRQHandler)
    UART2_GPIO_Init                          0x08001101   Thumb Code   106  uart.o(i.UART2_GPIO_Init)
    UART2_Init                               0x08001175   Thumb Code    54  uart.o(i.UART2_Init)
    USART_Delay                              0x080011b5   Thumb Code    20  uart.o(i.USART_Delay)
    USART_Init                               0x080011c9   Thumb Code   168  uart.o(i.USART_Init)
    USART_Read                               0x0800127d   Thumb Code    20  uart.o(i.USART_Read)
    USART_Write                              0x08001291   Thumb Code    64  uart.o(i.USART_Write)
    Verify_Input                             0x080012d1   Thumb Code    30  console_display.o(i.Verify_Input)
    WELCOMEMESSAGE                           0x080012f1   Thumb Code   104  console_display.o(i.WELCOMEMESSAGE)
    __ARM_fpclassify                         0x080013a9   Thumb Code    48  fpclassify.o(i.__ARM_fpclassify)
    __hardfp_pow                             0x080013d9   Thumb Code  3072  pow.o(i.__hardfp_pow)
    __kernel_poly                            0x08002059   Thumb Code   248  poly.o(i.__kernel_poly)
    __mathlib_dbl_divzero                    0x08002151   Thumb Code    28  dunder.o(i.__mathlib_dbl_divzero)
    __mathlib_dbl_infnan2                    0x08002181   Thumb Code    20  dunder.o(i.__mathlib_dbl_infnan2)
    __mathlib_dbl_invalid                    0x08002199   Thumb Code    24  dunder.o(i.__mathlib_dbl_invalid)
    __mathlib_dbl_overflow                   0x080021b9   Thumb Code    24  dunder.o(i.__mathlib_dbl_overflow)
    __mathlib_dbl_underflow                  0x080021d9   Thumb Code    24  dunder.o(i.__mathlib_dbl_underflow)
    fabs                                     0x080021f9   Thumb Code    24  fabs.o(i.fabs)
    get_delta_time                           0x08002211   Thumb Code    10  timer_2_input_capture.o(i.get_delta_time)
    main                                     0x08002221   Thumb Code    48  main.o(i.main)
    sqrt                                     0x08002255   Thumb Code   110  sqrt.o(i.sqrt)
    timeUpdate                               0x080022c5   Thumb Code    98  timer_2_input_capture.o(i.timeUpdate)
    _get_lc_ctype                            0x08002331   Thumb Code    44  lc_ctype_c.o(locale$$code)
    __aeabi_dneg                             0x0800235d   Thumb Code     0  basic.o(x$fpl$basic)
    _dneg                                    0x0800235d   Thumb Code     6  basic.o(x$fpl$basic)
    __aeabi_fneg                             0x08002363   Thumb Code     0  basic.o(x$fpl$basic)
    _fneg                                    0x08002363   Thumb Code     6  basic.o(x$fpl$basic)
    _dabs                                    0x08002369   Thumb Code     6  basic.o(x$fpl$basic)
    _fabs                                    0x0800236f   Thumb Code     6  basic.o(x$fpl$basic)
    __aeabi_dadd                             0x08002375   Thumb Code     0  daddsub_clz.o(x$fpl$dadd)
    _dadd                                    0x08002375   Thumb Code   332  daddsub_clz.o(x$fpl$dadd)
    __fpl_dcheck_NaN1                        0x080024c5   Thumb Code    10  dcheck1.o(x$fpl$dcheck1)
    __fpl_dcmp_Inf                           0x080024d5   Thumb Code    24  dcmpi.o(x$fpl$dcmpinf)
    __aeabi_ddiv                             0x080024ed   Thumb Code     0  ddiv.o(x$fpl$ddiv)
    _ddiv                                    0x080024ed   Thumb Code   552  ddiv.o(x$fpl$ddiv)
    __aeabi_d2iz                             0x0800279d   Thumb Code     0  dfix.o(x$fpl$dfix)
    _dfix                                    0x0800279d   Thumb Code    94  dfix.o(x$fpl$dfix)
    __aeabi_i2d                              0x080027fb   Thumb Code     0  dflt_clz.o(x$fpl$dflt)
    _dflt                                    0x080027fb   Thumb Code    46  dflt_clz.o(x$fpl$dflt)
    __aeabi_cdcmple                          0x08002829   Thumb Code     0  dleqf.o(x$fpl$dleqf)
    _dcmple                                  0x08002829   Thumb Code   120  dleqf.o(x$fpl$dleqf)
    __fpl_dcmple_InfNaN                      0x0800288b   Thumb Code     0  dleqf.o(x$fpl$dleqf)
    __aeabi_dmul                             0x080028a1   Thumb Code     0  dmul.o(x$fpl$dmul)
    _dmul                                    0x080028a1   Thumb Code   332  dmul.o(x$fpl$dmul)
    __fpl_dnaninf                            0x080029f5   Thumb Code   156  dnaninf.o(x$fpl$dnaninf)
    __fpl_dretinf                            0x08002a91   Thumb Code    12  dretinf.o(x$fpl$dretinf)
    __aeabi_cdrcmple                         0x08002a9d   Thumb Code     0  drleqf.o(x$fpl$drleqf)
    _drcmple                                 0x08002a9d   Thumb Code   108  drleqf.o(x$fpl$drleqf)
    __aeabi_drsub                            0x08002b09   Thumb Code     0  daddsub_clz.o(x$fpl$drsb)
    _drsb                                    0x08002b09   Thumb Code    22  daddsub_clz.o(x$fpl$drsb)
    _dsqrt                                   0x08002b21   Thumb Code   404  dsqrt_umaal.o(x$fpl$dsqrt)
    __aeabi_dsub                             0x08002cb9   Thumb Code     0  daddsub_clz.o(x$fpl$dsub)
    _dsub                                    0x08002cb9   Thumb Code   464  daddsub_clz.o(x$fpl$dsub)
    _fp_init                                 0x08002e8d   Thumb Code    10  fpinit.o(x$fpl$fpinit)
    __fplib_config_fpu_vfp                   0x08002e95   Thumb Code     0  fpinit.o(x$fpl$fpinit)
    __fplib_config_pureend_doubles           0x08002e95   Thumb Code     0  fpinit.o(x$fpl$fpinit)
    __fpl_return_NaN                         0x08002e97   Thumb Code   100  retnan.o(x$fpl$retnan)
    __ARM_scalbn                             0x08002efb   Thumb Code    92  scalbn.o(x$fpl$scalbn)
    __fpl_cmpreturn                          0x08002f57   Thumb Code    48  trapv.o(x$fpl$trapveneer)
    __I$use$fp                               0x08002f86   Number         0  usenofp.o(x$fpl$usenofp)
    __mathlib_zero                           0x08003010   Data           8  qnan.o(.constdata)
    Region$$Table$$Base                      0x080030d4   Number         0  anon$$obj.o(Region$$Table)
    Region$$Table$$Limit                     0x080030f4   Number         0  anon$$obj.o(Region$$Table)
    __ctype                                  0x08003101   Data           0  lc_ctype_c.o(locale$$data)
    Image$$ER_IROM1$$RO$$Limit               0x08003204   Number         0  anon$$obj.o ABSOLUTE
    Image$$ER_IROM1$$RW$$Base                0x08003204   Number         0  anon$$obj.o ABSOLUTE
    Image$$ER_IROM1$$RW$$Limit               0x08003204   Number         0  anon$$obj.o ABSOLUTE
    Image$$ER_IROM1$$ZI$$Base                0x08003204   Number         0  anon$$obj.o ABSOLUTE
    Image$$ER_IROM1$$ZI$$Limit               0x08003204   Number         0  anon$$obj.o ABSOLUTE
    Load$$RW_IRAM1$$Base                     0x08003204   Number         0  anon$$obj.o ABSOLUTE
    Image$$RW_IRAM1$$Base                    0x20000000   Number         0  anon$$obj.o ABSOLUTE
    Image$$RW_IRAM1$$RO$$Base                0x20000000   Number         0  anon$$obj.o ABSOLUTE
    Image$$RW_IRAM1$$RW$$Base                0x20000000   Number         0  anon$$obj.o ABSOLUTE
    POST_FLAG                                0x20000004   Data           4  timer_2_input_capture.o(.data)
    FaileMessage                             0x20000008   Data          56  console_display.o(.data)
    reruntheprogram                          0x20000040   Data          49  console_display.o(.data)
    UserInput                                0x20000071   Data           4  console_display.o(.data)
    Image$$RW_IRAM1$$Limit                   0x20000078   Number         0  anon$$obj.o ABSOLUTE
    Image$$RW_IRAM1$$RW$$Limit               0x20000078   Number         0  anon$$obj.o ABSOLUTE
    Image$$RW_IRAM1$$ZI$$Base                0x20000078   Number         0  anon$$obj.o ABSOLUTE
    delta_time                               0x20000078   Data        4000  timer_2_input_capture.o(.bss)
    time                                     0x20001018   Data          12  timer_2_input_capture.o(.bss)
    buckets                                  0x20001024   Data         404  console_display.o(.bss)
    histogram                                0x200011b8   Data         404  console_display.o(.bss)
    buffer                                   0x2000134c   Data          32  console_display.o(.bss)
    __libspace_start                         0x2000136c   Data          96  libspace.o(.bss)
    __temporary_stack_top$libspace           0x200013cc   Data           0  libspace.o(.bss)
    Image$$RW_IRAM1$$ZI$$Limit               0x200019d0   Number         0  anon$$obj.o ABSOLUTE



==============================================================================

Memory Map of the image

  Image Entry point : 0x08000189

  Load Region LR_IROM1 (Base: 0x08000000, Size: 0x0000327c, Max: 0x00100000, ABSOLUTE)

    Execution Region ER_IROM1 (Exec base: 0x08000000, Load base: 0x08000000, Size: 0x00003204, Max: 0x00100000, ABSOLUTE)

    Exec Addr    Load Addr    Size         Type   Attr      Idx    E Section Name        Object

    0x08000000   0x08000000   0x00000188   Data   RO            3    RESET               startup_stm32l476xx.o
    0x08000188   0x08000188   0x00000008   Code   RO          503  * !!!main             c_w.l(__main.o)
    0x08000190   0x08000190   0x00000034   Code   RO          828    !!!scatter          c_w.l(__scatter.o)
    0x080001c4   0x080001c4   0x0000001a   Code   RO          830    !!handler_copy      c_w.l(__scatter_copy.o)
    0x080001de   0x080001de   0x00000002   PAD
    0x080001e0   0x080001e0   0x0000001c   Code   RO          832    !!handler_zi        c_w.l(__scatter_zi.o)
    0x080001fc   0x080001fc   0x00000000   Code   RO          496    .ARM.Collect$$_printf_percent$$00000000  c_w.l(_printf_percent.o)
    0x080001fc   0x080001fc   0x00000006   Code   RO          495    .ARM.Collect$$_printf_percent$$00000009  c_w.l(_printf_d.o)
    0x08000202   0x08000202   0x00000004   Code   RO          578    .ARM.Collect$$_printf_percent$$00000017  c_w.l(_printf_percent_end.o)
    0x08000206   0x08000206   0x00000002   Code   RO          761    .ARM.Collect$$libinit$$00000000  c_w.l(libinit.o)
    0x08000208   0x08000208   0x00000004   Code   RO          586    .ARM.Collect$$libinit$$00000001  c_w.l(libinit2.o)
    0x0800020c   0x0800020c   0x00000000   Code   RO          589    .ARM.Collect$$libinit$$00000004  c_w.l(libinit2.o)
    0x0800020c   0x0800020c   0x00000008   Code   RO          590    .ARM.Collect$$libinit$$00000005  c_w.l(libinit2.o)
    0x08000214   0x08000214   0x00000000   Code   RO          592    .ARM.Collect$$libinit$$0000000A  c_w.l(libinit2.o)
    0x08000214   0x08000214   0x00000000   Code   RO          594    .ARM.Collect$$libinit$$0000000C  c_w.l(libinit2.o)
    0x08000214   0x08000214   0x00000000   Code   RO          596    .ARM.Collect$$libinit$$0000000E  c_w.l(libinit2.o)
    0x08000214   0x08000214   0x00000006   Code   RO          597    .ARM.Collect$$libinit$$0000000F  c_w.l(libinit2.o)
    0x0800021a   0x0800021a   0x00000000   Code   RO          599    .ARM.Collect$$libinit$$00000011  c_w.l(libinit2.o)
    0x0800021a   0x0800021a   0x0000000c   Code   RO          600    .ARM.Collect$$libinit$$00000012  c_w.l(libinit2.o)
    0x08000226   0x08000226   0x00000000   Code   RO          601    .ARM.Collect$$libinit$$00000013  c_w.l(libinit2.o)
    0x08000226   0x08000226   0x00000000   Code   RO          603    .ARM.Collect$$libinit$$00000015  c_w.l(libinit2.o)
    0x08000226   0x08000226   0x00000000   Code   RO          605    .ARM.Collect$$libinit$$00000017  c_w.l(libinit2.o)
    0x08000226   0x08000226   0x00000000   Code   RO          607    .ARM.Collect$$libinit$$00000019  c_w.l(libinit2.o)
    0x08000226   0x08000226   0x00000000   Code   RO          609    .ARM.Collect$$libinit$$0000001B  c_w.l(libinit2.o)
    0x08000226   0x08000226   0x00000000   Code   RO          611    .ARM.Collect$$libinit$$0000001D  c_w.l(libinit2.o)
    0x08000226   0x08000226   0x00000000   Code   RO          613    .ARM.Collect$$libinit$$0000001F  c_w.l(libinit2.o)
    0x08000226   0x08000226   0x00000000   Code   RO          615    .ARM.Collect$$libinit$$00000021  c_w.l(libinit2.o)
    0x08000226   0x08000226   0x00000000   Code   RO          617    .ARM.Collect$$libinit$$00000023  c_w.l(libinit2.o)
    0x08000226   0x08000226   0x00000000   Code   RO          619    .ARM.Collect$$libinit$$00000025  c_w.l(libinit2.o)
    0x08000226   0x08000226   0x00000000   Code   RO          623    .ARM.Collect$$libinit$$0000002C  c_w.l(libinit2.o)
    0x08000226   0x08000226   0x00000000   Code   RO          625    .ARM.Collect$$libinit$$0000002E  c_w.l(libinit2.o)
    0x08000226   0x08000226   0x00000000   Code   RO          627    .ARM.Collect$$libinit$$00000030  c_w.l(libinit2.o)
    0x08000226   0x08000226   0x00000000   Code   RO          629    .ARM.Collect$$libinit$$00000032  c_w.l(libinit2.o)
    0x08000226   0x08000226   0x00000002   Code   RO          630    .ARM.Collect$$libinit$$00000033  c_w.l(libinit2.o)
    0x08000228   0x08000228   0x00000002   Code   RO          825    .ARM.Collect$$libshutdown$$00000000  c_w.l(libshutdown.o)
    0x0800022a   0x0800022a   0x00000000   Code   RO          779    .ARM.Collect$$libshutdown$$00000002  c_w.l(libshutdown2.o)
    0x0800022a   0x0800022a   0x00000000   Code   RO          781    .ARM.Collect$$libshutdown$$00000004  c_w.l(libshutdown2.o)
    0x0800022a   0x0800022a   0x00000000   Code   RO          784    .ARM.Collect$$libshutdown$$00000007  c_w.l(libshutdown2.o)
    0x0800022a   0x0800022a   0x00000000   Code   RO          787    .ARM.Collect$$libshutdown$$0000000A  c_w.l(libshutdown2.o)
    0x0800022a   0x0800022a   0x00000000   Code   RO          789    .ARM.Collect$$libshutdown$$0000000C  c_w.l(libshutdown2.o)
    0x0800022a   0x0800022a   0x00000000   Code   RO          792    .ARM.Collect$$libshutdown$$0000000F  c_w.l(libshutdown2.o)
    0x0800022a   0x0800022a   0x00000002   Code   RO          793    .ARM.Collect$$libshutdown$$00000010  c_w.l(libshutdown2.o)
    0x0800022c   0x0800022c   0x00000000   Code   RO          539    .ARM.Collect$$rtentry$$00000000  c_w.l(__rtentry.o)
    0x0800022c   0x0800022c   0x00000000   Code   RO          689    .ARM.Collect$$rtentry$$00000002  c_w.l(__rtentry2.o)
    0x0800022c   0x0800022c   0x00000006   Code   RO          701    .ARM.Collect$$rtentry$$00000004  c_w.l(__rtentry4.o)
    0x08000232   0x08000232   0x00000000   Code   RO          691    .ARM.Collect$$rtentry$$00000009  c_w.l(__rtentry2.o)
    0x08000232   0x08000232   0x00000004   Code   RO          692    .ARM.Collect$$rtentry$$0000000A  c_w.l(__rtentry2.o)
    0x08000236   0x08000236   0x00000000   Code   RO          694    .ARM.Collect$$rtentry$$0000000C  c_w.l(__rtentry2.o)
    0x08000236   0x08000236   0x00000008   Code   RO          695    .ARM.Collect$$rtentry$$0000000D  c_w.l(__rtentry2.o)
    0x0800023e   0x0800023e   0x00000002   Code   RO          768    .ARM.Collect$$rtexit$$00000000  c_w.l(rtexit.o)
    0x08000240   0x08000240   0x00000000   Code   RO          799    .ARM.Collect$$rtexit$$00000002  c_w.l(rtexit2.o)
    0x08000240   0x08000240   0x00000004   Code   RO          800    .ARM.Collect$$rtexit$$00000003  c_w.l(rtexit2.o)
    0x08000244   0x08000244   0x00000006   Code   RO          801    .ARM.Collect$$rtexit$$00000004  c_w.l(rtexit2.o)
    0x0800024a   0x0800024a   0x00000002   PAD
    0x0800024c   0x0800024c   0x00000000   Code   RO          710    .emb_text           c_w.l(maybetermalloc1.o)
    0x0800024c   0x0800024c   0x00000084   Code   RO            4    .text               startup_stm32l476xx.o
    0x080002d0   0x080002d0   0x00000010   Code   RO          403    .text               c_w.l(rt_ctype_table.o)
    0x080002e0   0x080002e0   0x0000005e   Code   RO          409    .text               c_w.l(h1_alloc.o)
    0x0800033e   0x0800033e   0x0000004e   Code   RO          411    .text               c_w.l(h1_free.o)
    0x0800038c   0x0800038c   0x0000002c   Code   RO          467    .text               c_w.l(__2sprintf.o)
    0x080003b8   0x080003b8   0x00000068   Code   RO          471    .text               c_w.l(__printf.o)
    0x08000420   0x08000420   0x00000078   Code   RO          473    .text               c_w.l(_printf_dec.o)
    0x08000498   0x08000498   0x0000003e   Code   RO          497    .text               c_w.l(strlen.o)
    0x080004d6   0x080004d6   0x0000004e   Code   RO          499    .text               c_w.l(rt_memclr_w.o)
    0x08000524   0x08000524   0x00000006   Code   RO          501    .text               c_w.l(heapauxi.o)
    0x0800052a   0x0800052a   0x00000002   PAD
    0x0800052c   0x0800052c   0x00000008   Code   RO          543    .text               c_w.l(rt_heap_descriptor_intlibspace.o)
    0x08000534   0x08000534   0x00000008   Code   RO          548    .text               c_w.l(rt_locale_intlibspace.o)
    0x0800053c   0x0800053c   0x00000004   Code   RO          550    .text               c_w.l(hguard.o)
    0x08000540   0x08000540   0x0000008a   Code   RO          552    .text               c_w.l(init_alloc.o)
    0x080005ca   0x080005ca   0x0000000e   Code   RO          556    .text               c_w.l(h1_init.o)
    0x080005d8   0x080005d8   0x00000016   Code   RO          570    .text               c_w.l(_rserrno.o)
    0x080005ee   0x080005ee   0x000000b2   Code   RO          572    .text               c_w.l(_printf_intcommon.o)
    0x080006a0   0x080006a0   0x00000030   Code   RO          574    .text               c_w.l(_printf_char_common.o)
    0x080006d0   0x080006d0   0x0000000a   Code   RO          576    .text               c_w.l(_sputc.o)
    0x080006da   0x080006da   0x00000002   PAD
    0x080006dc   0x080006dc   0x00000008   Code   RO          685    .text               c_w.l(libspace.o)
    0x080006e4   0x080006e4   0x00000008   Code   RO          706    .text               c_w.l(rt_errno_addr_intlibspace.o)
    0x080006ec   0x080006ec   0x00000034   Code   RO          712    .text               c_w.l(h1_extend.o)
    0x08000720   0x08000720   0x0000000e   Code   RO          718    .text               c_w.l(defsig_rtmem_outer.o)
    0x0800072e   0x0800072e   0x00000002   PAD
    0x08000730   0x08000730   0x00000080   Code   RO          722    .text               c_w.l(strcmpv7m.o)
    0x080007b0   0x080007b0   0x00000002   Code   RO          737    .text               c_w.l(use_no_semi.o)
    0x080007b2   0x080007b2   0x00000000   Code   RO          739    .text               c_w.l(indicate_semi.o)
    0x080007b2   0x080007b2   0x0000004a   Code   RO          740    .text               c_w.l(sys_stackheap_outer.o)
    0x080007fc   0x080007fc   0x00000012   Code   RO          746    .text               c_w.l(exit.o)
    0x0800080e   0x0800080e   0x0000000a   Code   RO          748    .text               c_w.l(defsig_exit.o)
    0x08000818   0x08000818   0x00000050   Code   RO          750    .text               c_w.l(defsig_rtmem_inner.o)
    0x08000868   0x08000868   0x0000000c   Code   RO          766    .text               c_w.l(sys_exit.o)
    0x08000874   0x08000874   0x00000032   Code   RO          776    .text               c_w.l(defsig_general.o)
    0x080008a6   0x080008a6   0x0000000e   Code   RO          796    .text               c_w.l(sys_wrch.o)
    0x080008b4   0x080008b4   0x00000014   Code   RO           15    i.Green_LED_Toggle  led.o
    0x080008c8   0x080008c8   0x00000040   Code   RO          241    i.Init_GPIO         timer_2_input_capture.o
    0x08000908   0x08000908   0x00000084   Code   RO          242    i.Init_Timer2       timer_2_input_capture.o
    0x0800098c   0x0800098c   0x0000009c   Code   RO           16    i.LED_Init          led.o
    0x08000a28   0x08000a28   0x000001d4   Code   RO          323    i.POST              console_display.o
    0x08000bfc   0x08000bfc   0x000000b4   Code   RO          324    i.POSTFAIL          console_display.o
    0x08000cb0   0x08000cb0   0x00000090   Code   RO          325    i.Parse_Str_To_Int  console_display.o
    0x08000d40   0x08000d40   0x00000116   Code   RO          326    i.Pop_Histogram     console_display.o
    0x08000e56   0x08000e56   0x00000002   PAD
    0x08000e58   0x08000e58   0x0000001c   Code   RO          150    i.Print             uart.o
    0x08000e74   0x08000e74   0x00000014   Code   RO           18    i.Red_LED_On        led.o
    0x08000e88   0x08000e88   0x00000040   Code   RO          327    i.SORTER            console_display.o
    0x08000ec8   0x08000ec8   0x00000034   Code   RO          243    i.Start_Timer2      timer_2_input_capture.o
    0x08000efc   0x08000efc   0x00000012   Code   RO          244    i.Stop_Timer2       timer_2_input_capture.o
    0x08000f0e   0x08000f0e   0x00000002   PAD
    0x08000f10   0x08000f10   0x00000184   Code   RO          216    i.System_Clock_Init  sysclock.o
    0x08001094   0x08001094   0x0000006c   Code   RO          245    i.TIM2_IRQHandler   timer_2_input_capture.o
    0x08001100   0x08001100   0x00000074   Code   RO          151    i.UART2_GPIO_Init   uart.o
    0x08001174   0x08001174   0x00000040   Code   RO          152    i.UART2_Init        uart.o
    0x080011b4   0x080011b4   0x00000014   Code   RO          153    i.USART_Delay       uart.o
    0x080011c8   0x080011c8   0x000000b4   Code   RO          155    i.USART_Init        uart.o
    0x0800127c   0x0800127c   0x00000014   Code   RO          156    i.USART_Read        uart.o
    0x08001290   0x08001290   0x00000040   Code   RO          157    i.USART_Write       uart.o
    0x080012d0   0x080012d0   0x0000001e   Code   RO          328    i.Verify_Input      console_display.o
    0x080012ee   0x080012ee   0x00000002   PAD
    0x080012f0   0x080012f0   0x000000b8   Code   RO          329    i.WELCOMEMESSAGE    console_display.o
    0x080013a8   0x080013a8   0x00000030   Code   RO          666    i.__ARM_fpclassify  m_wm.l(fpclassify.o)
    0x080013d8   0x080013d8   0x00000c80   Code   RO          523    i.__hardfp_pow      m_wm.l(pow.o)
    0x08002058   0x08002058   0x000000f8   Code   RO          668    i.__kernel_poly     m_wm.l(poly.o)
    0x08002150   0x08002150   0x00000030   Code   RO          646    i.__mathlib_dbl_divzero  m_wm.l(dunder.o)
    0x08002180   0x08002180   0x00000014   Code   RO          648    i.__mathlib_dbl_infnan2  m_wm.l(dunder.o)
    0x08002194   0x08002194   0x00000004   PAD
    0x08002198   0x08002198   0x00000020   Code   RO          649    i.__mathlib_dbl_invalid  m_wm.l(dunder.o)
    0x080021b8   0x080021b8   0x00000020   Code   RO          650    i.__mathlib_dbl_overflow  m_wm.l(dunder.o)
    0x080021d8   0x080021d8   0x00000020   Code   RO          652    i.__mathlib_dbl_underflow  m_wm.l(dunder.o)
    0x080021f8   0x080021f8   0x00000018   Code   RO          662    i.fabs              m_wm.l(fabs.o)
    0x08002210   0x08002210   0x00000010   Code   RO          246    i.get_delta_time    timer_2_input_capture.o
    0x08002220   0x08002220   0x00000034   Code   RO          103    i.main              main.o
    0x08002254   0x08002254   0x0000006e   Code   RO          673    i.sqrt              m_wm.l(sqrt.o)
    0x080022c2   0x080022c2   0x00000002   PAD
    0x080022c4   0x080022c4   0x0000006c   Code   RO          247    i.timeUpdate        timer_2_input_capture.o
    0x08002330   0x08002330   0x0000002c   Code   RO          580    locale$$code        c_w.l(lc_ctype_c.o)
    0x0800235c   0x0800235c   0x00000018   Code   RO          631    x$fpl$basic         fz_wm.l(basic.o)
    0x08002374   0x08002374   0x00000150   Code   RO          505    x$fpl$dadd          fz_wm.l(daddsub_clz.o)
    0x080024c4   0x080024c4   0x00000010   Code   RO          729    x$fpl$dcheck1       fz_wm.l(dcheck1.o)
    0x080024d4   0x080024d4   0x00000018   Code   RO          762    x$fpl$dcmpinf       fz_wm.l(dcmpi.o)
    0x080024ec   0x080024ec   0x000002b0   Code   RO          634    x$fpl$ddiv          fz_wm.l(ddiv.o)
    0x0800279c   0x0800279c   0x0000005e   Code   RO          511    x$fpl$dfix          fz_wm.l(dfix.o)
    0x080027fa   0x080027fa   0x0000002e   Code   RO          516    x$fpl$dflt          fz_wm.l(dflt_clz.o)
    0x08002828   0x08002828   0x00000078   Code   RO          731    x$fpl$dleqf         fz_wm.l(dleqf.o)
    0x080028a0   0x080028a0   0x00000154   Code   RO          521    x$fpl$dmul          fz_wm.l(dmul.o)
    0x080029f4   0x080029f4   0x0000009c   Code   RO          637    x$fpl$dnaninf       fz_wm.l(dnaninf.o)
    0x08002a90   0x08002a90   0x0000000c   Code   RO          639    x$fpl$dretinf       fz_wm.l(dretinf.o)
    0x08002a9c   0x08002a9c   0x0000006c   Code   RO          641    x$fpl$drleqf        fz_wm.l(drleqf.o)
    0x08002b08   0x08002b08   0x00000016   Code   RO          506    x$fpl$drsb          fz_wm.l(daddsub_clz.o)
    0x08002b1e   0x08002b1e   0x00000002   PAD
    0x08002b20   0x08002b20   0x00000198   Code   RO          733    x$fpl$dsqrt         fz_wm.l(dsqrt_umaal.o)
    0x08002cb8   0x08002cb8   0x000001d4   Code   RO          507    x$fpl$dsub          fz_wm.l(daddsub_clz.o)
    0x08002e8c   0x08002e8c   0x0000000a   Code   RO          735    x$fpl$fpinit        fz_wm.l(fpinit.o)
    0x08002e96   0x08002e96   0x00000064   Code   RO          764    x$fpl$retnan        fz_wm.l(retnan.o)
    0x08002efa   0x08002efa   0x0000005c   Code   RO          643    x$fpl$scalbn        fz_wm.l(scalbn.o)
    0x08002f56   0x08002f56   0x00000030   Code   RO          794    x$fpl$trapveneer    fz_wm.l(trapv.o)
    0x08002f86   0x08002f86   0x00000000   Code   RO          645    x$fpl$usenofp       fz_wm.l(usenofp.o)
    0x08002f86   0x08002f86   0x00000002   PAD
    0x08002f88   0x08002f88   0x00000088   Data   RO          526    .constdata          m_wm.l(pow.o)
    0x08003010   0x08003010   0x00000008   Data   RO          670    .constdata          m_wm.l(qnan.o)
    0x08003018   0x08003018   0x000000bc   Data   RO          332    .conststring        console_display.o
    0x080030d4   0x080030d4   0x00000020   Data   RO          826    Region$$Table       anon$$obj.o
    0x080030f4   0x080030f4   0x00000110   Data   RO          579    locale$$data        c_w.l(lc_ctype_c.o)


    Execution Region RW_IRAM1 (Exec base: 0x20000000, Load base: 0x08003204, Size: 0x000019d0, Max: 0x00018000, ABSOLUTE)

    Exec Addr    Load Addr    Size         Type   Attr      Idx    E Section Name        Object

    0x20000000   0x08003204   0x00000008   Data   RW          249    .data               timer_2_input_capture.o
    0x20000008   0x0800320c   0x0000006d   Data   RW          333    .data               console_display.o
    0x20000075   0x08003279   0x00000003   PAD
    0x20000078        -       0x00000fac   Zero   RW          248    .bss                timer_2_input_capture.o
    0x20001024        -       0x00000348   Zero   RW          330    .bss                console_display.o
    0x2000136c        -       0x00000060   Zero   RW          686    .bss                c_w.l(libspace.o)
    0x200013cc   0x08003279   0x00000004   PAD
    0x200013d0        -       0x00000200   Zero   RW            2    HEAP                startup_stm32l476xx.o
    0x200015d0        -       0x00000400   Zero   RW            1    STACK               startup_stm32l476xx.o


==============================================================================

Image component sizes


      Code (inc. data)   RO Data    RW Data    ZI Data      Debug   Object Name

      1348        430        188        109        840       6127   console_display.o
       196         24          0          0          0     661439   led.o
        52          4          0          0          0        507   main.o
       132         42        392          0       1536        844   startup_stm32l476xx.o
       388          8          0          0          0        600   sysclock.o
       498         44          0          8       4012      34646   timer_2_input_capture.o
       492         36          0          0          0       3813   uart.o

    ----------------------------------------------------------------------
      3112        588        612        120       6388     707976   Object Totals
         0          0         32          0          0          0   (incl. Generated)
         6          0          0          3          0          0   (incl. Padding)

    ----------------------------------------------------------------------

      Code (inc. data)   RO Data    RW Data    ZI Data      Debug   Library Member Name

        44          6          0          0          0         84   __2sprintf.o
         8          0          0          0          0         68   __main.o
       104          0          0          0          0         84   __printf.o
         0          0          0          0          0          0   __rtentry.o
        12          0          0          0          0          0   __rtentry2.o
         6          0          0          0          0          0   __rtentry4.o
        52          8          0          0          0          0   __scatter.o
        26          0          0          0          0          0   __scatter_copy.o
        28          0          0          0          0          0   __scatter_zi.o
        48          6          0          0          0         96   _printf_char_common.o
         6          0          0          0          0          0   _printf_d.o
       120         16          0          0          0         92   _printf_dec.o
       178          0          0          0          0         88   _printf_intcommon.o
         0          0          0          0          0          0   _printf_percent.o
         4          0          0          0          0          0   _printf_percent_end.o
        22          0          0          0          0        100   _rserrno.o
        10          0          0          0          0         68   _sputc.o
        10          0          0          0          0         68   defsig_exit.o
        50          0          0          0          0         88   defsig_general.o
        80         58          0          0          0         76   defsig_rtmem_inner.o
        14          0          0          0          0         80   defsig_rtmem_outer.o
        18          0          0          0          0         80   exit.o
        94          0          0          0          0         80   h1_alloc.o
        52          0          0          0          0         68   h1_extend.o
        78          0          0          0          0         80   h1_free.o
        14          0          0          0          0         84   h1_init.o
         6          0          0          0          0        152   heapauxi.o
         4          0          0          0          0        136   hguard.o
         0          0          0          0          0          0   indicate_semi.o
       138          0          0          0          0        168   init_alloc.o
        44         10        272          0          0         76   lc_ctype_c.o
         2          0          0          0          0          0   libinit.o
        32          0          0          0          0          0   libinit2.o
         2          0          0          0          0          0   libshutdown.o
         2          0          0          0          0          0   libshutdown2.o
         8          4          0          0         96         68   libspace.o
         0          0          0          0          0          0   maybetermalloc1.o
        16          4          0          0          0         76   rt_ctype_table.o
         8          4          0          0          0         68   rt_errno_addr_intlibspace.o
         8          4          0          0          0         68   rt_heap_descriptor_intlibspace.o
         8          4          0          0          0         68   rt_locale_intlibspace.o
        78          0          0          0          0         80   rt_memclr_w.o
         2          0          0          0          0          0   rtexit.o
        10          0          0          0          0          0   rtexit2.o
       128          0          0          0          0         68   strcmpv7m.o
        62          0          0          0          0         76   strlen.o
        12          4          0          0          0         68   sys_exit.o
        74          0          0          0          0         80   sys_stackheap_outer.o
        14          0          0          0          0         76   sys_wrch.o
         2          0          0          0          0         68   use_no_semi.o
        24          0          0          0          0        164   basic.o
       826         16          0          0          0        492   daddsub_clz.o
        16          4          0          0          0        116   dcheck1.o
        24          0          0          0          0        116   dcmpi.o
       688        140          0          0          0        256   ddiv.o
        94          4          0          0          0        140   dfix.o
        46          0          0          0          0        116   dflt_clz.o
       120          4          0          0          0        140   dleqf.o
       340         12          0          0          0        152   dmul.o
       156          4          0          0          0        140   dnaninf.o
        12          0          0          0          0        116   dretinf.o
       108          0          0          0          0        128   drleqf.o
       408         56          0          0          0        168   dsqrt_umaal.o
        10          0          0          0          0        116   fpinit.o
       100          0          0          0          0        116   retnan.o
        92          0          0          0          0        116   scalbn.o
        48          0          0          0          0        116   trapv.o
         0          0          0          0          0          0   usenofp.o
       164         44          0          0          0        620   dunder.o
        24          0          0          0          0        124   fabs.o
        48          0          0          0          0        124   fpclassify.o
       248          0          0          0          0        152   poly.o
      3200        296        136          0          0        352   pow.o
         0          0          8          0          0          0   qnan.o
       110          0          0          0          0        148   sqrt.o

    ----------------------------------------------------------------------
      8664        708        416          0        100       7008   Library Totals
        20          0          0          0          4          0   (incl. Padding)

    ----------------------------------------------------------------------

      Code (inc. data)   RO Data    RW Data    ZI Data      Debug   Library Name

      1738        128        272          0         96       2780   c_w.l
      3112        240          0          0          0       2708   fz_wm.l
      3794        340        144          0          0       1520   m_wm.l

    ----------------------------------------------------------------------
      8664        708        416          0        100       7008   Library Totals

    ----------------------------------------------------------------------

==============================================================================


      Code (inc. data)   RO Data    RW Data    ZI Data      Debug   

     11776       1296       1028        120       6488     708424   Grand Totals
     11776       1296       1028        120       6488     708424   ELF Image Totals
     11776       1296       1028        120          0          0   ROM Totals

==============================================================================

    Total RO  Size (Code + RO Data)                12804 (  12.50kB)
    Total RW  Size (RW Data + ZI Data)              6608 (   6.45kB)
    Total ROM Size (Code + RO Data + RW Data)      12924 (  12.62kB)

==============================================================================

